Archive member included to satisfy reference by file (symbol)

c:/program files (x86)/embitz/1.11/share/em_armgcc/bin/../lib/gcc/arm-none-eabi/5.4.1/../../../../arm-none-eabi/lib/armv7-m\libm.a(lib_a-s_round.o)
                              obj\debug\src\radio\sx1272-fsk.o (round)
c:/program files (x86)/embitz/1.11/share/em_armgcc/bin/../lib/gcc/arm-none-eabi/5.4.1/../../../../arm-none-eabi/lib/armv7-m\libm.a(lib_a-w_pow.o)
                              obj\debug\src\radio\sx1272-fskmisc.o (pow)
c:/program files (x86)/embitz/1.11/share/em_armgcc/bin/../lib/gcc/arm-none-eabi/5.4.1/../../../../arm-none-eabi/lib/armv7-m\libm.a(lib_a-e_pow.o)
                              c:/program files (x86)/embitz/1.11/share/em_armgcc/bin/../lib/gcc/arm-none-eabi/5.4.1/../../../../arm-none-eabi/lib/armv7-m\libm.a(lib_a-w_pow.o) (__ieee754_pow)
c:/program files (x86)/embitz/1.11/share/em_armgcc/bin/../lib/gcc/arm-none-eabi/5.4.1/../../../../arm-none-eabi/lib/armv7-m\libm.a(lib_a-e_sqrt.o)
                              c:/program files (x86)/embitz/1.11/share/em_armgcc/bin/../lib/gcc/arm-none-eabi/5.4.1/../../../../arm-none-eabi/lib/armv7-m\libm.a(lib_a-e_pow.o) (__ieee754_sqrt)
c:/program files (x86)/embitz/1.11/share/em_armgcc/bin/../lib/gcc/arm-none-eabi/5.4.1/../../../../arm-none-eabi/lib/armv7-m\libm.a(lib_a-s_fabs.o)
                              c:/program files (x86)/embitz/1.11/share/em_armgcc/bin/../lib/gcc/arm-none-eabi/5.4.1/../../../../arm-none-eabi/lib/armv7-m\libm.a(lib_a-e_pow.o) (fabs)
c:/program files (x86)/embitz/1.11/share/em_armgcc/bin/../lib/gcc/arm-none-eabi/5.4.1/../../../../arm-none-eabi/lib/armv7-m\libm.a(lib_a-s_finite.o)
                              c:/program files (x86)/embitz/1.11/share/em_armgcc/bin/../lib/gcc/arm-none-eabi/5.4.1/../../../../arm-none-eabi/lib/armv7-m\libm.a(lib_a-w_pow.o) (finite)
c:/program files (x86)/embitz/1.11/share/em_armgcc/bin/../lib/gcc/arm-none-eabi/5.4.1/../../../../arm-none-eabi/lib/armv7-m\libm.a(lib_a-s_lib_ver.o)
                              c:/program files (x86)/embitz/1.11/share/em_armgcc/bin/../lib/gcc/arm-none-eabi/5.4.1/../../../../arm-none-eabi/lib/armv7-m\libm.a(lib_a-w_pow.o) (__fdlib_version)
c:/program files (x86)/embitz/1.11/share/em_armgcc/bin/../lib/gcc/arm-none-eabi/5.4.1/../../../../arm-none-eabi/lib/armv7-m\libm.a(lib_a-s_matherr.o)
                              c:/program files (x86)/embitz/1.11/share/em_armgcc/bin/../lib/gcc/arm-none-eabi/5.4.1/../../../../arm-none-eabi/lib/armv7-m\libm.a(lib_a-w_pow.o) (matherr)
c:/program files (x86)/embitz/1.11/share/em_armgcc/bin/../lib/gcc/arm-none-eabi/5.4.1/../../../../arm-none-eabi/lib/armv7-m\libm.a(lib_a-s_nan.o)
                              c:/program files (x86)/embitz/1.11/share/em_armgcc/bin/../lib/gcc/arm-none-eabi/5.4.1/../../../../arm-none-eabi/lib/armv7-m\libm.a(lib_a-e_pow.o) (nan)
c:/program files (x86)/embitz/1.11/share/em_armgcc/bin/../lib/gcc/arm-none-eabi/5.4.1/../../../../arm-none-eabi/lib/armv7-m\libm.a(lib_a-s_rint.o)
                              c:/program files (x86)/embitz/1.11/share/em_armgcc/bin/../lib/gcc/arm-none-eabi/5.4.1/../../../../arm-none-eabi/lib/armv7-m\libm.a(lib_a-w_pow.o) (rint)
c:/program files (x86)/embitz/1.11/share/em_armgcc/bin/../lib/gcc/arm-none-eabi/5.4.1/../../../../arm-none-eabi/lib/armv7-m\libm.a(lib_a-s_scalbn.o)
                              c:/program files (x86)/embitz/1.11/share/em_armgcc/bin/../lib/gcc/arm-none-eabi/5.4.1/../../../../arm-none-eabi/lib/armv7-m\libm.a(lib_a-e_pow.o) (scalbn)
c:/program files (x86)/embitz/1.11/share/em_armgcc/bin/../lib/gcc/arm-none-eabi/5.4.1/../../../../arm-none-eabi/lib/armv7-m\libm.a(lib_a-s_copysign.o)
                              c:/program files (x86)/embitz/1.11/share/em_armgcc/bin/../lib/gcc/arm-none-eabi/5.4.1/../../../../arm-none-eabi/lib/armv7-m\libm.a(lib_a-s_scalbn.o) (copysign)
c:/program files (x86)/embitz/1.11/share/em_armgcc/bin/../lib/gcc/arm-none-eabi/5.4.1/armv7-m\libgcc.a(_arm_addsubdf3.o)
                              obj\debug\src\radio\sx1272-fskmisc.o (__aeabi_dsub)
c:/program files (x86)/embitz/1.11/share/em_armgcc/bin/../lib/gcc/arm-none-eabi/5.4.1/armv7-m\libgcc.a(_arm_muldivdf3.o)
                              obj\debug\src\radio\sx1272-fsk.o (__aeabi_dmul)
c:/program files (x86)/embitz/1.11/share/em_armgcc/bin/../lib/gcc/arm-none-eabi/5.4.1/armv7-m\libgcc.a(_arm_cmpdf2.o)
                              c:/program files (x86)/embitz/1.11/share/em_armgcc/bin/../lib/gcc/arm-none-eabi/5.4.1/../../../../arm-none-eabi/lib/armv7-m\libm.a(lib_a-w_pow.o) (__aeabi_dcmpeq)
c:/program files (x86)/embitz/1.11/share/em_armgcc/bin/../lib/gcc/arm-none-eabi/5.4.1/armv7-m\libgcc.a(_arm_unorddf2.o)
                              c:/program files (x86)/embitz/1.11/share/em_armgcc/bin/../lib/gcc/arm-none-eabi/5.4.1/../../../../arm-none-eabi/lib/armv7-m\libm.a(lib_a-w_pow.o) (__aeabi_dcmpun)
[...]
Memory Configuration

Name             Origin             Length             Attributes
ROM              0x08000000         0x00010000         xr
RAM              0x20000000         0x00002800         xrw
*default*        0x00000000         0xffffffff

Linker script and memory map

LOAD c:/program files (x86)/embitz/1.11/share/em_armgcc/bin/../lib/gcc/arm-none-eabi/5.4.1/armv7-m/crti.o
LOAD c:/program files (x86)/embitz/1.11/share/em_armgcc/bin/../lib/gcc/arm-none-eabi/5.4.1/armv7-m/crtbegin.o
LOAD c:/program files (x86)/embitz/1.11/share/em_armgcc/bin/../lib/gcc/arm-none-eabi/5.4.1/../../../../arm-none-eabi/lib/armv7-m/crt0.o
                0x00000000                __HEAP_SIZE = 0x0
                0x00000100                __STACK_SIZE = 0x100

.text           0x08000000     0x443c
 *(.isr_vector)
 .isr_vector    0x08000000      0x124 obj\debug\src\startup_stm32l1xx_mdp.o
                0x08000000                __isr_vector
 *(.text*)
 .text          0x08000124       0x5c c:/program files (x86)/embitz/1.11/share/em_armgcc/bin/../lib/gcc/arm-none-eabi/5.4.1/armv7-m/crtbegin.o
 .text          0x08000180       0x74 c:/program files (x86)/embitz/1.11/share/em_armgcc/bin/../lib/gcc/arm-none-eabi/5.4.1/../../../../arm-none-eabi/lib/armv7-m/crt0.o
                0x08000180                _start
                0x08000180                _mainCRTStartup
 .text.OnMaster
                0x080001f4      0x140 obj\debug\apps\ping-pong\main.o
                0x080001f4                OnMaster
 .text.OnSlave  0x08000334       0xbc obj\debug\apps\ping-pong\main.o
                0x08000334                OnSlave
 .text.main     0x080003f0       0x40 obj\debug\apps\ping-pong\main.o
                0x080003f0                main
 .text.GPIO_Init
                0x08000430      0x12c obj\debug\spl\src\stm32l1xx_gpio.o
                0x08000430                GPIO_Init
 .text.GPIO_StructInit
                0x0800055c       0x34 obj\debug\spl\src\stm32l1xx_gpio.o
                0x0800055c                GPIO_StructInit
 .text.GPIO_WriteBit
                0x08000590       0x30 obj\debug\spl\src\stm32l1xx_gpio.o
                0x08000590                GPIO_WriteBit
 .text.GPIO_PinAFConfig
                0x080005c0       0x90 obj\debug\spl\src\stm32l1xx_gpio.o
                0x080005c0                GPIO_PinAFConfig
 .text.RCC_AHBPeriphClockCmd
                0x08000650       0x3c obj\debug\spl\src\stm32l1xx_rcc.o
                0x08000650                RCC_AHBPeriphClockCmd
 .text.RCC_APB1PeriphClockCmd
                0x0800068c       0x3c obj\debug\spl\src\stm32l1xx_rcc.o
                0x0800068c                RCC_APB1PeriphClockCmd
 .text.SPI_Init
                0x080006c8       0x88 obj\debug\spl\src\stm32l1xx_spi.o
                0x080006c8                SPI_Init
 .text.SPI_Cmd  0x08000750       0x40 obj\debug\spl\src\stm32l1xx_spi.o
                0x08000750                SPI_Cmd
 .text.SPI_I2S_ReceiveData
                0x08000790       0x18 obj\debug\spl\src\stm32l1xx_spi.o
                0x08000790                SPI_I2S_ReceiveData
 .text.SPI_I2S_SendData
                0x080007a8       0x1c obj\debug\spl\src\stm32l1xx_spi.o
                0x080007a8                SPI_I2S_SendData
 .text.SPI_I2S_GetFlagStatus
                0x080007c4       0x38 obj\debug\spl\src\stm32l1xx_spi.o
                0x080007c4                SPI_I2S_GetFlagStatus
 .text.RadioDriverInit
                0x080007fc       0x50 obj\debug\src\radio\radio.o
                0x080007fc                RadioDriverInit
 .text.SX1272FskSetOpMode
                0x0800084c       0x90 obj\debug\src\radio\sx1272-fsk.o
                0x0800084c                SX1272FskSetOpMode
 *fill*         0x080008dc        0x4 
 .text.SX1272FskReadAfc
                0x080008e0       0x6c obj\debug\src\radio\sx1272-fsk.o
                0x080008e0                SX1272FskReadAfc
 .text.SX1272FskReadRxGain
                0x0800094c       0x24 obj\debug\src\radio\sx1272-fsk.o
                0x0800094c                SX1272FskReadRxGain
 .text.SX1272FskReadRssi
                0x08000970       0x44 obj\debug\src\radio\sx1272-fsk.o
                0x08000970                SX1272FskReadRssi
 .text.SX1272FskGetRxPacket
                0x080009b4       0x38 obj\debug\src\radio\sx1272-fsk.o
                0x080009b4                SX1272FskGetRxPacket
 .text.SX1272FskSetTxPacket
                0x080009ec       0x3c obj\debug\src\radio\sx1272-fsk.o
                0x080009ec                SX1272FskSetTxPacket
 .text.SX1272FskGetPacketPayloadSize
                0x08000a28       0x90 obj\debug\src\radio\sx1272-fsk.o
                0x08000a28                SX1272FskGetPacketPayloadSize
 .text.SX1272FskSetRFState
                0x08000ab8       0x20 obj\debug\src\radio\sx1272-fsk.o
                0x08000ab8                SX1272FskSetRFState
 .text.SX1272FskProcess
                0x08000ad8      0x6e4 obj\debug\src\radio\sx1272-fsk.o
                0x08000ad8                SX1272FskProcess
 .text.SX1272LoRaInit
                0x080011bc       0xb8 obj\debug\src\radio\sx1272-lora.o
                0x080011bc                SX1272LoRaInit
 .text.SX1272LoRaSetDefaults
                0x08001274       0x34 obj\debug\src\radio\sx1272-lora.o
                0x08001274                SX1272LoRaSetDefaults
 .text.SX1272LoRaSetOpMode
                0x080012a8       0x90 obj\debug\src\radio\sx1272-lora.o
                0x080012a8                SX1272LoRaSetOpMode
 .text.SX1272LoRaReadRxGain
                0x08001338       0x24 obj\debug\src\radio\sx1272-lora.o
                0x08001338                SX1272LoRaReadRxGain
 .text.SX1272LoRaGetRxPacket
                0x0800135c       0x38 obj\debug\src\radio\sx1272-lora.o
                0x0800135c                SX1272LoRaGetRxPacket
 .text.SX1272LoRaSetTxPacket
                0x08001394       0x3c obj\debug\src\radio\sx1272-lora.o
                0x08001394                SX1272LoRaSetTxPacket
 .text.SX1272LoRaSetRFState
                0x080013d0       0x20 obj\debug\src\radio\sx1272-lora.o
                0x080013d0                SX1272LoRaSetRFState
 .text.SX1272LoRaProcess
                0x080013f0      0x6bc obj\debug\src\radio\sx1272-lora.o
                0x080013f0                SX1272LoRaProcess
 *fill*         0x08001aac        0x4 
 .text.SX1272LoRaSetRFFrequency
                0x08001ab0       0x78 obj\debug\src\radio\sx1272-loramisc.o
                0x08001ab0                SX1272LoRaSetRFFrequency
 .text.SX1272LoRaSetRFPower
                0x08001b28      0x12c obj\debug\src\radio\sx1272-loramisc.o
                0x08001b28                SX1272LoRaSetRFPower
 .text.SX1272LoRaSetSignalBandwidth
                0x08001c54       0x5c obj\debug\src\radio\sx1272-loramisc.o
                0x08001c54                SX1272LoRaSetSignalBandwidth
 .text.SX1272LoRaSetSpreadingFactor
                0x08001cb0       0x88 obj\debug\src\radio\sx1272-loramisc.o
                0x08001cb0                SX1272LoRaSetSpreadingFactor
 .text.SX1272LoRaSetErrorCoding
                0x08001d38       0x5c obj\debug\src\radio\sx1272-loramisc.o
                0x08001d38                SX1272LoRaSetErrorCoding
 .text.SX1272LoRaSetPacketCrcOn
                0x08001d94       0x5c obj\debug\src\radio\sx1272-loramisc.o
                0x08001d94                SX1272LoRaSetPacketCrcOn
 .text.SX1272LoRaSetImplicitHeaderOn
                0x08001df0       0x5c obj\debug\src\radio\sx1272-loramisc.o
                0x08001df0                SX1272LoRaSetImplicitHeaderOn
 .text.SX1272LoRaSetPayloadLength
                0x08001e4c       0x3c obj\debug\src\radio\sx1272-loramisc.o
                0x08001e4c                SX1272LoRaSetPayloadLength
 .text.SX1272LoRaSetPa20dBm
                0x08001e88       0x50 obj\debug\src\radio\sx1272-loramisc.o
                0x08001e88                SX1272LoRaSetPa20dBm
 .text.SX1272LoRaSetSymbTimeout
                0x08001ed8       0x68 obj\debug\src\radio\sx1272-loramisc.o
                0x08001ed8                SX1272LoRaSetSymbTimeout
 .text.SX1272LoRaSetLowDatarateOptimize
                0x08001f40       0x50 obj\debug\src\radio\sx1272-loramisc.o
                0x08001f40                SX1272LoRaSetLowDatarateOptimize
 .text.SX1272LoRaSetNbTrigPeaks
                0x08001f90       0x58 obj\debug\src\radio\sx1272-loramisc.o
                0x08001f90                SX1272LoRaSetNbTrigPeaks
 .text.SX1272Init
                0x08001fe8       0x40 obj\debug\src\radio\sx1272.o
                0x08001fe8                SX1272Init
 .text.SX1272Reset
                0x08002028       0x44 obj\debug\src\radio\sx1272.o
                0x08002028                SX1272Reset
 .text.SX1272SetLoRaOn
                0x0800206c       0xd8 obj\debug\src\radio\sx1272.o
                0x0800206c                SX1272SetLoRaOn
 .text.SX1272StartRx
                0x08002144       0x28 obj\debug\src\radio\sx1272.o
                0x08002144                SX1272StartRx
 .text.SX1272GetRxPacket
                0x0800216c       0x38 obj\debug\src\radio\sx1272.o
                0x0800216c                SX1272GetRxPacket
 .text.SX1272SetTxPacket
                0x080021a4       0x3c obj\debug\src\radio\sx1272.o
                0x080021a4                SX1272SetTxPacket
 .text.SX1272Process
                0x080021e0       0x28 obj\debug\src\radio\sx1272.o
                0x080021e0                SX1272Process
 .text          0x08002208       0xd0 obj\debug\src\startup_stm32l1xx_mdp.o
                0x08002208                Reset_Handler
                0x08002250                HardFault_Handler
                0x08002260                Default_Handler
                0x08002262                WWDG_IRQHandler
                0x08002264                PVD_IRQHandler
                0x08002266                TAMPER_STAMP_IRQHandler
                0x08002268                RTC_WKUP_IRQHandler
                0x0800226a                FLASH_IRQHandler
                0x0800226c                RCC_IRQHandler
                0x0800226e                EXTI0_IRQHandler
                0x08002270                EXTI1_IRQHandler
                0x08002272                EXTI2_IRQHandler
                0x08002274                EXTI3_IRQHandler
                0x08002276                EXTI4_IRQHandler
                0x08002278                DMA1_Channel1_IRQHandler
                0x0800227a                DMA1_Channel2_IRQHandler
                0x0800227c                DMA1_Channel3_IRQHandler
                0x0800227e                DMA1_Channel4_IRQHandler
                0x08002280                DMA1_Channel5_IRQHandler
                0x08002282                DMA1_Channel6_IRQHandler
                0x08002284                DMA1_Channel7_IRQHandler
                0x08002286                ADC1_IRQHandler
                0x08002288                USB_HP_IRQHandler
                0x0800228a                USB_LP_IRQHandler
                0x0800228c                DAC_IRQHandler
                0x0800228e                COMP_IRQHandler
                0x08002290                EXTI9_5_IRQHandler
                0x08002292                LCD_IRQHandler
                0x08002294                TIM9_IRQHandler
                0x08002296                TIM10_IRQHandler
                0x08002298                TIM11_IRQHandler
                0x0800229a                TIM2_IRQHandler
                0x0800229c                TIM3_IRQHandler
                0x0800229e                TIM4_IRQHandler
                0x080022a0                I2C1_EV_IRQHandler
                0x080022a2                I2C1_ER_IRQHandler
                0x080022a4                I2C2_EV_IRQHandler
                0x080022a6                I2C2_ER_IRQHandler
                0x080022a8                SPI1_IRQHandler
                0x080022aa                SPI2_IRQHandler
                0x080022ac                USART1_IRQHandler
                0x080022ae                USART2_IRQHandler
                0x080022b0                USART3_IRQHandler
                0x080022b2                EXTI15_10_IRQHandler
                0x080022b4                RTC_Alarm_IRQHandler
                0x080022b6                USB_FS_WKUP_IRQHandler
                0x080022b8                TIM6_IRQHandler
                0x080022ba                TIM7_IRQHandler
                0x080022bc                TIM5_IRQHandler
                0x080022be                SPI3_IRQHandler
                0x080022c0                DMA2_Channel1_IRQHandler
                0x080022c2                DMA2_Channel2_IRQHandler
                0x080022c4                DMA2_Channel3_IRQHandler
                0x080022c6                DMA2_Channel4_IRQHandler
                0x080022c8                DMA2_Channel5_IRQHandler
                0x080022ca                AES_IRQHandler
                0x080022cc                COMP_ACQ_IRQHandler
 .text.SystemInit
                0x080022d8       0x68 obj\debug\src\system_stm32l1xx.o
                0x080022d8                SystemInit
 .text.SetSysClock
                0x08002340      0x120 obj\debug\src\system_stm32l1xx.o
 .text.LedInit  0x08002460       0x6c obj\debug\src\xrange\led.o
                0x08002460                LedInit
 .text.LedOn    0x080024cc       0x34 obj\debug\src\xrange\led.o
                0x080024cc                LedOn
 .text.LedOff   0x08002500       0x34 obj\debug\src\xrange\led.o
                0x08002500                LedOff
 .text.LedToggle
                0x08002534       0x40 obj\debug\src\xrange\led.o
                0x08002534                LedToggle
 .text.SpiInit  0x08002574       0xcc obj\debug\src\xrange\spi.o
                0x08002574                SpiInit
 .text.SpiInOut
                0x08002640       0x3c obj\debug\src\xrange\spi.o
                0x08002640                SpiInOut
 .text.NMI_Handler
                0x0800267c        0xc obj\debug\src\xrange\stm32fxxx_it.o
                0x0800267c                NMI_Handler
 .text.MemManage_Handler
                0x08002688        0x8 obj\debug\src\xrange\stm32fxxx_it.o
                0x08002688                MemManage_Handler
 .text.BusFault_Handler
                0x08002690        0x8 obj\debug\src\xrange\stm32fxxx_it.o
                0x08002690                BusFault_Handler
 .text.UsageFault_Handler
                0x08002698        0x8 obj\debug\src\xrange\stm32fxxx_it.o
                0x08002698                UsageFault_Handler
 .text.SVC_Handler
                0x080026a0        0xc obj\debug\src\xrange\stm32fxxx_it.o
                0x080026a0                SVC_Handler
 .text.DebugMon_Handler
                0x080026ac        0xc obj\debug\src\xrange\stm32fxxx_it.o
                0x080026ac                DebugMon_Handler
 .text.PendSV_Handler
                0x080026b8        0xc obj\debug\src\xrange\stm32fxxx_it.o
                0x080026b8                PendSV_Handler
 .text.SysTick_Handler
                0x080026c4       0x1c obj\debug\src\xrange\stm32fxxx_it.o
                0x080026c4                SysTick_Handler
 .text.SX1272InitIo
                0x080026e0       0xc4 obj\debug\src\xrange\sx1272-hal.o
                0x080026e0                SX1272InitIo
 .text.SX1272SetReset
                0x080027a4       0x58 obj\debug\src\xrange\sx1272-hal.o
                0x080027a4                SX1272SetReset
 .text.SX1272Write
                0x080027fc       0x24 obj\debug\src\xrange\sx1272-hal.o
                0x080027fc                SX1272Write
 .text.SX1272Read
                0x08002820       0x20 obj\debug\src\xrange\sx1272-hal.o
                0x08002820                SX1272Read
 .text.SX1272WriteBuffer
                0x08002840       0x64 obj\debug\src\xrange\sx1272-hal.o
                0x08002840                SX1272WriteBuffer
 .text.SX1272ReadBuffer
                0x080028a4       0x68 obj\debug\src\xrange\sx1272-hal.o
                0x080028a4                SX1272ReadBuffer
 .text.SX1272WriteFifo
                0x0800290c       0x20 obj\debug\src\xrange\sx1272-hal.o
                0x0800290c                SX1272WriteFifo
 .text.SX1272ReadFifo
                0x0800292c       0x20 obj\debug\src\xrange\sx1272-hal.o
                0x0800292c                SX1272ReadFifo
 .text.Delay    0x0800294c       0x2c obj\debug\src\xrange\utility.o
                0x0800294c                Delay
 .text.NVIC_SetPriority
                0x08002978       0x54 obj\debug\src\xrange\xrange-hal.o
 .text.SysTick_Config
                0x080029cc       0x44 obj\debug\src\xrange\xrange-hal.o
 .text.BoardInit
                0x08002a10       0x64 obj\debug\src\xrange\xrange-hal.o
                0x08002a10                BoardInit
 .text.round    0x08002a74       0xa0 c:/program files (x86)/embitz/1.11/share/em_armgcc/bin/../lib/gcc/arm-none-eabi/5.4.1/../../../../arm-none-eabi/lib/armv7-m\libm.a(lib_a-s_round.o)
                0x08002a74                round
 .text          0x08002b14      0x370 c:/program files (x86)/embitz/1.11/share/em_armgcc/bin/../lib/gcc/arm-none-eabi/5.4.1/armv7-m\libgcc.a(_arm_addsubdf3.o)
                0x08002b14                __aeabi_drsub
                0x08002b1c                __aeabi_dsub
                0x08002b1c                __subdf3
                0x08002b20                __aeabi_dadd
                0x08002b20                __adddf3
                0x08002d98                __floatunsidf
                0x08002d98                __aeabi_ui2d
                0x08002db8                __floatsidf
                0x08002db8                __aeabi_i2d
                0x08002ddc                __aeabi_f2d
                0x08002ddc                __extendsfdf2
                0x08002e18                __floatundidf
                0x08002e18                __aeabi_ul2d
                0x08002e28                __floatdidf
                0x08002e28                __aeabi_l2d
 .text          0x08002e84      0x424 c:/program files (x86)/embitz/1.11/share/em_armgcc/bin/../lib/gcc/arm-none-eabi/5.4.1/armv7-m\libgcc.a(_arm_muldivdf3.o)
                0x08002e84                __aeabi_dmul
                0x08002e84                __muldf3
                0x080030d8                __divdf3
                0x080030d8                __aeabi_ddiv
 .text          0x080032a8       0x50 c:/program files (x86)/embitz/1.11/share/em_armgcc/bin/../lib/gcc/arm-none-eabi/5.4.1/armv7-m\libgcc.a(_arm_fixdfsi.o)
                0x080032a8                __aeabi_d2iz
                0x080032a8                __fixdfsi
 .text          0x080032f8       0x40 c:/program files (x86)/embitz/1.11/share/em_armgcc/bin/../lib/gcc/arm-none-eabi/5.4.1/armv7-m\libgcc.a(_arm_fixunsdfsi.o)
                0x080032f8                __aeabi_d2uiz
                0x080032f8                __fixunsdfsi
 .text.exit     0x08003338       0x28 c:/program files (x86)/embitz/1.11/share/em_armgcc/bin/../lib/gcc/arm-none-eabi/5.4.1/../../../../arm-none-eabi/lib/armv7-m\libg_n.a(lib_a-exit.o)
                0x08003338                exit
 .text.__libc_init_array
                0x08003360       0x4c c:/program files (x86)/embitz/1.11/share/em_armgcc/bin/../lib/gcc/arm-none-eabi/5.4.1/../../../../arm-none-eabi/lib/armv7-m\libg_n.a(lib_a-init.o)
                0x08003360                __libc_init_array
 .text.memcpy   0x080033ac       0x16 c:/program files (x86)/embitz/1.11/share/em_armgcc/bin/../lib/gcc/arm-none-eabi/5.4.1/../../../../arm-none-eabi/lib/armv7-m\libg_n.a(lib_a-memcpy-stub.o)
                0x080033ac                memcpy
 .text.memset   0x080033c2       0x10 c:/program files (x86)/embitz/1.11/share/em_armgcc/bin/../lib/gcc/arm-none-eabi/5.4.1/../../../../arm-none-eabi/lib/armv7-m\libg_n.a(lib_a-memset.o)
                0x080033c2                memset
 *fill*         0x080033d2        0x2 
 .text.printf   0x080033d4       0x30 c:/program files (x86)/embitz/1.11/share/em_armgcc/bin/../lib/gcc/arm-none-eabi/5.4.1/../../../../arm-none-eabi/lib/armv7-m\libg_n.a(lib_a-printf.o)
                0x080033d4                iprintf
                0x080033d4                printf
 .text.strncmp  0x08003404       0x2a c:/program files (x86)/embitz/1.11/share/em_armgcc/bin/../lib/gcc/arm-none-eabi/5.4.1/../../../../arm-none-eabi/lib/armv7-m\libg_n.a(lib_a-strncmp.o)
                0x08003404                strncmp
 *fill*         0x0800342e        0x2 
 .text._cleanup_r
                0x08003430        0xc c:/program files (x86)/embitz/1.11/share/em_armgcc/bin/../lib/gcc/arm-none-eabi/5.4.1/../../../../arm-none-eabi/lib/armv7-m\libg_n.a(lib_a-findfp.o)
                0x08003430                _cleanup_r
 .text.std.isra.0
                0x0800343c       0x48 c:/program files (x86)/embitz/1.11/share/em_armgcc/bin/../lib/gcc/arm-none-eabi/5.4.1/../../../../arm-none-eabi/lib/armv7-m\libg_n.a(lib_a-findfp.o)
 .text.__sfmoreglue
                0x08003484       0x2c c:/program files (x86)/embitz/1.11/share/em_armgcc/bin/../lib/gcc/arm-none-eabi/5.4.1/../../../../arm-none-eabi/lib/armv7-m\libg_n.a(lib_a-findfp.o)
                0x08003484                __sfmoreglue
 .text.__sinit  0x080034b0       0x60 c:/program files (x86)/embitz/1.11/share/em_armgcc/bin/../lib/gcc/arm-none-eabi/5.4.1/../../../../arm-none-eabi/lib/armv7-m\libg_n.a(lib_a-findfp.o)
                0x080034b0                __sinit
 .text.__sfp    0x08003510       0x78 c:/program files (x86)/embitz/1.11/share/em_armgcc/bin/../lib/gcc/arm-none-eabi/5.4.1/../../../../arm-none-eabi/lib/armv7-m\libg_n.a(lib_a-findfp.o)
                0x08003510                __sfp
 .text._fwalk_reent
                0x08003588       0x3c c:/program files (x86)/embitz/1.11/share/em_armgcc/bin/../lib/gcc/arm-none-eabi/5.4.1/../../../../arm-none-eabi/lib/armv7-m\libg_n.a(lib_a-fwalk.o)
                0x08003588                _fwalk_reent
 .text._malloc_r
                0x080035c4       0xbc c:/program files (x86)/embitz/1.11/share/em_armgcc/bin/../lib/gcc/arm-none-eabi/5.4.1/../../../../arm-none-eabi/lib/armv7-m\libg_n.a(lib_a-nano-mallocr.o)
                0x080035c4                _malloc_r
 .text.__sfputc_r
                0x08003680       0x2c c:/program files (x86)/embitz/1.11/share/em_armgcc/bin/../lib/gcc/arm-none-eabi/5.4.1/../../../../arm-none-eabi/lib/armv7-m\libg_n.a(lib_a-nano-vfprintf.o)
 .text.__sfputs_r
                0x080036ac       0x24 c:/program files (x86)/embitz/1.11/share/em_armgcc/bin/../lib/gcc/arm-none-eabi/5.4.1/../../../../arm-none-eabi/lib/armv7-m\libg_n.a(lib_a-nano-vfprintf.o)
                0x080036ac                __sfputs_r
 .text._vfprintf_r
                0x080036d0      0x238 c:/program files (x86)/embitz/1.11/share/em_armgcc/bin/../lib/gcc/arm-none-eabi/5.4.1/../../../../arm-none-eabi/lib/armv7-m\libg_n.a(lib_a-nano-vfprintf.o)
                0x080036d0                _vfprintf_r
                0x080036d0                _vfiprintf_r
 .text._printf_common
                0x08003908       0xec c:/program files (x86)/embitz/1.11/share/em_armgcc/bin/../lib/gcc/arm-none-eabi/5.4.1/../../../../arm-none-eabi/lib/armv7-m\libg_n.a(lib_a-nano-vfprintf_i.o)
                0x08003908                _printf_common
 .text._printf_i
                0x080039f4      0x24c c:/program files (x86)/embitz/1.11/share/em_armgcc/bin/../lib/gcc/arm-none-eabi/5.4.1/../../../../arm-none-eabi/lib/armv7-m\libg_n.a(lib_a-nano-vfprintf_i.o)
                0x080039f4                _printf_i
 .text._sbrk_r  0x08003c40       0x20 c:/program files (x86)/embitz/1.11/share/em_armgcc/bin/../lib/gcc/arm-none-eabi/5.4.1/../../../../arm-none-eabi/lib/armv7-m\libg_n.a(lib_a-sbrkr.o)
                0x08003c40                _sbrk_r
 .text.__sread  0x08003c60       0x22 c:/program files (x86)/embitz/1.11/share/em_armgcc/bin/../lib/gcc/arm-none-eabi/5.4.1/../../../../arm-none-eabi/lib/armv7-m\libg_n.a(lib_a-stdio.o)
                0x08003c60                __sread
 .text.__swrite
                0x08003c82       0x38 c:/program files (x86)/embitz/1.11/share/em_armgcc/bin/../lib/gcc/arm-none-eabi/5.4.1/../../../../arm-none-eabi/lib/armv7-m\libg_n.a(lib_a-stdio.o)
                0x08003c82                __swrite
 .text.__sseek  0x08003cba       0x24 c:/program files (x86)/embitz/1.11/share/em_armgcc/bin/../lib/gcc/arm-none-eabi/5.4.1/../../../../arm-none-eabi/lib/armv7-m\libg_n.a(lib_a-stdio.o)
                0x08003cba                __sseek
 .text.__sclose
                0x08003cde        0x8 c:/program files (x86)/embitz/1.11/share/em_armgcc/bin/../lib/gcc/arm-none-eabi/5.4.1/../../../../arm-none-eabi/lib/armv7-m\libg_n.a(lib_a-stdio.o)
                0x08003cde                __sclose
 *fill*         0x08003ce6        0x2 
 .text.__swbuf_r
                0x08003ce8       0xa8 c:/program files (x86)/embitz/1.11/share/em_armgcc/bin/../lib/gcc/arm-none-eabi/5.4.1/../../../../arm-none-eabi/lib/armv7-m\libg_n.a(lib_a-wbuf.o)
                0x08003ce8                __swbuf_r
 .text._write_r
                0x08003d90       0x24 c:/program files (x86)/embitz/1.11/share/em_armgcc/bin/../lib/gcc/arm-none-eabi/5.4.1/../../../../arm-none-eabi/lib/armv7-m\libg_n.a(lib_a-writer.o)
                0x08003d90                _write_r
 .text.__swsetup_r
                0x08003db4       0xdc c:/program files (x86)/embitz/1.11/share/em_armgcc/bin/../lib/gcc/arm-none-eabi/5.4.1/../../../../arm-none-eabi/lib/armv7-m\libg_n.a(lib_a-wsetup.o)
                0x08003db4                __swsetup_r
 .text._close_r
                0x08003e90       0x20 c:/program files (x86)/embitz/1.11/share/em_armgcc/bin/../lib/gcc/arm-none-eabi/5.4.1/../../../../arm-none-eabi/lib/armv7-m\libg_n.a(lib_a-closer.o)
                0x08003e90                _close_r
 .text.__sflush_r
                0x08003eb0      0x10c c:/program files (x86)/embitz/1.11/share/em_armgcc/bin/../lib/gcc/arm-none-eabi/5.4.1/../../../../arm-none-eabi/lib/armv7-m\libg_n.a(lib_a-fflush.o)
                0x08003eb0                __sflush_r
 .text._fflush_r
                0x08003fbc       0x54 c:/program files (x86)/embitz/1.11/share/em_armgcc/bin/../lib/gcc/arm-none-eabi/5.4.1/../../../../arm-none-eabi/lib/armv7-m\libg_n.a(lib_a-fflush.o)
                0x08003fbc                _fflush_r
 .text._lseek_r
                0x08004010       0x24 c:/program files (x86)/embitz/1.11/share/em_armgcc/bin/../lib/gcc/arm-none-eabi/5.4.1/../../../../arm-none-eabi/lib/armv7-m\libg_n.a(lib_a-lseekr.o)
                0x08004010                _lseek_r
 .text.__swhatbuf_r
                0x08004034       0x46 c:/program files (x86)/embitz/1.11/share/em_armgcc/bin/../lib/gcc/arm-none-eabi/5.4.1/../../../../arm-none-eabi/lib/armv7-m\libg_n.a(lib_a-makebuf.o)
                0x08004034                __swhatbuf_r
 *fill*         0x0800407a        0x2 
 .text.__smakebuf_r
                0x0800407c       0x78 c:/program files (x86)/embitz/1.11/share/em_armgcc/bin/../lib/gcc/arm-none-eabi/5.4.1/../../../../arm-none-eabi/lib/armv7-m\libg_n.a(lib_a-makebuf.o)
                0x0800407c                __smakebuf_r
 .text.memchr   0x080040f4       0x1c c:/program files (x86)/embitz/1.11/share/em_armgcc/bin/../lib/gcc/arm-none-eabi/5.4.1/../../../../arm-none-eabi/lib/armv7-m\libg_n.a(lib_a-memchr-stub.o)
                0x080040f4                memchr
 .text.__malloc_lock
                0x08004110        0x2 c:/program files (x86)/embitz/1.11/share/em_armgcc/bin/../lib/gcc/arm-none-eabi/5.4.1/../../../../arm-none-eabi/lib/armv7-m\libg_n.a(lib_a-mlock.o)
                0x08004110                __malloc_lock
 .text.__malloc_unlock
                0x08004112        0x2 c:/program files (x86)/embitz/1.11/share/em_armgcc/bin/../lib/gcc/arm-none-eabi/5.4.1/../../../../arm-none-eabi/lib/armv7-m\libg_n.a(lib_a-mlock.o)
                0x08004112                __malloc_unlock
 .text._free_r  0x08004114       0x98 c:/program files (x86)/embitz/1.11/share/em_armgcc/bin/../lib/gcc/arm-none-eabi/5.4.1/../../../../arm-none-eabi/lib/armv7-m\libg_n.a(lib_a-nano-freer.o)
                0x08004114                _free_r
 .text._read_r  0x080041ac       0x24 c:/program files (x86)/embitz/1.11/share/em_armgcc/bin/../lib/gcc/arm-none-eabi/5.4.1/../../../../arm-none-eabi/lib/armv7-m\libg_n.a(lib_a-readr.o)
                0x080041ac                _read_r
 .text._fstat_r
                0x080041d0       0x24 c:/program files (x86)/embitz/1.11/share/em_armgcc/bin/../lib/gcc/arm-none-eabi/5.4.1/../../../../arm-none-eabi/lib/armv7-m\libg_n.a(lib_a-fstatr.o)
                0x080041d0                _fstat_r
 .text._isatty_r
                0x080041f4       0x20 c:/program files (x86)/embitz/1.11/share/em_armgcc/bin/../lib/gcc/arm-none-eabi/5.4.1/../../../../arm-none-eabi/lib/armv7-m\libg_n.a(lib_a-isattyr.o)
                0x080041f4                _isatty_r
 .text._close   0x08004214       0x10 c:/program files (x86)/embitz/1.11/share/em_armgcc/bin/../lib/gcc/arm-none-eabi/5.4.1/../../../../arm-none-eabi/lib/armv7-m\libnosys_s.a(close.o)
                0x08004214                _close
 .text._fstat   0x08004224       0x10 c:/program files (x86)/embitz/1.11/share/em_armgcc/bin/../lib/gcc/arm-none-eabi/5.4.1/../../../../arm-none-eabi/lib/armv7-m\libnosys_s.a(fstat.o)
                0x08004224                _fstat
 .text._isatty  0x08004234       0x10 c:/program files (x86)/embitz/1.11/share/em_armgcc/bin/../lib/gcc/arm-none-eabi/5.4.1/../../../../arm-none-eabi/lib/armv7-m\libnosys_s.a(isatty.o)
                0x08004234                _isatty
 .text._lseek   0x08004244       0x10 c:/program files (x86)/embitz/1.11/share/em_armgcc/bin/../lib/gcc/arm-none-eabi/5.4.1/../../../../arm-none-eabi/lib/armv7-m\libnosys_s.a(lseek.o)
                0x08004244                _lseek
 .text._read    0x08004254       0x10 c:/program files (x86)/embitz/1.11/share/em_armgcc/bin/../lib/gcc/arm-none-eabi/5.4.1/../../../../arm-none-eabi/lib/armv7-m\libnosys_s.a(read.o)
                0x08004254                _read
 .text._sbrk    0x08004264       0x1c c:/program files (x86)/embitz/1.11/share/em_armgcc/bin/../lib/gcc/arm-none-eabi/5.4.1/../../../../arm-none-eabi/lib/armv7-m\libnosys_s.a(sbrk.o)
                0x08004264                _sbrk
 .text._write   0x08004280       0x10 c:/program files (x86)/embitz/1.11/share/em_armgcc/bin/../lib/gcc/arm-none-eabi/5.4.1/../../../../arm-none-eabi/lib/armv7-m\libnosys_s.a(write.o)
                0x08004280                _write
 .text._exit    0x08004290        0x2 c:/program files (x86)/embitz/1.11/share/em_armgcc/bin/../lib/gcc/arm-none-eabi/5.4.1/../../../../arm-none-eabi/lib/armv7-m\libnosys_s.a(_exit.o)
                0x08004290                _exit
 *(.init)
 *fill*         0x08004292        0x2 
 .init          0x08004294        0x4 c:/program files (x86)/embitz/1.11/share/em_armgcc/bin/../lib/gcc/arm-none-eabi/5.4.1/armv7-m/crti.o
                0x08004294                _init
 .init          0x08004298        0x8 c:/program files (x86)/embitz/1.11/share/em_armgcc/bin/../lib/gcc/arm-none-eabi/5.4.1/armv7-m/crtn.o
 *(.fini)
 .fini          0x080042a0        0x4 c:/program files (x86)/embitz/1.11/share/em_armgcc/bin/../lib/gcc/arm-none-eabi/5.4.1/armv7-m/crti.o
                0x080042a0                _fini
 .fini          0x080042a4        0x8 c:/program files (x86)/embitz/1.11/share/em_armgcc/bin/../lib/gcc/arm-none-eabi/5.4.1/armv7-m/crtn.o
 *crtbegin.o(.ctors)
 *crtbegin?.o(.ctors)
 *(EXCLUDE_FILE(*crtend.o *crtend?.o) .ctors)
 *(SORT(.ctors.*))
 *(.ctors)
 *crtbegin.o(.dtors)
 *crtbegin?.o(.dtors)
 *(EXCLUDE_FILE(*crtend.o *crtend?.o) .dtors)
 *(SORT(.dtors.*))
 *(.dtors)
 *(.rodata*)
 .rodata.PingMsg
                0x080042ac        0x5 obj\debug\apps\ping-pong\main.o
                0x080042ac                PingMsg
 *fill*         0x080042b1        0x3 
 .rodata.PongMsg
                0x080042b4        0x5 obj\debug\apps\ping-pong\main.o
                0x080042b4                PongMsg
 *fill*         0x080042b9        0x3 
 .rodata        0x080042bc        0x8 obj\debug\apps\ping-pong\main.o
 .rodata.HoppingFrequencies
                0x080042c4       0xcc obj\debug\src\radio\sx1272-lora.o
                0x080042c4                HoppingFrequencies
 .rodata.LedPin
                0x08004390        0x4 obj\debug\src\xrange\led.o
                0x08004390                LedPin
 .rodata.LedClk
                0x08004394        0x8 obj\debug\src\xrange\led.o
                0x08004394                LedClk
 .rodata.str1.1
                0x0800439c        0x2 c:/program files (x86)/embitz/1.11/share/em_armgcc/bin/../lib/gcc/arm-none-eabi/5.4.1/../../../../arm-none-eabi/lib/armv7-m\libg_n.a(lib_a-impure.o)
 *fill*         0x0800439e        0x2 
 .rodata._global_impure_ptr
                0x080043a0        0x4 c:/program files (x86)/embitz/1.11/share/em_armgcc/bin/../lib/gcc/arm-none-eabi/5.4.1/../../../../arm-none-eabi/lib/armv7-m\libg_n.a(lib_a-impure.o)
                0x080043a0                _global_impure_ptr
 .rodata.__sf_fake_stdin
                0x080043a4       0x20 c:/program files (x86)/embitz/1.11/share/em_armgcc/bin/../lib/gcc/arm-none-eabi/5.4.1/../../../../arm-none-eabi/lib/armv7-m\libg_n.a(lib_a-findfp.o)
                0x080043a4                __sf_fake_stdin
 .rodata.__sf_fake_stdout
                0x080043c4       0x20 c:/program files (x86)/embitz/1.11/share/em_armgcc/bin/../lib/gcc/arm-none-eabi/5.4.1/../../../../arm-none-eabi/lib/armv7-m\libg_n.a(lib_a-findfp.o)
                0x080043c4                __sf_fake_stdout
 .rodata.__sf_fake_stderr
                0x080043e4       0x20 c:/program files (x86)/embitz/1.11/share/em_armgcc/bin/../lib/gcc/arm-none-eabi/5.4.1/../../../../arm-none-eabi/lib/armv7-m\libg_n.a(lib_a-findfp.o)
                0x080043e4                __sf_fake_stderr
 .rodata.str1.1
                0x08004404       0x11 c:/program files (x86)/embitz/1.11/share/em_armgcc/bin/../lib/gcc/arm-none-eabi/5.4.1/../../../../arm-none-eabi/lib/armv7-m\libg_n.a(lib_a-nano-vfprintf.o)
 .rodata.str1.1
                0x08004415       0x22 c:/program files (x86)/embitz/1.11/share/em_armgcc/bin/../lib/gcc/arm-none-eabi/5.4.1/../../../../arm-none-eabi/lib/armv7-m\libg_n.a(lib_a-nano-vfprintf_i.o)
 *(.eh_frame*)
 *fill*         0x08004437        0x1 
 .eh_frame      0x08004438        0x0 c:/program files (x86)/embitz/1.11/share/em_armgcc/bin/../lib/gcc/arm-none-eabi/5.4.1/armv7-m/crtbegin.o
 .eh_frame      0x08004438        0x4 c:/program files (x86)/embitz/1.11/share/em_armgcc/bin/../lib/gcc/arm-none-eabi/5.4.1/armv7-m/crtend.o

.glue_7         0x0800443c        0x0
 .glue_7        0x0800443c        0x0 linker stubs

.glue_7t        0x0800443c        0x0
 .glue_7t       0x0800443c        0x0 linker stubs

.vfp11_veneer   0x0800443c        0x0
 .vfp11_veneer  0x0800443c        0x0 linker stubs

.v4_bx          0x0800443c        0x0
 .v4_bx         0x0800443c        0x0 linker stubs

.iplt           0x0800443c        0x0
 .iplt          0x0800443c        0x0 c:/program files (x86)/embitz/1.11/share/em_armgcc/bin/../lib/gcc/arm-none-eabi/5.4.1/armv7-m/crtbegin.o

.ARM.extab
 *(.ARM.extab* .gnu.linkonce.armextab.*)
                0x0800443c                __exidx_start = .

.ARM.exidx      0x0800443c        0x8
 *(.ARM.exidx* .gnu.linkonce.armexidx.*)
 .ARM.exidx     0x0800443c        0x8 c:/program files (x86)/embitz/1.11/share/em_armgcc/bin/../lib/gcc/arm-none-eabi/5.4.1/../../../../arm-none-eabi/lib/armv7-m/crt0.o
                0x08004444                __exidx_end = .
                0x08004444                __etext = .

.rel.dyn        0x08004444        0x0
 .rel.iplt      0x08004444        0x0 c:/program files (x86)/embitz/1.11/share/em_armgcc/bin/../lib/gcc/arm-none-eabi/5.4.1/armv7-m/crtbegin.o

.data           0x20000000       0xbc load address 0x08004444
                0x20000000                __data_start__ = .
 *(vtable)
 *(.data*)
 .data.BufferSize
                0x20000000        0x2 obj\debug\apps\ping-pong\main.o
 .data.EnableMaster
                0x20000002        0x1 obj\debug\apps\ping-pong\main.o
 *fill*         0x20000003        0x1 
 .data.LoRaSettings
                0x20000004       0x1c obj\debug\apps\ping-pong\main.o
                0x20000004                LoRaSettings
 .data.FskSettings
                0x20000020       0x1c obj\debug\src\radio\sx1272-fsk.o
                0x20000020                FskSettings
 .data.DataChunkSize
                0x2000003c        0x1 obj\debug\src\radio\sx1272-fsk.o
 .data.RxGain   0x2000003d        0x1 obj\debug\src\radio\sx1272-fsk.o
 .data.opModePrev.7968
                0x2000003e        0x1 obj\debug\src\radio\sx1272-fsk.o
 .data.antennaSwitchTxOnPrev.7969
                0x2000003f        0x1 obj\debug\src\radio\sx1272-fsk.o
 .data.RxGain   0x20000040        0x1 obj\debug\src\radio\sx1272-lora.o
 .data.opModePrev.7461
                0x20000041        0x1 obj\debug\src\radio\sx1272-lora.o
 .data.antennaSwitchTxOnPrev.7462
                0x20000042        0x1 obj\debug\src\radio\sx1272-lora.o
 *fill*         0x20000043        0x1 
 .data.SystemCoreClock
                0x20000044        0x4 obj\debug\src\system_stm32l1xx.o
                0x20000044                SystemCoreClock
 .data.LedPort  0x20000048        0x8 obj\debug\src\xrange\led.o
                0x20000048                LedPort
 .data.impure_data
                0x20000050       0x60 c:/program files (x86)/embitz/1.11/share/em_armgcc/bin/../lib/gcc/arm-none-eabi/5.4.1/../../../../arm-none-eabi/lib/armv7-m\libg_n.a(lib_a-impure.o)
 .data._impure_ptr
                0x200000b0        0x4 c:/program files (x86)/embitz/1.11/share/em_armgcc/bin/../lib/gcc/arm-none-eabi/5.4.1/../../../../arm-none-eabi/lib/armv7-m\libg_n.a(lib_a-impure.o)
                0x200000b0                _impure_ptr
                0x200000b4                . = ALIGN (0x4)
                0x200000b4                PROVIDE (__preinit_array_start, .)
 *(.preinit_array)
                0x200000b4                PROVIDE (__preinit_array_end, .)
                0x200000b4                . = ALIGN (0x4)
                0x200000b4                PROVIDE (__init_array_start, .)
 *(SORT(.init_array.*))
 *(.init_array)
 .init_array    0x200000b4        0x4 c:/program files (x86)/embitz/1.11/share/em_armgcc/bin/../lib/gcc/arm-none-eabi/5.4.1/armv7-m/crtbegin.o
                0x200000b8                PROVIDE (__init_array_end, .)
                0x200000b8                . = ALIGN (0x4)
                [!provide]                PROVIDE (__fini_array_start, .)
 *(SORT(.fini_array.*))
 *(.fini_array)
 .fini_array    0x200000b8        0x4 c:/program files (x86)/embitz/1.11/share/em_armgcc/bin/../lib/gcc/arm-none-eabi/5.4.1/armv7-m/crtbegin.o
                [!provide]                PROVIDE (__fini_array_end, .)
                0x200000bc                . = ALIGN (0x4)
                0x200000bc                __data_end__ = .

.jcr            0x200000bc        0x0 load address 0x08004500
 .jcr           0x200000bc        0x0 c:/program files (x86)/embitz/1.11/share/em_armgcc/bin/../lib/gcc/arm-none-eabi/5.4.1/armv7-m/crtbegin.o

.igot.plt       0x200000bc        0x0 load address 0x08004500
 .igot.plt      0x200000bc        0x0 c:/program files (x86)/embitz/1.11/share/em_armgcc/bin/../lib/gcc/arm-none-eabi/5.4.1/armv7-m/crtbegin.o

.bss            0x200000c0      0x320 load address 0x08004508
                0x200000c0                __bss_start__ = .
 *(.bss*)
 .bss           0x200000c0       0x1c c:/program files (x86)/embitz/1.11/share/em_armgcc/bin/../lib/gcc/arm-none-eabi/5.4.1/armv7-m/crtbegin.o
 .bss.Buffer    0x200000dc        0x9 obj\debug\apps\ping-pong\main.o
 *fill*         0x200000e5        0x3 
 .bss.Radio     0x200000e8        0x4 obj\debug\apps\ping-pong\main.o
                0x200000e8                Radio
 .bss.RFBuffer  0x200000ec      0x100 obj\debug\src\radio\sx1272-fsk.o
 .bss.RFState   0x200001ec        0x1 obj\debug\src\radio\sx1272-fsk.o
 *fill*         0x200001ed        0x3 
 .bss.PacketTimeout
                0x200001f0        0x4 obj\debug\src\radio\sx1272-fsk.o
 .bss.Preamble2SyncTimeout
                0x200001f4        0x4 obj\debug\src\radio\sx1272-fsk.o
 .bss.PreambleDetected
                0x200001f8        0x1 obj\debug\src\radio\sx1272-fsk.o
 .bss.SyncWordDetected
                0x200001f9        0x1 obj\debug\src\radio\sx1272-fsk.o
 .bss.PacketDetected
                0x200001fa        0x1 obj\debug\src\radio\sx1272-fsk.o
 *fill*         0x200001fb        0x1 
 .bss.RxPacketSize
                0x200001fc        0x2 obj\debug\src\radio\sx1272-fsk.o
 .bss.RxBytesRead
                0x200001fe        0x1 obj\debug\src\radio\sx1272-fsk.o
 .bss.TxBytesSent
                0x200001ff        0x1 obj\debug\src\radio\sx1272-fsk.o
 .bss.RxPacketRssiValue
                0x20000200        0x8 obj\debug\src\radio\sx1272-fsk.o
 .bss.RxPacketAfcValue
                0x20000208        0x4 obj\debug\src\radio\sx1272-fsk.o
 .bss.RxTimeoutTimer
                0x2000020c        0x4 obj\debug\src\radio\sx1272-fsk.o
 .bss.Preamble2SyncTimer
                0x20000210        0x4 obj\debug\src\radio\sx1272-fsk.o
 .bss.TxPacketSize
                0x20000214        0x2 obj\debug\src\radio\sx1272-fsk.o
 *fill*         0x20000216        0x2 
 .bss.TxTimeoutTimer
                0x20000218        0x4 obj\debug\src\radio\sx1272-fsk.o
 .bss.RFBuffer  0x2000021c      0x100 obj\debug\src\radio\sx1272-lora.o
 .bss.RFLRState
                0x2000031c        0x1 obj\debug\src\radio\sx1272-lora.o
 *fill*         0x2000031d        0x1 
 .bss.RxPacketSize
                0x2000031e        0x2 obj\debug\src\radio\sx1272-lora.o
 .bss.RxPacketSnrEstimate
                0x20000320        0x1 obj\debug\src\radio\sx1272-lora.o
 *fill*         0x20000321        0x7 
 .bss.RxPacketRssiValue
                0x20000328        0x8 obj\debug\src\radio\sx1272-lora.o
 .bss.RxTimeoutTimer
                0x20000330        0x4 obj\debug\src\radio\sx1272-lora.o
 .bss.PacketTimeout
                0x20000334        0x4 obj\debug\src\radio\sx1272-lora.o
 .bss.TxPacketSize
                0x20000338        0x2 obj\debug\src\radio\sx1272-lora.o
 .bss.LoRaOn    0x2000033a        0x1 obj\debug\src\radio\sx1272.o
 .bss.LoRaOnState
                0x2000033b        0x1 obj\debug\src\radio\sx1272.o
 .bss.TickCounter
                0x2000033c        0x4 obj\debug\src\xrange\utility.o
                0x2000033c                TickCounter
 .bss.__malloc_sbrk_start
                0x20000340        0x4 c:/program files (x86)/embitz/1.11/share/em_armgcc/bin/../lib/gcc/arm-none-eabi/5.4.1/../../../../arm-none-eabi/lib/armv7-m\libg_n.a(lib_a-nano-mallocr.o)
                0x20000340                __malloc_sbrk_start
 .bss.__malloc_free_list
                0x20000344        0x4 c:/program files (x86)/embitz/1.11/share/em_armgcc/bin/../lib/gcc/arm-none-eabi/5.4.1/../../../../arm-none-eabi/lib/armv7-m\libg_n.a(lib_a-nano-mallocr.o)
                0x20000344                __malloc_free_list
 .bss.heap_end.4167
                0x20000348        0x4 c:/program files (x86)/embitz/1.11/share/em_armgcc/bin/../lib/gcc/arm-none-eabi/5.4.1/../../../../arm-none-eabi/lib/armv7-m\libnosys_s.a(sbrk.o)
 *(COMMON)
 COMMON         0x2000034c       0x18 obj\debug\src\radio\radio.o
                0x2000034c                RadioDriver
 COMMON         0x20000364        0x4 obj\debug\src\radio\sx1272-fsk.o
                0x20000364                SX1272
 COMMON         0x20000368        0x4 obj\debug\src\radio\sx1272-lora.o
                0x20000368                SX1272LR
 COMMON         0x2000036c       0x70 obj\debug\src\radio\sx1272.o
                0x2000036c                SX1272Regs
 COMMON         0x200003dc        0x4 c:/program files (x86)/embitz/1.11/share/em_armgcc/bin/../lib/gcc/arm-none-eabi/5.4.1/../../../../arm-none-eabi/lib/armv7-m\libg_n.a(lib_a-reent.o)
                0x200003dc                errno
                0x200003e0                __bss_end__ = .

.heap           0x200003e0        0x0
                0x200003e0                __end__ = .
                0x200003e0                end = __end__
 *(.heap*)
 .heap          0x200003e0        0x0 obj\debug\src\startup_stm32l1xx_mdp.o
                0x200003e0                __HeapLimit = .

.stack_dummy    0x200003e0      0x100
 *(.stack)
 .stack         0x200003e0      0x100 obj\debug\src\startup_stm32l1xx_mdp.o
                0x20002800                __StackTop = (ORIGIN (RAM) + LENGTH (RAM))
                0x20002700                __StackLimit = (__StackTop - SIZEOF (.stack_dummy))
                0x20002800                PROVIDE (__stack, __StackTop)
                0x00000001                ASSERT ((__StackLimit >= __HeapLimit), region RAM overflowed with stack)
LOAD obj\debug\apps\ping-pong\main.o
LOAD obj\debug\spl\src\misc.o
LOAD obj\debug\spl\src\stm32l1xx_adc.o
LOAD obj\debug\spl\src\stm32l1xx_aes.o
LOAD obj\debug\spl\src\stm32l1xx_aes_util.o
LOAD obj\debug\spl\src\stm32l1xx_comp.o
LOAD obj\debug\spl\src\stm32l1xx_crc.o
LOAD obj\debug\spl\src\stm32l1xx_dac.o
LOAD obj\debug\spl\src\stm32l1xx_dbgmcu.o
LOAD obj\debug\spl\src\stm32l1xx_dma.o
LOAD obj\debug\spl\src\stm32l1xx_exti.o
LOAD obj\debug\spl\src\stm32l1xx_flash.o
LOAD obj\debug\spl\src\stm32l1xx_flash_ramfunc.o
LOAD obj\debug\spl\src\stm32l1xx_fsmc.o
LOAD obj\debug\spl\src\stm32l1xx_gpio.o
LOAD obj\debug\spl\src\stm32l1xx_i2c.o
LOAD obj\debug\spl\src\stm32l1xx_iwdg.o
LOAD obj\debug\spl\src\stm32l1xx_lcd.o
LOAD obj\debug\spl\src\stm32l1xx_opamp.o
LOAD obj\debug\spl\src\stm32l1xx_pwr.o
LOAD obj\debug\spl\src\stm32l1xx_rcc.o
LOAD obj\debug\spl\src\stm32l1xx_rtc.o
LOAD obj\debug\spl\src\stm32l1xx_sdio.o
LOAD obj\debug\spl\src\stm32l1xx_spi.o
LOAD obj\debug\spl\src\stm32l1xx_syscfg.o
LOAD obj\debug\spl\src\stm32l1xx_tim.o
LOAD obj\debug\spl\src\stm32l1xx_usart.o
LOAD obj\debug\spl\src\stm32l1xx_wwdg.o
LOAD obj\debug\src\radio\radio.o
LOAD obj\debug\src\radio\sx1272-fsk.o
LOAD obj\debug\src\radio\sx1272-fskmisc.o
LOAD obj\debug\src\radio\sx1272-lora.o
LOAD obj\debug\src\radio\sx1272-loramisc.o
LOAD obj\debug\src\radio\sx1272.o
LOAD obj\debug\src\startup_stm32l1xx_mdp.o
LOAD obj\debug\src\system_stm32l1xx.o
LOAD obj\debug\src\xrange\led.o
LOAD obj\debug\src\xrange\rtc.o
LOAD obj\debug\src\xrange\spi.o
LOAD obj\debug\src\xrange\stm32fxxx_it.o
LOAD obj\debug\src\xrange\sx1272-hal.o
LOAD obj\debug\src\xrange\utility.o
LOAD obj\debug\src\xrange\xrange-hal.o
LOAD c:/program files (x86)/embitz/1.11/share/em_armgcc/bin/../lib/gcc/arm-none-eabi/5.4.1/../../../../arm-none-eabi/lib/armv7-m\libm.a
START GROUP
LOAD c:/program files (x86)/embitz/1.11/share/em_armgcc/bin/../lib/gcc/arm-none-eabi/5.4.1/armv7-m\libgcc.a
LOAD c:/program files (x86)/embitz/1.11/share/em_armgcc/bin/../lib/gcc/arm-none-eabi/5.4.1/../../../../arm-none-eabi/lib/armv7-m\libg_n.a
LOAD c:/program files (x86)/embitz/1.11/share/em_armgcc/bin/../lib/gcc/arm-none-eabi/5.4.1/../../../../arm-none-eabi/lib/armv7-m\libc_n.a
END GROUP
START GROUP
LOAD c:/program files (x86)/embitz/1.11/share/em_armgcc/bin/../lib/gcc/arm-none-eabi/5.4.1/armv7-m\libgcc.a
LOAD c:/program files (x86)/embitz/1.11/share/em_armgcc/bin/../lib/gcc/arm-none-eabi/5.4.1/../../../../arm-none-eabi/lib/armv7-m\libc_n.a
LOAD c:/program files (x86)/embitz/1.11/share/em_armgcc/bin/../lib/gcc/arm-none-eabi/5.4.1/../../../../arm-none-eabi/lib/armv7-m\libnosys_s.a
END GROUP
LOAD c:/program files (x86)/embitz/1.11/share/em_armgcc/bin/../lib/gcc/arm-none-eabi/5.4.1/armv7-m/crtend.o
LOAD c:/program files (x86)/embitz/1.11/share/em_armgcc/bin/../lib/gcc/arm-none-eabi/5.4.1/armv7-m/crtn.o
OUTPUT(bin\Debug\XRange-stm32-libs.elf elf32-littlearm)

.ARM.attributes
                0x00000000       0x29
 .ARM.attributes
                0x00000000       0x1d c:/program files (x86)/embitz/1.11/share/em_armgcc/bin/../lib/gcc/arm-none-eabi/5.4.1/armv7-m/crti.o
 .ARM.attributes
                0x0000001d       0x2d c:/program files (x86)/embitz/1.11/share/em_armgcc/bin/../lib/gcc/arm-none-eabi/5.4.1/armv7-m/crtbegin.o
 .ARM.attributes
                0x0000004a       0x1b c:/program files (x86)/embitz/1.11/share/em_armgcc/bin/../lib/gcc/arm-none-eabi/5.4.1/../../../../arm-none-eabi/lib/armv7-m/crt0.o
 .ARM.attributes
                0x00000065       0x33 obj\debug\apps\ping-pong\main.o
 .ARM.attributes
                0x00000098       0x33 obj\debug\spl\src\stm32l1xx_gpio.o
 .ARM.attributes
                0x000000cb       0x33 obj\debug\spl\src\stm32l1xx_rcc.o
 .ARM.attributes
                0x000000fe       0x33 obj\debug\spl\src\stm32l1xx_spi.o
 .ARM.attributes
                0x00000131       0x33 obj\debug\src\radio\radio.o
 .ARM.attributes
                0x00000164       0x33 obj\debug\src\radio\sx1272-fsk.o
 .ARM.attributes
                0x00000197       0x33 obj\debug\src\radio\sx1272-lora.o
 .ARM.attributes
                0x000001ca       0x33 obj\debug\src\radio\sx1272-loramisc.o
 .ARM.attributes
                0x000001fd       0x33 obj\debug\src\radio\sx1272.o
 .ARM.attributes
                0x00000230       0x1b obj\debug\src\startup_stm32l1xx_mdp.o
 .ARM.attributes
                0x0000024b       0x33 obj\debug\src\system_stm32l1xx.o
 .ARM.attributes
                0x0000027e       0x33 obj\debug\src\xrange\led.o
 .ARM.attributes
                0x000002b1       0x33 obj\debug\src\xrange\spi.o
 .ARM.attributes
                0x000002e4       0x33 obj\debug\src\xrange\stm32fxxx_it.o
 .ARM.attributes
                0x00000317       0x33 obj\debug\src\xrange\sx1272-hal.o
 .ARM.attributes
                0x0000034a       0x33 obj\debug\src\xrange\utility.o
 .ARM.attributes
                0x0000037d       0x33 obj\debug\src\xrange\xrange-hal.o
 .ARM.attributes
                0x000003b0       0x2d c:/program files (x86)/embitz/1.11/share/em_armgcc/bin/../lib/gcc/arm-none-eabi/5.4.1/../../../../arm-none-eabi/lib/armv7-m\libm.a(lib_a-s_round.o)
 .ARM.attributes
                0x000003dd       0x1d c:/program files (x86)/embitz/1.11/share/em_armgcc/bin/../lib/gcc/arm-none-eabi/5.4.1/armv7-m\libgcc.a(_arm_addsubdf3.o)
 .ARM.attributes
                0x000003fa       0x1d c:/program files (x86)/embitz/1.11/share/em_armgcc/bin/../lib/gcc/arm-none-eabi/5.4.1/armv7-m\libgcc.a(_arm_muldivdf3.o)
 .ARM.attributes
                0x00000417       0x1d c:/program files (x86)/embitz/1.11/share/em_armgcc/bin/../lib/gcc/arm-none-eabi/5.4.1/armv7-m\libgcc.a(_arm_fixdfsi.o)
 .ARM.attributes
                0x00000434       0x1d c:/program files (x86)/embitz/1.11/share/em_armgcc/bin/../lib/gcc/arm-none-eabi/5.4.1/armv7-m\libgcc.a(_arm_fixunsdfsi.o)
 .ARM.attributes
                0x00000451       0x2d c:/program files (x86)/embitz/1.11/share/em_armgcc/bin/../lib/gcc/arm-none-eabi/5.4.1/../../../../arm-none-eabi/lib/armv7-m\libg_n.a(lib_a-exit.o)
 .ARM.attributes
                0x0000047e       0x2d c:/program files (x86)/embitz/1.11/share/em_armgcc/bin/../lib/gcc/arm-none-eabi/5.4.1/../../../../arm-none-eabi/lib/armv7-m\libg_n.a(lib_a-impure.o)
 .ARM.attributes
                0x000004ab       0x2d c:/program files (x86)/embitz/1.11/share/em_armgcc/bin/../lib/gcc/arm-none-eabi/5.4.1/../../../../arm-none-eabi/lib/armv7-m\libg_n.a(lib_a-init.o)
 .ARM.attributes
                0x000004d8       0x2d c:/program files (x86)/embitz/1.11/share/em_armgcc/bin/../lib/gcc/arm-none-eabi/5.4.1/../../../../arm-none-eabi/lib/armv7-m\libg_n.a(lib_a-memcpy-stub.o)
 .ARM.attributes
                0x00000505       0x2d c:/program files (x86)/embitz/1.11/share/em_armgcc/bin/../lib/gcc/arm-none-eabi/5.4.1/../../../../arm-none-eabi/lib/armv7-m\libg_n.a(lib_a-memset.o)
 .ARM.attributes
                0x00000532       0x2d c:/program files (x86)/embitz/1.11/share/em_armgcc/bin/../lib/gcc/arm-none-eabi/5.4.1/../../../../arm-none-eabi/lib/armv7-m\libg_n.a(lib_a-printf.o)
 .ARM.attributes
                0x0000055f       0x2d c:/program files (x86)/embitz/1.11/share/em_armgcc/bin/../lib/gcc/arm-none-eabi/5.4.1/../../../../arm-none-eabi/lib/armv7-m\libg_n.a(lib_a-strncmp.o)
 .ARM.attributes
                0x0000058c       0x2d c:/program files (x86)/embitz/1.11/share/em_armgcc/bin/../lib/gcc/arm-none-eabi/5.4.1/../../../../arm-none-eabi/lib/armv7-m\libg_n.a(lib_a-findfp.o)
 .ARM.attributes
                0x000005b9       0x2d c:/program files (x86)/embitz/1.11/share/em_armgcc/bin/../lib/gcc/arm-none-eabi/5.4.1/../../../../arm-none-eabi/lib/armv7-m\libg_n.a(lib_a-fwalk.o)
 .ARM.attributes
                0x000005e6       0x2d c:/program files (x86)/embitz/1.11/share/em_armgcc/bin/../lib/gcc/arm-none-eabi/5.4.1/../../../../arm-none-eabi/lib/armv7-m\libg_n.a(lib_a-nano-mallocr.o)
 .ARM.attributes
                0x00000613       0x2d c:/program files (x86)/embitz/1.11/share/em_armgcc/bin/../lib/gcc/arm-none-eabi/5.4.1/../../../../arm-none-eabi/lib/armv7-m\libg_n.a(lib_a-nano-vfprintf.o)
 .ARM.attributes
                0x00000640       0x2d c:/program files (x86)/embitz/1.11/share/em_armgcc/bin/../lib/gcc/arm-none-eabi/5.4.1/../../../../arm-none-eabi/lib/armv7-m\libg_n.a(lib_a-nano-vfprintf_i.o)
 .ARM.attributes
                0x0000066d       0x2d c:/program files (x86)/embitz/1.11/share/em_armgcc/bin/../lib/gcc/arm-none-eabi/5.4.1/../../../../arm-none-eabi/lib/armv7-m\libg_n.a(lib_a-sbrkr.o)
 .ARM.attributes
                0x0000069a       0x2d c:/program files (x86)/embitz/1.11/share/em_armgcc/bin/../lib/gcc/arm-none-eabi/5.4.1/../../../../arm-none-eabi/lib/armv7-m\libg_n.a(lib_a-stdio.o)
 .ARM.attributes
                0x000006c7       0x2d c:/program files (x86)/embitz/1.11/share/em_armgcc/bin/../lib/gcc/arm-none-eabi/5.4.1/../../../../arm-none-eabi/lib/armv7-m\libg_n.a(lib_a-wbuf.o)
 .ARM.attributes
                0x000006f4       0x2d c:/program files (x86)/embitz/1.11/share/em_armgcc/bin/../lib/gcc/arm-none-eabi/5.4.1/../../../../arm-none-eabi/lib/armv7-m\libg_n.a(lib_a-writer.o)
 .ARM.attributes
                0x00000721       0x2d c:/program files (x86)/embitz/1.11/share/em_armgcc/bin/../lib/gcc/arm-none-eabi/5.4.1/../../../../arm-none-eabi/lib/armv7-m\libg_n.a(lib_a-wsetup.o)
 .ARM.attributes
                0x0000074e       0x2d c:/program files (x86)/embitz/1.11/share/em_armgcc/bin/../lib/gcc/arm-none-eabi/5.4.1/../../../../arm-none-eabi/lib/armv7-m\libg_n.a(lib_a-closer.o)
 .ARM.attributes
                0x0000077b       0x2d c:/program files (x86)/embitz/1.11/share/em_armgcc/bin/../lib/gcc/arm-none-eabi/5.4.1/../../../../arm-none-eabi/lib/armv7-m\libg_n.a(lib_a-fflush.o)
 .ARM.attributes
                0x000007a8       0x2d c:/program files (x86)/embitz/1.11/share/em_armgcc/bin/../lib/gcc/arm-none-eabi/5.4.1/../../../../arm-none-eabi/lib/armv7-m\libg_n.a(lib_a-lseekr.o)
 .ARM.attributes
                0x000007d5       0x2d c:/program files (x86)/embitz/1.11/share/em_armgcc/bin/../lib/gcc/arm-none-eabi/5.4.1/../../../../arm-none-eabi/lib/armv7-m\libg_n.a(lib_a-makebuf.o)
 .ARM.attributes
                0x00000802       0x2d c:/program files (x86)/embitz/1.11/share/em_armgcc/bin/../lib/gcc/arm-none-eabi/5.4.1/../../../../arm-none-eabi/lib/armv7-m\libg_n.a(lib_a-memchr-stub.o)
 .ARM.attributes
                0x0000082f       0x2d c:/program files (x86)/embitz/1.11/share/em_armgcc/bin/../lib/gcc/arm-none-eabi/5.4.1/../../../../arm-none-eabi/lib/armv7-m\libg_n.a(lib_a-mlock.o)
 .ARM.attributes
                0x0000085c       0x2d c:/program files (x86)/embitz/1.11/share/em_armgcc/bin/../lib/gcc/arm-none-eabi/5.4.1/../../../../arm-none-eabi/lib/armv7-m\libg_n.a(lib_a-nano-freer.o)
 .ARM.attributes
                0x00000889       0x2d c:/program files (x86)/embitz/1.11/share/em_armgcc/bin/../lib/gcc/arm-none-eabi/5.4.1/../../../../arm-none-eabi/lib/armv7-m\libg_n.a(lib_a-readr.o)
 .ARM.attributes
                0x000008b6       0x2d c:/program files (x86)/embitz/1.11/share/em_armgcc/bin/../lib/gcc/arm-none-eabi/5.4.1/../../../../arm-none-eabi/lib/armv7-m\libg_n.a(lib_a-reent.o)
 .ARM.attributes
                0x000008e3       0x2d c:/program files (x86)/embitz/1.11/share/em_armgcc/bin/../lib/gcc/arm-none-eabi/5.4.1/../../../../arm-none-eabi/lib/armv7-m\libg_n.a(lib_a-fstatr.o)
 .ARM.attributes
                0x00000910       0x2d c:/program files (x86)/embitz/1.11/share/em_armgcc/bin/../lib/gcc/arm-none-eabi/5.4.1/../../../../arm-none-eabi/lib/armv7-m\libg_n.a(lib_a-isattyr.o)
 .ARM.attributes
                0x0000093d       0x2d c:/program files (x86)/embitz/1.11/share/em_armgcc/bin/../lib/gcc/arm-none-eabi/5.4.1/../../../../arm-none-eabi/lib/armv7-m\libnosys_s.a(close.o)
 .ARM.attributes
                0x0000096a       0x2d c:/program files (x86)/embitz/1.11/share/em_armgcc/bin/../lib/gcc/arm-none-eabi/5.4.1/../../../../arm-none-eabi/lib/armv7-m\libnosys_s.a(fstat.o)
 .ARM.attributes
                0x00000997       0x2d c:/program files (x86)/embitz/1.11/share/em_armgcc/bin/../lib/gcc/arm-none-eabi/5.4.1/../../../../arm-none-eabi/lib/armv7-m\libnosys_s.a(isatty.o)
 .ARM.attributes
                0x000009c4       0x2d c:/program files (x86)/embitz/1.11/share/em_armgcc/bin/../lib/gcc/arm-none-eabi/5.4.1/../../../../arm-none-eabi/lib/armv7-m\libnosys_s.a(lseek.o)
 .ARM.attributes
                0x000009f1       0x2d c:/program files (x86)/embitz/1.11/share/em_armgcc/bin/../lib/gcc/arm-none-eabi/5.4.1/../../../../arm-none-eabi/lib/armv7-m\libnosys_s.a(read.o)
 .ARM.attributes
                0x00000a1e       0x2d c:/program files (x86)/embitz/1.11/share/em_armgcc/bin/../lib/gcc/arm-none-eabi/5.4.1/../../../../arm-none-eabi/lib/armv7-m\libnosys_s.a(sbrk.o)
 .ARM.attributes
                0x00000a4b       0x2d c:/program files (x86)/embitz/1.11/share/em_armgcc/bin/../lib/gcc/arm-none-eabi/5.4.1/../../../../arm-none-eabi/lib/armv7-m\libnosys_s.a(write.o)
 .ARM.attributes
                0x00000a78       0x2d c:/program files (x86)/embitz/1.11/share/em_armgcc/bin/../lib/gcc/arm-none-eabi/5.4.1/../../../../arm-none-eabi/lib/armv7-m\libnosys_s.a(_exit.o)
 .ARM.attributes
                0x00000aa5       0x2d c:/program files (x86)/embitz/1.11/share/em_armgcc/bin/../lib/gcc/arm-none-eabi/5.4.1/armv7-m/crtend.o
 .ARM.attributes
                0x00000ad2       0x1d c:/program files (x86)/embitz/1.11/share/em_armgcc/bin/../lib/gcc/arm-none-eabi/5.4.1/armv7-m/crtn.o

.comment        0x00000000       0x6e
 .comment       0x00000000       0x6e obj\debug\apps\ping-pong\main.o
                                 0x6f (size before relaxing)
 .comment       0x0000006e       0x6f obj\debug\spl\src\stm32l1xx_gpio.o
 .comment       0x0000006e       0x6f obj\debug\spl\src\stm32l1xx_rcc.o
 .comment       0x0000006e       0x6f obj\debug\spl\src\stm32l1xx_spi.o
 .comment       0x0000006e       0x6f obj\debug\src\radio\radio.o
 .comment       0x0000006e       0x6f obj\debug\src\radio\sx1272-fsk.o
 .comment       0x0000006e       0x6f obj\debug\src\radio\sx1272-lora.o
 .comment       0x0000006e       0x6f obj\debug\src\radio\sx1272-loramisc.o
 .comment       0x0000006e       0x6f obj\debug\src\radio\sx1272.o
 .comment       0x0000006e       0x6f obj\debug\src\system_stm32l1xx.o
 .comment       0x0000006e       0x6f obj\debug\src\xrange\led.o
 .comment       0x0000006e       0x6f obj\debug\src\xrange\spi.o
 .comment       0x0000006e       0x6f obj\debug\src\xrange\stm32fxxx_it.o
 .comment       0x0000006e       0x6f obj\debug\src\xrange\sx1272-hal.o
 .comment       0x0000006e       0x6f obj\debug\src\xrange\utility.o
 .comment       0x0000006e       0x6f obj\debug\src\xrange\xrange-hal.o

.debug_info     0x00000000     0x6854
 .debug_info    0x00000000      0x400 obj\debug\apps\ping-pong\main.o
 .debug_info    0x00000400      0x663 obj\debug\spl\src\stm32l1xx_gpio.o
 .debug_info    0x00000a63      0xa2d obj\debug\spl\src\stm32l1xx_rcc.o
 .debug_info    0x00001490      0x8f7 obj\debug\spl\src\stm32l1xx_spi.o
 .debug_info    0x00001d87      0x1a3 obj\debug\src\radio\radio.o
 .debug_info    0x00001f2a      0xb31 obj\debug\src\radio\sx1272-fsk.o
 .debug_info    0x00002a5b      0x9ce obj\debug\src\radio\sx1272-lora.o
 .debug_info    0x00003429      0xa6d obj\debug\src\radio\sx1272-loramisc.o
 .debug_info    0x00003e96      0xcbc obj\debug\src\radio\sx1272.o
 .debug_info    0x00004b52       0xbf obj\debug\src\startup_stm32l1xx_mdp.o
 .debug_info    0x00004c11      0x56c obj\debug\src\system_stm32l1xx.o
 .debug_info    0x0000517d      0x432 obj\debug\src\xrange\led.o
 .debug_info    0x000055af      0x4e2 obj\debug\src\xrange\spi.o
 .debug_info    0x00005a91      0x184 obj\debug\src\xrange\stm32fxxx_it.o
 .debug_info    0x00005c15      0x502 obj\debug\src\xrange\sx1272-hal.o
 .debug_info    0x00006117      0x124 obj\debug\src\xrange\utility.o
 .debug_info    0x0000623b      0x619 obj\debug\src\xrange\xrange-hal.o

.debug_abbrev   0x00000000     0x16d4
 .debug_abbrev  0x00000000      0x167 obj\debug\apps\ping-pong\main.o
 .debug_abbrev  0x00000167      0x1ac obj\debug\spl\src\stm32l1xx_gpio.o
 .debug_abbrev  0x00000313      0x1ea obj\debug\spl\src\stm32l1xx_rcc.o
 .debug_abbrev  0x000004fd      0x185 obj\debug\spl\src\stm32l1xx_spi.o
 .debug_abbrev  0x00000682       0xd0 obj\debug\src\radio\radio.o
 .debug_abbrev  0x00000752      0x222 obj\debug\src\radio\sx1272-fsk.o
 .debug_abbrev  0x00000974      0x230 obj\debug\src\radio\sx1272-lora.o
 .debug_abbrev  0x00000ba4      0x1c4 obj\debug\src\radio\sx1272-loramisc.o
 .debug_abbrev  0x00000d68      0x1a5 obj\debug\src\radio\sx1272.o
 .debug_abbrev  0x00000f0d       0x14 obj\debug\src\startup_stm32l1xx_mdp.o
 .debug_abbrev  0x00000f21      0x14c obj\debug\src\system_stm32l1xx.o
 .debug_abbrev  0x0000106d      0x152 obj\debug\src\xrange\led.o
 .debug_abbrev  0x000011bf      0x13c obj\debug\src\xrange\spi.o
 .debug_abbrev  0x000012fb       0xad obj\debug\src\xrange\stm32fxxx_it.o
 .debug_abbrev  0x000013a8      0x12f obj\debug\src\xrange\sx1272-hal.o
 .debug_abbrev  0x000014d7       0x8a obj\debug\src\xrange\utility.o
 .debug_abbrev  0x00001561      0x173 obj\debug\src\xrange\xrange-hal.o

.debug_aranges  0x00000000      0x818
 .debug_aranges
                0x00000000       0x48 obj\debug\apps\ping-pong\main.o
 .debug_aranges
                0x00000048       0x88 obj\debug\spl\src\stm32l1xx_gpio.o
 .debug_aranges
                0x000000d0      0x148 obj\debug\spl\src\stm32l1xx_rcc.o
 .debug_aranges
                0x00000218       0xd0 obj\debug\spl\src\stm32l1xx_spi.o
 .debug_aranges
                0x000002e8       0x20 obj\debug\src\radio\radio.o
 .debug_aranges
                0x00000308       0xb0 obj\debug\src\radio\sx1272-fsk.o
 .debug_aranges
                0x000003b8       0x98 obj\debug\src\radio\sx1272-lora.o
 .debug_aranges
                0x00000450      0x158 obj\debug\src\radio\sx1272-loramisc.o
 .debug_aranges
                0x000005a8       0xa8 obj\debug\src\radio\sx1272.o
 .debug_aranges
                0x00000650       0x20 obj\debug\src\startup_stm32l1xx_mdp.o
 .debug_aranges
                0x00000670       0x30 obj\debug\src\system_stm32l1xx.o
 .debug_aranges
                0x000006a0       0x38 obj\debug\src\xrange\led.o
 .debug_aranges
                0x000006d8       0x28 obj\debug\src\xrange\spi.o
 .debug_aranges
                0x00000700       0x60 obj\debug\src\xrange\stm32fxxx_it.o
 .debug_aranges
                0x00000760       0x60 obj\debug\src\xrange\sx1272-hal.o
 .debug_aranges
                0x000007c0       0x28 obj\debug\src\xrange\utility.o
 .debug_aranges
                0x000007e8       0x30 obj\debug\src\xrange\xrange-hal.o

.debug_ranges   0x00000000      0x6f8
 .debug_ranges  0x00000000       0x38 obj\debug\apps\ping-pong\main.o
 .debug_ranges  0x00000038       0x78 obj\debug\spl\src\stm32l1xx_gpio.o
 .debug_ranges  0x000000b0      0x138 obj\debug\spl\src\stm32l1xx_rcc.o
 .debug_ranges  0x000001e8       0xc0 obj\debug\spl\src\stm32l1xx_spi.o
 .debug_ranges  0x000002a8       0x10 obj\debug\src\radio\radio.o
 .debug_ranges  0x000002b8       0xa0 obj\debug\src\radio\sx1272-fsk.o
 .debug_ranges  0x00000358       0x88 obj\debug\src\radio\sx1272-lora.o
 .debug_ranges  0x000003e0      0x148 obj\debug\src\radio\sx1272-loramisc.o
 .debug_ranges  0x00000528       0x98 obj\debug\src\radio\sx1272.o
 .debug_ranges  0x000005c0       0x20 obj\debug\src\system_stm32l1xx.o
 .debug_ranges  0x000005e0       0x28 obj\debug\src\xrange\led.o
 .debug_ranges  0x00000608       0x18 obj\debug\src\xrange\spi.o
 .debug_ranges  0x00000620       0x50 obj\debug\src\xrange\stm32fxxx_it.o
 .debug_ranges  0x00000670       0x50 obj\debug\src\xrange\sx1272-hal.o
 .debug_ranges  0x000006c0       0x18 obj\debug\src\xrange\utility.o
 .debug_ranges  0x000006d8       0x20 obj\debug\src\xrange\xrange-hal.o

.debug_macro    0x00000000    0x118b2
 .debug_macro   0x00000000      0x351 obj\debug\apps\ping-pong\main.o
 .debug_macro   0x00000351      0x886 obj\debug\apps\ping-pong\main.o
 .debug_macro   0x00000bd7       0x22 obj\debug\apps\ping-pong\main.o
 .debug_macro   0x00000bf9       0x4c obj\debug\apps\ping-pong\main.o
 .debug_macro   0x00000c45       0x8d obj\debug\apps\ping-pong\main.o
 .debug_macro   0x00000cd2       0x35 obj\debug\apps\ping-pong\main.o
 .debug_macro   0x00000d07       0x9c obj\debug\apps\ping-pong\main.o
 .debug_macro   0x00000da3      0x174 obj\debug\apps\ping-pong\main.o
 .debug_macro   0x00000f17       0x4a obj\debug\apps\ping-pong\main.o
 .debug_macro   0x00000f61       0x52 obj\debug\apps\ping-pong\main.o
 .debug_macro   0x00000fb3       0x1f obj\debug\apps\ping-pong\main.o
 .debug_macro   0x00000fd2       0x43 obj\debug\apps\ping-pong\main.o
 .debug_macro   0x00001015       0x20 obj\debug\apps\ping-pong\main.o
 .debug_macro   0x00001035      0x187 obj\debug\apps\ping-pong\main.o
 .debug_macro   0x000011bc      0x30d obj\debug\apps\ping-pong\main.o
 .debug_macro   0x000014c9       0x10 obj\debug\apps\ping-pong\main.o
 .debug_macro   0x000014d9       0x35 obj\debug\apps\ping-pong\main.o
 .debug_macro   0x0000150e       0xfd obj\debug\apps\ping-pong\main.o
 .debug_macro   0x0000160b       0x5e obj\debug\apps\ping-pong\main.o
 .debug_macro   0x00001669      0x1df obj\debug\apps\ping-pong\main.o
 .debug_macro   0x00001848       0x22 obj\debug\apps\ping-pong\main.o
 .debug_macro   0x0000186a       0x16 obj\debug\apps\ping-pong\main.o
 .debug_macro   0x00001880       0x1c obj\debug\apps\ping-pong\main.o
 .debug_macro   0x0000189c       0x6f obj\debug\apps\ping-pong\main.o
 .debug_macro   0x0000190b       0x3a obj\debug\apps\ping-pong\main.o
 .debug_macro   0x00001945       0x18 obj\debug\apps\ping-pong\main.o
 .debug_macro   0x0000195d      0xb08 obj\debug\apps\ping-pong\main.o
 .debug_macro   0x00002465     0x6ba4 obj\debug\apps\ping-pong\main.o
 .debug_macro   0x00009009      0x43e obj\debug\apps\ping-pong\main.o
 .debug_macro   0x00009447       0xb4 obj\debug\apps\ping-pong\main.o
 .debug_macro   0x000094fb       0xa9 obj\debug\apps\ping-pong\main.o
 .debug_macro   0x000095a4      0x17f obj\debug\apps\ping-pong\main.o
 .debug_macro   0x00009723       0x82 obj\debug\apps\ping-pong\main.o
 .debug_macro   0x000097a5      0x3ae obj\debug\apps\ping-pong\main.o
 .debug_macro   0x00009b53       0xb9 obj\debug\apps\ping-pong\main.o
 .debug_macro   0x00009c0c      0x422 obj\debug\apps\ping-pong\main.o
 .debug_macro   0x0000a02e      0x17d obj\debug\apps\ping-pong\main.o
 .debug_macro   0x0000a1ab      0x203 obj\debug\apps\ping-pong\main.o
 .debug_macro   0x0000a3ae      0x2b2 obj\debug\apps\ping-pong\main.o
 .debug_macro   0x0000a660       0x64 obj\debug\apps\ping-pong\main.o
 .debug_macro   0x0000a6c4      0x325 obj\debug\apps\ping-pong\main.o
 .debug_macro   0x0000a9e9       0xc8 obj\debug\apps\ping-pong\main.o
 .debug_macro   0x0000aab1       0xe1 obj\debug\apps\ping-pong\main.o
 .debug_macro   0x0000ab92      0x413 obj\debug\apps\ping-pong\main.o
 .debug_macro   0x0000afa5      0x5cf obj\debug\apps\ping-pong\main.o
 .debug_macro   0x0000b574      0x341 obj\debug\apps\ping-pong\main.o
 .debug_macro   0x0000b8b5      0x357 obj\debug\apps\ping-pong\main.o
 .debug_macro   0x0000bc0c      0x421 obj\debug\apps\ping-pong\main.o
 .debug_macro   0x0000c02d      0x668 obj\debug\apps\ping-pong\main.o
 .debug_macro   0x0000c695      0x220 obj\debug\apps\ping-pong\main.o
 .debug_macro   0x0000c8b5       0x34 obj\debug\apps\ping-pong\main.o
 .debug_macro   0x0000c8e9       0x88 obj\debug\apps\ping-pong\main.o
 .debug_macro   0x0000c971       0x35 obj\debug\apps\ping-pong\main.o
 .debug_macro   0x0000c9a6       0xe8 obj\debug\apps\ping-pong\main.o
 .debug_macro   0x0000ca8e       0x22 obj\debug\apps\ping-pong\main.o
 .debug_macro   0x0000cab0       0x1c obj\debug\apps\ping-pong\main.o
 .debug_macro   0x0000cacc       0x10 obj\debug\apps\ping-pong\main.o
 .debug_macro   0x0000cadc       0x10 obj\debug\apps\ping-pong\main.o
 .debug_macro   0x0000caec       0x1c obj\debug\apps\ping-pong\main.o
 .debug_macro   0x0000cb08       0x52 obj\debug\apps\ping-pong\main.o
 .debug_macro   0x0000cb5a       0x40 obj\debug\apps\ping-pong\main.o
 .debug_macro   0x0000cb9a       0x10 obj\debug\apps\ping-pong\main.o
 .debug_macro   0x0000cbaa       0x40 obj\debug\apps\ping-pong\main.o
 .debug_macro   0x0000cbea       0xd7 obj\debug\apps\ping-pong\main.o
 .debug_macro   0x0000ccc1       0x16 obj\debug\apps\ping-pong\main.o
 .debug_macro   0x0000ccd7      0x189 obj\debug\apps\ping-pong\main.o
 .debug_macro   0x0000ce60       0x10 obj\debug\apps\ping-pong\main.o
 .debug_macro   0x0000ce70      0x9dd obj\debug\apps\ping-pong\main.o
 .debug_macro   0x0000d84d      0x1aa obj\debug\spl\src\stm32l1xx_gpio.o
 .debug_macro   0x0000d9f7      0x1fd obj\debug\spl\src\stm32l1xx_gpio.o
 .debug_macro   0x0000dbf4      0x250 obj\debug\spl\src\stm32l1xx_rcc.o
 .debug_macro   0x0000de44      0x40d obj\debug\spl\src\stm32l1xx_rcc.o
 .debug_macro   0x0000e251      0x1b6 obj\debug\spl\src\stm32l1xx_spi.o
 .debug_macro   0x0000e407      0x351 obj\debug\spl\src\stm32l1xx_spi.o
 .debug_macro   0x0000e758      0x1eb obj\debug\src\radio\radio.o
 .debug_macro   0x0000e943      0x2c2 obj\debug\src\radio\sx1272-fsk.o
 .debug_macro   0x0000ec05      0x1e1 obj\debug\src\radio\sx1272-fsk.o
 .debug_macro   0x0000ede6       0x40 obj\debug\src\radio\sx1272-fsk.o
 .debug_macro   0x0000ee26     0x14ec obj\debug\src\radio\sx1272-fsk.o
 .debug_macro   0x00010312      0x2b5 obj\debug\src\radio\sx1272-lora.o
 .debug_macro   0x000105c7      0x20a obj\debug\src\radio\sx1272-loramisc.o
 .debug_macro   0x000107d1      0x206 obj\debug\src\radio\sx1272.o
 .debug_macro   0x000109d7      0x1a7 obj\debug\src\system_stm32l1xx.o
 .debug_macro   0x00010b7e      0x1e1 obj\debug\src\xrange\led.o
 .debug_macro   0x00010d5f      0x1ec obj\debug\src\xrange\spi.o
 .debug_macro   0x00010f4b      0x31f obj\debug\src\xrange\stm32fxxx_it.o
 .debug_macro   0x0001126a       0x52 obj\debug\src\xrange\stm32fxxx_it.o
 .debug_macro   0x000112bc       0x16 obj\debug\src\xrange\stm32fxxx_it.o
 .debug_macro   0x000112d2       0x97 obj\debug\src\xrange\stm32fxxx_it.o
 .debug_macro   0x00011369       0xfd obj\debug\src\xrange\stm32fxxx_it.o
 .debug_macro   0x00011466      0x1eb obj\debug\src\xrange\sx1272-hal.o
 .debug_macro   0x00011651       0x76 obj\debug\src\xrange\utility.o
 .debug_macro   0x000116c7      0x1eb obj\debug\src\xrange\xrange-hal.o

.debug_line     0x00000000     0x6294
 .debug_line    0x00000000      0x720 obj\debug\apps\ping-pong\main.o
 .debug_line    0x00000720      0x5d7 obj\debug\spl\src\stm32l1xx_gpio.o
 .debug_line    0x00000cf7      0x79c obj\debug\spl\src\stm32l1xx_rcc.o
 .debug_line    0x00001493      0x68f obj\debug\spl\src\stm32l1xx_spi.o
 .debug_line    0x00001b22      0x4f4 obj\debug\src\radio\radio.o
 .debug_line    0x00002016      0x82e obj\debug\src\radio\sx1272-fsk.o
 .debug_line    0x00002844      0x798 obj\debug\src\radio\sx1272-lora.o
 .debug_line    0x00002fdc      0x847 obj\debug\src\radio\sx1272-loramisc.o
 .debug_line    0x00003823      0x6ab obj\debug\src\radio\sx1272.o
 .debug_line    0x00003ece       0xba obj\debug\src\startup_stm32l1xx_mdp.o
 .debug_line    0x00003f88      0x4f5 obj\debug\src\system_stm32l1xx.o
 .debug_line    0x0000447d      0x514 obj\debug\src\xrange\led.o
 .debug_line    0x00004991      0x510 obj\debug\src\xrange\spi.o
 .debug_line    0x00004ea1      0x69f obj\debug\src\xrange\stm32fxxx_it.o
 .debug_line    0x00005540      0x5eb obj\debug\src\xrange\sx1272-hal.o
 .debug_line    0x00005b2b      0x22d obj\debug\src\xrange\utility.o
 .debug_line    0x00005d58      0x53c obj\debug\src\xrange\xrange-hal.o

.debug_str      0x00000000    0x5dd7e
 .debug_str     0x00000000    0x553ec obj\debug\apps\ping-pong\main.o
                              0x556db (size before relaxing)
 .debug_str     0x000553ec      0x31f obj\debug\spl\src\stm32l1xx_gpio.o
                              0x4efe6 (size before relaxing)
 .debug_str     0x0005570b      0x9ae obj\debug\spl\src\stm32l1xx_rcc.o
                              0x4f6c3 (size before relaxing)
 .debug_str     0x000560b9      0x330 obj\debug\spl\src\stm32l1xx_spi.o
                              0x4f15f (size before relaxing)
 .debug_str     0x000563e9       0x36 obj\debug\src\radio\radio.o
                              0x4f1b3 (size before relaxing)
 .debug_str     0x0005641f     0x6762 obj\debug\src\radio\sx1272-fsk.o
                              0x583d9 (size before relaxing)
 .debug_str     0x0005cb81      0x4fc obj\debug\src\radio\sx1272-lora.o
                              0x54ce4 (size before relaxing)
 .debug_str     0x0005d07d      0x453 obj\debug\src\radio\sx1272-loramisc.o
                              0x52331 (size before relaxing)
 .debug_str     0x0005d4d0      0x14e obj\debug\src\radio\sx1272.o
                              0x57972 (size before relaxing)
 .debug_str     0x0005d61e      0x119 obj\debug\src\system_stm32l1xx.o
                              0x4ee8a (size before relaxing)
 .debug_str     0x0005d737       0x64 obj\debug\src\xrange\led.o
                              0x4f393 (size before relaxing)
 .debug_str     0x0005d79b       0x4d obj\debug\src\xrange\spi.o
                              0x4f427 (size before relaxing)
 .debug_str     0x0005d7e8       0xc4 obj\debug\src\xrange\stm32fxxx_it.o
                              0x52d09 (size before relaxing)
 .debug_str     0x0005d8ac       0xad obj\debug\src\xrange\sx1272-hal.o
                              0x4f4ed (size before relaxing)
 .debug_str     0x0005d959       0x35 obj\debug\src\xrange\utility.o
                               0x349c (size before relaxing)
 .debug_str     0x0005d98e      0x3f0 obj\debug\src\xrange\xrange-hal.o
                              0x4f5f5 (size before relaxing)

.debug_frame    0x00000000     0x2688
 .debug_frame   0x00000000       0xc8 obj\debug\apps\ping-pong\main.o
 .debug_frame   0x000000c8      0x23c obj\debug\spl\src\stm32l1xx_gpio.o
 .debug_frame   0x00000304      0x5e4 obj\debug\spl\src\stm32l1xx_rcc.o
 .debug_frame   0x000008e8      0x3a0 obj\debug\spl\src\stm32l1xx_spi.o
 .debug_frame   0x00000c88       0x30 obj\debug\src\radio\radio.o
 .debug_frame   0x00000cb8      0x290 obj\debug\src\radio\sx1272-fsk.o
 .debug_frame   0x00000f48      0x224 obj\debug\src\radio\sx1272-lora.o
 .debug_frame   0x0000116c      0x538 obj\debug\src\radio\sx1272-loramisc.o
 .debug_frame   0x000016a4      0x244 obj\debug\src\radio\sx1272.o
 .debug_frame   0x000018e8       0x7c obj\debug\src\system_stm32l1xx.o
 .debug_frame   0x00001964       0xa4 obj\debug\src\xrange\led.o
 .debug_frame   0x00001a08       0x58 obj\debug\src\xrange\spi.o
 .debug_frame   0x00001a60      0x114 obj\debug\src\xrange\stm32fxxx_it.o
 .debug_frame   0x00001b74      0x158 obj\debug\src\xrange\sx1272-hal.o
 .debug_frame   0x00001ccc       0x60 obj\debug\src\xrange\utility.o
 .debug_frame   0x00001d2c       0x78 obj\debug\src\xrange\xrange-hal.o
 .debug_frame   0x00001da4       0x30 c:/program files (x86)/embitz/1.11/share/em_armgcc/bin/../lib/gcc/arm-none-eabi/5.4.1/../../../../arm-none-eabi/lib/armv7-m\libm.a(lib_a-s_round.o)
 .debug_frame   0x00001dd4       0x28 c:/program files (x86)/embitz/1.11/share/em_armgcc/bin/../lib/gcc/arm-none-eabi/5.4.1/../../../../arm-none-eabi/lib/armv7-m\libg_n.a(lib_a-exit.o)
 .debug_frame   0x00001dfc       0x2c c:/program files (x86)/embitz/1.11/share/em_armgcc/bin/../lib/gcc/arm-none-eabi/5.4.1/../../../../arm-none-eabi/lib/armv7-m\libg_n.a(lib_a-init.o)
 .debug_frame   0x00001e28       0x28 c:/program files (x86)/embitz/1.11/share/em_armgcc/bin/../lib/gcc/arm-none-eabi/5.4.1/../../../../arm-none-eabi/lib/armv7-m\libg_n.a(lib_a-memcpy-stub.o)
 .debug_frame   0x00001e50       0x20 c:/program files (x86)/embitz/1.11/share/em_armgcc/bin/../lib/gcc/arm-none-eabi/5.4.1/../../../../arm-none-eabi/lib/armv7-m\libg_n.a(lib_a-memset.o)
 .debug_frame   0x00001e70       0x74 c:/program files (x86)/embitz/1.11/share/em_armgcc/bin/../lib/gcc/arm-none-eabi/5.4.1/../../../../arm-none-eabi/lib/armv7-m\libg_n.a(lib_a-printf.o)
 .debug_frame   0x00001ee4       0x2c c:/program files (x86)/embitz/1.11/share/em_armgcc/bin/../lib/gcc/arm-none-eabi/5.4.1/../../../../arm-none-eabi/lib/armv7-m\libg_n.a(lib_a-strncmp.o)
 .debug_frame   0x00001f10      0x11c c:/program files (x86)/embitz/1.11/share/em_armgcc/bin/../lib/gcc/arm-none-eabi/5.4.1/../../../../arm-none-eabi/lib/armv7-m\libg_n.a(lib_a-findfp.o)
 .debug_frame   0x0000202c       0x54 c:/program files (x86)/embitz/1.11/share/em_armgcc/bin/../lib/gcc/arm-none-eabi/5.4.1/../../../../arm-none-eabi/lib/armv7-m\libg_n.a(lib_a-fwalk.o)
 .debug_frame   0x00002080       0x2c c:/program files (x86)/embitz/1.11/share/em_armgcc/bin/../lib/gcc/arm-none-eabi/5.4.1/../../../../arm-none-eabi/lib/armv7-m\libg_n.a(lib_a-nano-mallocr.o)
 .debug_frame   0x000020ac       0xac c:/program files (x86)/embitz/1.11/share/em_armgcc/bin/../lib/gcc/arm-none-eabi/5.4.1/../../../../arm-none-eabi/lib/armv7-m\libg_n.a(lib_a-nano-vfprintf.o)
 .debug_frame   0x00002158       0x60 c:/program files (x86)/embitz/1.11/share/em_armgcc/bin/../lib/gcc/arm-none-eabi/5.4.1/../../../../arm-none-eabi/lib/armv7-m\libg_n.a(lib_a-nano-vfprintf_i.o)
 .debug_frame   0x000021b8       0x2c c:/program files (x86)/embitz/1.11/share/em_armgcc/bin/../lib/gcc/arm-none-eabi/5.4.1/../../../../arm-none-eabi/lib/armv7-m\libg_n.a(lib_a-sbrkr.o)
 .debug_frame   0x000021e4       0x88 c:/program files (x86)/embitz/1.11/share/em_armgcc/bin/../lib/gcc/arm-none-eabi/5.4.1/../../../../arm-none-eabi/lib/armv7-m\libg_n.a(lib_a-stdio.o)
 .debug_frame   0x0000226c       0x40 c:/program files (x86)/embitz/1.11/share/em_armgcc/bin/../lib/gcc/arm-none-eabi/5.4.1/../../../../arm-none-eabi/lib/armv7-m\libg_n.a(lib_a-wbuf.o)
 .debug_frame   0x000022ac       0x2c c:/program files (x86)/embitz/1.11/share/em_armgcc/bin/../lib/gcc/arm-none-eabi/5.4.1/../../../../arm-none-eabi/lib/armv7-m\libg_n.a(lib_a-writer.o)
 .debug_frame   0x000022d8       0x2c c:/program files (x86)/embitz/1.11/share/em_armgcc/bin/../lib/gcc/arm-none-eabi/5.4.1/../../../../arm-none-eabi/lib/armv7-m\libg_n.a(lib_a-wsetup.o)
 .debug_frame   0x00002304       0x2c c:/program files (x86)/embitz/1.11/share/em_armgcc/bin/../lib/gcc/arm-none-eabi/5.4.1/../../../../arm-none-eabi/lib/armv7-m\libg_n.a(lib_a-closer.o)
 .debug_frame   0x00002330       0x68 c:/program files (x86)/embitz/1.11/share/em_armgcc/bin/../lib/gcc/arm-none-eabi/5.4.1/../../../../arm-none-eabi/lib/armv7-m\libg_n.a(lib_a-fflush.o)
 .debug_frame   0x00002398       0x2c c:/program files (x86)/embitz/1.11/share/em_armgcc/bin/../lib/gcc/arm-none-eabi/5.4.1/../../../../arm-none-eabi/lib/armv7-m\libg_n.a(lib_a-lseekr.o)
 .debug_frame   0x000023c4       0x54 c:/program files (x86)/embitz/1.11/share/em_armgcc/bin/../lib/gcc/arm-none-eabi/5.4.1/../../../../arm-none-eabi/lib/armv7-m\libg_n.a(lib_a-makebuf.o)
 .debug_frame   0x00002418       0x28 c:/program files (x86)/embitz/1.11/share/em_armgcc/bin/../lib/gcc/arm-none-eabi/5.4.1/../../../../arm-none-eabi/lib/armv7-m\libg_n.a(lib_a-memchr-stub.o)
 .debug_frame   0x00002440       0x30 c:/program files (x86)/embitz/1.11/share/em_armgcc/bin/../lib/gcc/arm-none-eabi/5.4.1/../../../../arm-none-eabi/lib/armv7-m\libg_n.a(lib_a-mlock.o)
 .debug_frame   0x00002470       0x38 c:/program files (x86)/embitz/1.11/share/em_armgcc/bin/../lib/gcc/arm-none-eabi/5.4.1/../../../../arm-none-eabi/lib/armv7-m\libg_n.a(lib_a-nano-freer.o)
 .debug_frame   0x000024a8       0x2c c:/program files (x86)/embitz/1.11/share/em_armgcc/bin/../lib/gcc/arm-none-eabi/5.4.1/../../../../arm-none-eabi/lib/armv7-m\libg_n.a(lib_a-readr.o)
 .debug_frame   0x000024d4       0x5c c:/program files (x86)/embitz/1.11/share/em_armgcc/bin/../lib/gcc/arm-none-eabi/5.4.1/../../../../arm-none-eabi/lib/armv7-m\libg_n.a(lib_a-reent.o)
 .debug_frame   0x00002530       0x2c c:/program files (x86)/embitz/1.11/share/em_armgcc/bin/../lib/gcc/arm-none-eabi/5.4.1/../../../../arm-none-eabi/lib/armv7-m\libg_n.a(lib_a-fstatr.o)
 .debug_frame   0x0000255c       0x2c c:/program files (x86)/embitz/1.11/share/em_armgcc/bin/../lib/gcc/arm-none-eabi/5.4.1/../../../../arm-none-eabi/lib/armv7-m\libg_n.a(lib_a-isattyr.o)
 .debug_frame   0x00002588       0x20 c:/program files (x86)/embitz/1.11/share/em_armgcc/bin/../lib/gcc/arm-none-eabi/5.4.1/../../../../arm-none-eabi/lib/armv7-m\libnosys_s.a(close.o)
 .debug_frame   0x000025a8       0x20 c:/program files (x86)/embitz/1.11/share/em_armgcc/bin/../lib/gcc/arm-none-eabi/5.4.1/../../../../arm-none-eabi/lib/armv7-m\libnosys_s.a(fstat.o)
 .debug_frame   0x000025c8       0x20 c:/program files (x86)/embitz/1.11/share/em_armgcc/bin/../lib/gcc/arm-none-eabi/5.4.1/../../../../arm-none-eabi/lib/armv7-m\libnosys_s.a(isatty.o)
 .debug_frame   0x000025e8       0x20 c:/program files (x86)/embitz/1.11/share/em_armgcc/bin/../lib/gcc/arm-none-eabi/5.4.1/../../../../arm-none-eabi/lib/armv7-m\libnosys_s.a(lseek.o)
 .debug_frame   0x00002608       0x20 c:/program files (x86)/embitz/1.11/share/em_armgcc/bin/../lib/gcc/arm-none-eabi/5.4.1/../../../../arm-none-eabi/lib/armv7-m\libnosys_s.a(read.o)
 .debug_frame   0x00002628       0x20 c:/program files (x86)/embitz/1.11/share/em_armgcc/bin/../lib/gcc/arm-none-eabi/5.4.1/../../../../arm-none-eabi/lib/armv7-m\libnosys_s.a(sbrk.o)
 .debug_frame   0x00002648       0x20 c:/program files (x86)/embitz/1.11/share/em_armgcc/bin/../lib/gcc/arm-none-eabi/5.4.1/../../../../arm-none-eabi/lib/armv7-m\libnosys_s.a(write.o)
 .debug_frame   0x00002668       0x20 c:/program files (x86)/embitz/1.11/share/em_armgcc/bin/../lib/gcc/arm-none-eabi/5.4.1/../../../../arm-none-eabi/lib/armv7-m\libnosys_s.a(_exit.o)

.stab           0x00000000       0x9c
 .stab          0x00000000       0x24 c:/program files (x86)/embitz/1.11/share/em_armgcc/bin/../lib/gcc/arm-none-eabi/5.4.1/../../../../arm-none-eabi/lib/armv7-m\libnosys_s.a(close.o)
 .stab          0x00000024       0x18 c:/program files (x86)/embitz/1.11/share/em_armgcc/bin/../lib/gcc/arm-none-eabi/5.4.1/../../../../arm-none-eabi/lib/armv7-m\libnosys_s.a(fstat.o)
                                 0x24 (size before relaxing)
 .stab          0x0000003c       0x18 c:/program files (x86)/embitz/1.11/share/em_armgcc/bin/../lib/gcc/arm-none-eabi/5.4.1/../../../../arm-none-eabi/lib/armv7-m\libnosys_s.a(isatty.o)
                                 0x24 (size before relaxing)
 .stab          0x00000054       0x18 c:/program files (x86)/embitz/1.11/share/em_armgcc/bin/../lib/gcc/arm-none-eabi/5.4.1/../../../../arm-none-eabi/lib/armv7-m\libnosys_s.a(lseek.o)
                                 0x24 (size before relaxing)
 .stab          0x0000006c       0x18 c:/program files (x86)/embitz/1.11/share/em_armgcc/bin/../lib/gcc/arm-none-eabi/5.4.1/../../../../arm-none-eabi/lib/armv7-m\libnosys_s.a(read.o)
                                 0x24 (size before relaxing)
 .stab          0x00000084       0x18 c:/program files (x86)/embitz/1.11/share/em_armgcc/bin/../lib/gcc/arm-none-eabi/5.4.1/../../../../arm-none-eabi/lib/armv7-m\libnosys_s.a(write.o)
                                 0x24 (size before relaxing)

.stabstr        0x00000000      0x14d
 .stabstr       0x00000000      0x14d c:/program files (x86)/embitz/1.11/share/em_armgcc/bin/../lib/gcc/arm-none-eabi/5.4.1/../../../../arm-none-eabi/lib/armv7-m\libnosys_s.a(close.o)
