<html>
<body>
<pre>
<h1>µVision Build Log</h1>
<h2>Tool Versions:</h2>
IDE-Version: µVision V5.21.1.0
Copyright (C) 2016 ARM Ltd and ARM Germany GmbH. All rights reserved.
License Information: test fl, HP, LIC=----
 
Tool Versions:
Toolchain:       MDK-Lite  Version: 5.21a
Toolchain Path:  C:\Keil_v5\ARM\ARMCC\Bin
C Compiler:      Armcc.exe V5.06 update 3 (build 300)
Assembler:       Armasm.exe V5.06 update 3 (build 300)
Linker/Locator:  ArmLink.exe V5.06 update 3 (build 300)
Library Manager: ArmAr.exe V5.06 update 3 (build 300)
Hex Converter:   FromElf.exe V5.06 update 3 (build 300)
CPU DLL:         SARMCM3.DLL V5.21a
Dialog DLL:      DCM.DLL V1.13.8.0
Target DLL:      STLink\ST-LINKIII-KEIL_SWO.dll V2.0.18.0
Dialog DLL:      TCM.DLL V1.14.14.0
 
<h2>Project:</h2>
C:\Users\florent\Documents\homenolot\doc\Recherche\WaspMote\LoRa-Netblocks\XRange-master\Examples\Keil\USB-RF\USB-RF.uvprojx
Project File Date:  04/19/2017

<h2>Output:</h2>
*** Using Compiler 'V5.06 update 3 (build 300)', folder: 'C:\Keil_v5\ARM\ARMCC\Bin'
Build target 'XRange'
compiling stm32l1xx_aes.c...
compiling misc.c...
compiling stm32l1xx_adc.c...
compiling stm32l1xx_comp.c...
compiling stm32l1xx_crc.c...
compiling stm32l1xx_aes_util.c...
compiling stm32l1xx_dac.c...
compiling stm32l1xx_dbgmcu.c...
compiling stm32l1xx_dma.c...
compiling stm32l1xx_flash.c...
compiling stm32l1xx_exti.c...
compiling stm32l1xx_flash_ramfunc.c...
compiling stm32l1xx_fsmc.c...
compiling stm32l1xx_gpio.c...
compiling stm32l1xx_i2c.c...
compiling stm32l1xx_iwdg.c...
compiling stm32l1xx_lcd.c...
compiling stm32l1xx_opamp.c...
compiling stm32l1xx_pwr.c...
compiling stm32l1xx_rcc.c...
compiling stm32l1xx_rtc.c...
compiling stm32l1xx_sdio.c...
compiling stm32l1xx_spi.c...
compiling stm32l1xx_syscfg.c...
compiling stm32l1xx_usart.c...
compiling stm32l1xx_tim.c...
compiling stm32l1xx_wwdg.c...
compiling radio.c...
compiling sx1272.c...
compiling sx1272-Fsk.c...
compiling sx1272-FskMisc.c...
compiling sx1272-LoRa.c...
compiling sx1272-LoRaMisc.c...
compiling led.c...
compiling rtc.c...
compiling spi.c...
compiling stm32fxxx_it.c...
compiling utility.c...
compiling sx1272-Hal.c...
assembling startup_stm32l1xx_hd_keil.s...
compiling XRange-Hal.c...
compiling system_stm32l1xx.c...
compiling main.c...
compiling usb_core.c...
compiling usb_init.c...
compiling usb_mem.c...
compiling usb_int.c...
compiling usb_sil.c...
compiling usb_regs.c...
compiling hw_config.c...
compiling usb_desc.c...
compiling usb_endp.c...
compiling usb_istr.c...
compiling usb_prop.c...
compiling usb_it.c...
compiling usb_pwr.c...
linking...
Program Size: Code=25096 RO-data=864 RW-data=540 ZI-data=9636  
FromELF: creating hex file...
".\bin\USB-RF.axf" - 0 Error(s), 0 Warning(s).

<h2>Collection of Component include folders:</h2>
  C:\Users\florent\Documents\homenolot\doc\Recherche\WaspMote\LoRa-Netblocks\XRange-master\Examples\Keil\USB-RF\RTE
  C:\Keil_v5\ARM\PACK\Keil\STM32L1xx_DFP\1.2.0\Device\Include

<h2>Collection of Component Files used:</h2>
Build Time Elapsed:  00:00:21
</pre>
</body>
</html>
