Archive member included because of file (symbol)

c:/program files (x86)/emblocks/2.30/share/em_armgcc/bin/../lib/gcc/arm-none-eabi/4.7.3/../../../../arm-none-eabi/lib/armv7-m\libm.a(lib_a-s_round.o)
                              obj\release\src\radio\sx1272-fsk.o (round)
c:/program files (x86)/emblocks/2.30/share/em_armgcc/bin/../lib/gcc/arm-none-eabi/4.7.3/../../../../arm-none-eabi/lib/armv7-m\libm.a(lib_a-w_pow.o)
                              obj\release\src\radio\sx1272-fskmisc.o (pow)
c:/program files (x86)/emblocks/2.30/share/em_armgcc/bin/../lib/gcc/arm-none-eabi/4.7.3/../../../../arm-none-eabi/lib/armv7-m\libm.a(lib_a-e_pow.o)
                              c:/program files (x86)/emblocks/2.30/share/em_armgcc/bin/../lib/gcc/arm-none-eabi/4.7.3/../../../../arm-none-eabi/lib/armv7-m\libm.a(lib_a-w_pow.o) (__ieee754_pow)
c:/program files (x86)/emblocks/2.30/share/em_armgcc/bin/../lib/gcc/arm-none-eabi/4.7.3/../../../../arm-none-eabi/lib/armv7-m\libm.a(lib_a-e_sqrt.o)
                              c:/program files (x86)/emblocks/2.30/share/em_armgcc/bin/../lib/gcc/arm-none-eabi/4.7.3/../../../../arm-none-eabi/lib/armv7-m\libm.a(lib_a-e_pow.o) (__ieee754_sqrt)
c:/program files (x86)/emblocks/2.30/share/em_armgcc/bin/../lib/gcc/arm-none-eabi/4.7.3/../../../../arm-none-eabi/lib/armv7-m\libm.a(lib_a-s_fabs.o)
                              c:/program files (x86)/emblocks/2.30/share/em_armgcc/bin/../lib/gcc/arm-none-eabi/4.7.3/../../../../arm-none-eabi/lib/armv7-m\libm.a(lib_a-e_pow.o) (fabs)
c:/program files (x86)/emblocks/2.30/share/em_armgcc/bin/../lib/gcc/arm-none-eabi/4.7.3/../../../../arm-none-eabi/lib/armv7-m\libm.a(lib_a-s_finite.o)
                              c:/program files (x86)/emblocks/2.30/share/em_armgcc/bin/../lib/gcc/arm-none-eabi/4.7.3/../../../../arm-none-eabi/lib/armv7-m\libm.a(lib_a-w_pow.o) (finite)
c:/program files (x86)/emblocks/2.30/share/em_armgcc/bin/../lib/gcc/arm-none-eabi/4.7.3/../../../../arm-none-eabi/lib/armv7-m\libm.a(lib_a-s_fpclassify.o)
                              c:/program files (x86)/emblocks/2.30/share/em_armgcc/bin/../lib/gcc/arm-none-eabi/4.7.3/../../../../arm-none-eabi/lib/armv7-m\libm.a(lib_a-w_pow.o) (__fpclassifyd)
c:/program files (x86)/emblocks/2.30/share/em_armgcc/bin/../lib/gcc/arm-none-eabi/4.7.3/../../../../arm-none-eabi/lib/armv7-m\libm.a(lib_a-s_lib_ver.o)
                              c:/program files (x86)/emblocks/2.30/share/em_armgcc/bin/../lib/gcc/arm-none-eabi/4.7.3/../../../../arm-none-eabi/lib/armv7-m\libm.a(lib_a-w_pow.o) (__fdlib_version)
c:/program files (x86)/emblocks/2.30/share/em_armgcc/bin/../lib/gcc/arm-none-eabi/4.7.3/../../../../arm-none-eabi/lib/armv7-m\libm.a(lib_a-s_matherr.o)
                              c:/program files (x86)/emblocks/2.30/share/em_armgcc/bin/../lib/gcc/arm-none-eabi/4.7.3/../../../../arm-none-eabi/lib/armv7-m\libm.a(lib_a-w_pow.o) (matherr)
c:/program files (x86)/emblocks/2.30/share/em_armgcc/bin/../lib/gcc/arm-none-eabi/4.7.3/../../../../arm-none-eabi/lib/armv7-m\libm.a(lib_a-s_nan.o)
                              c:/program files (x86)/emblocks/2.30/share/em_armgcc/bin/../lib/gcc/arm-none-eabi/4.7.3/../../../../arm-none-eabi/lib/armv7-m\libm.a(lib_a-e_pow.o) (nan)
c:/program files (x86)/emblocks/2.30/share/em_armgcc/bin/../lib/gcc/arm-none-eabi/4.7.3/../../../../arm-none-eabi/lib/armv7-m\libm.a(lib_a-s_rint.o)
                              c:/program files (x86)/emblocks/2.30/share/em_armgcc/bin/../lib/gcc/arm-none-eabi/4.7.3/../../../../arm-none-eabi/lib/armv7-m\libm.a(lib_a-w_pow.o) (rint)
c:/program files (x86)/emblocks/2.30/share/em_armgcc/bin/../lib/gcc/arm-none-eabi/4.7.3/../../../../arm-none-eabi/lib/armv7-m\libm.a(lib_a-s_scalbn.o)
                              c:/program files (x86)/emblocks/2.30/share/em_armgcc/bin/../lib/gcc/arm-none-eabi/4.7.3/../../../../arm-none-eabi/lib/armv7-m\libm.a(lib_a-e_pow.o) (scalbn)
c:/program files (x86)/emblocks/2.30/share/em_armgcc/bin/../lib/gcc/arm-none-eabi/4.7.3/../../../../arm-none-eabi/lib/armv7-m\libm.a(lib_a-s_copysign.o)
                              c:/program files (x86)/emblocks/2.30/share/em_armgcc/bin/../lib/gcc/arm-none-eabi/4.7.3/../../../../arm-none-eabi/lib/armv7-m\libm.a(lib_a-s_scalbn.o) (copysign)
c:/program files (x86)/emblocks/2.30/share/em_armgcc/bin/../lib/gcc/arm-none-eabi/4.7.3/armv7-m\libgcc.a(_arm_addsubdf3.o)
                              obj\release\src\radio\sx1272-fskmisc.o (__aeabi_dsub)
c:/program files (x86)/emblocks/2.30/share/em_armgcc/bin/../lib/gcc/arm-none-eabi/4.7.3/armv7-m\libgcc.a(_arm_muldivdf3.o)
                              obj\release\src\radio\sx1272-fsk.o (__aeabi_dmul)
c:/program files (x86)/emblocks/2.30/share/em_armgcc/bin/../lib/gcc/arm-none-eabi/4.7.3/armv7-m\libgcc.a(_arm_cmpdf2.o)
                              c:/program files (x86)/emblocks/2.30/share/em_armgcc/bin/../lib/gcc/arm-none-eabi/4.7.3/../../../../arm-none-eabi/lib/armv7-m\libm.a(lib_a-w_pow.o) (__aeabi_dcmpeq)
[...]
Memory Configuration

Name             Origin             Length             Attributes
ROM              0x08000000         0x00010000         xr
RAM              0x20000000         0x00002800         xrw
*default*        0x00000000         0xffffffff

Linker script and memory map

LOAD c:/program files (x86)/emblocks/2.30/share/em_armgcc/bin/../lib/gcc/arm-none-eabi/4.7.3/armv7-m/crti.o
LOAD c:/program files (x86)/emblocks/2.30/share/em_armgcc/bin/../lib/gcc/arm-none-eabi/4.7.3/armv7-m/crtbegin.o
LOAD c:/program files (x86)/emblocks/2.30/share/em_armgcc/bin/../lib/gcc/arm-none-eabi/4.7.3/../../../../arm-none-eabi/lib/armv7-m/crt0.o
                0x00000000                __HEAP_SIZE = 0x0
                0x00000100                __STACK_SIZE = 0x100

.text           0x08000000     0x3fbc
 *(.isr_vector)
 .isr_vector    0x08000000      0x124 obj\release\src\startup_stm32l1xx_mdp.o
                0x08000000                __isr_vector
 *(.text*)
 .text          0x08000124       0x54 c:/program files (x86)/emblocks/2.30/share/em_armgcc/bin/../lib/gcc/arm-none-eabi/4.7.3/armv7-m/crtbegin.o
 .text          0x08000178       0x74 c:/program files (x86)/emblocks/2.30/share/em_armgcc/bin/../lib/gcc/arm-none-eabi/4.7.3/../../../../arm-none-eabi/lib/armv7-m/crt0.o
                0x08000178                _start
                0x08000178                _mainCRTStartup
 .text.NVIC_PriorityGroupConfig
                0x080001ec       0x14 obj\release\spl\src\misc.o
                0x080001ec                NVIC_PriorityGroupConfig
 .text.NVIC_Init
                0x08000200       0x80 obj\release\spl\src\misc.o
                0x08000200                NVIC_Init
 .text.EXTI_Init
                0x08000280       0x8c obj\release\spl\src\stm32l1xx_exti.o
                0x08000280                EXTI_Init
 .text.EXTI_ClearITPendingBit
                0x0800030c        0xc obj\release\spl\src\stm32l1xx_exti.o
                0x0800030c                EXTI_ClearITPendingBit
 .text.GPIO_Init
                0x08000318       0xb8 obj\release\spl\src\stm32l1xx_gpio.o
                0x08000318                GPIO_Init
 .text.GPIO_StructInit
                0x080003d0       0x14 obj\release\spl\src\stm32l1xx_gpio.o
                0x080003d0                GPIO_StructInit
 .text.GPIO_ReadInputDataBit
                0x080003e4        0xc obj\release\spl\src\stm32l1xx_gpio.o
                0x080003e4                GPIO_ReadInputDataBit
 .text.GPIO_WriteBit
                0x080003f0        0xc obj\release\spl\src\stm32l1xx_gpio.o
                0x080003f0                GPIO_WriteBit
 .text.GPIO_PinAFConfig
                0x080003fc       0x30 obj\release\spl\src\stm32l1xx_gpio.o
                0x080003fc                GPIO_PinAFConfig
 .text.RCC_AHBPeriphClockCmd
                0x0800042c       0x1c obj\release\spl\src\stm32l1xx_rcc.o
                0x0800042c                RCC_AHBPeriphClockCmd
 .text.RCC_APB2PeriphClockCmd
                0x08000448       0x1c obj\release\spl\src\stm32l1xx_rcc.o
                0x08000448                RCC_APB2PeriphClockCmd
 .text.RCC_APB1PeriphClockCmd
                0x08000464       0x1c obj\release\spl\src\stm32l1xx_rcc.o
                0x08000464                RCC_APB1PeriphClockCmd
 .text.SPI_Init
                0x08000480       0x40 obj\release\spl\src\stm32l1xx_spi.o
                0x08000480                SPI_Init
 .text.SPI_Cmd  0x080004c0       0x1c obj\release\spl\src\stm32l1xx_spi.o
                0x080004c0                SPI_Cmd
 .text.SPI_I2S_ReceiveData
                0x080004dc        0x8 obj\release\spl\src\stm32l1xx_spi.o
                0x080004dc                SPI_I2S_ReceiveData
 .text.SPI_I2S_SendData
                0x080004e4        0x4 obj\release\spl\src\stm32l1xx_spi.o
                0x080004e4                SPI_I2S_SendData
 .text.SPI_I2S_GetFlagStatus
                0x080004e8        0xc obj\release\spl\src\stm32l1xx_spi.o
                0x080004e8                SPI_I2S_GetFlagStatus
 .text.SYSCFG_USBPuCmd
                0x080004f4       0x1c obj\release\spl\src\stm32l1xx_syscfg.o
                0x080004f4                SYSCFG_USBPuCmd
 .text.Standard_GetConfiguration
                0x08000510       0x28 obj\release\stm32_usb-fs-device_driver\src\usb_core.o
                0x08000510                Standard_GetConfiguration
 .text.Standard_GetInterface
                0x08000538       0x28 obj\release\stm32_usb-fs-device_driver\src\usb_core.o
                0x08000538                Standard_GetInterface
 .text.Standard_GetStatus
                0x08000560       0xa0 obj\release\stm32_usb-fs-device_driver\src\usb_core.o
                0x08000560                Standard_GetStatus
 .text.DataStageIn
                0x08000600       0xc8 obj\release\stm32_usb-fs-device_driver\src\usb_core.o
 .text.Standard_SetConfiguration
                0x080006c8       0x3c obj\release\stm32_usb-fs-device_driver\src\usb_core.o
                0x080006c8                Standard_SetConfiguration
 .text.Standard_SetInterface
                0x08000704       0x50 obj\release\stm32_usb-fs-device_driver\src\usb_core.o
                0x08000704                Standard_SetInterface
 .text.Standard_ClearFeature
                0x08000754       0xe8 obj\release\stm32_usb-fs-device_driver\src\usb_core.o
                0x08000754                Standard_ClearFeature
 .text.Standard_SetEndPointFeature
                0x0800083c       0x98 obj\release\stm32_usb-fs-device_driver\src\usb_core.o
                0x0800083c                Standard_SetEndPointFeature
 .text.Standard_GetDescriptorData
                0x080008d4       0x1c obj\release\stm32_usb-fs-device_driver\src\usb_core.o
                0x080008d4                Standard_GetDescriptorData
 .text.Post0_Process
                0x080008f0       0x44 obj\release\stm32_usb-fs-device_driver\src\usb_core.o
                0x080008f0                Post0_Process
 .text.Out0_Process
                0x08000934       0xec obj\release\stm32_usb-fs-device_driver\src\usb_core.o
                0x08000934                Out0_Process
 .text.Setup0_Process
                0x08000a20      0x38c obj\release\stm32_usb-fs-device_driver\src\usb_core.o
                0x08000a20                Setup0_Process
 .text.SetDeviceAddress
                0x08000dac       0x44 obj\release\stm32_usb-fs-device_driver\src\usb_core.o
                0x08000dac                SetDeviceAddress
 .text.In0_Process
                0x08000df0       0x60 obj\release\stm32_usb-fs-device_driver\src\usb_core.o
                0x08000df0                In0_Process
 .text.NOP_Process
                0x08000e50        0x4 obj\release\stm32_usb-fs-device_driver\src\usb_core.o
                0x08000e50                NOP_Process
 .text.USB_Init
                0x08000e54       0x44 obj\release\stm32_usb-fs-device_driver\src\usb_init.o
                0x08000e54                USB_Init
 .text.CTR_LP   0x08000e98      0x1c0 obj\release\stm32_usb-fs-device_driver\src\usb_int.o
                0x08000e98                CTR_LP
 .text.UserToPMABufferCopy
                0x08001058       0x34 obj\release\stm32_usb-fs-device_driver\src\usb_mem.o
                0x08001058                UserToPMABufferCopy
 .text.PMAToUserBufferCopy
                0x0800108c       0x24 obj\release\stm32_usb-fs-device_driver\src\usb_mem.o
                0x0800108c                PMAToUserBufferCopy
 .text.SetBTABLE
                0x080010b0       0x14 obj\release\stm32_usb-fs-device_driver\src\usb_regs.o
                0x080010b0                SetBTABLE
 .text.SetEPType
                0x080010c4       0x18 obj\release\stm32_usb-fs-device_driver\src\usb_regs.o
                0x080010c4                SetEPType
 .text.SetEPTxStatus
                0x080010dc       0x40 obj\release\stm32_usb-fs-device_driver\src\usb_regs.o
                0x080010dc                SetEPTxStatus
 .text.SetEPRxStatus
                0x0800111c       0x40 obj\release\stm32_usb-fs-device_driver\src\usb_regs.o
                0x0800111c                SetEPRxStatus
 .text.SetEPTxValid
                0x0800115c       0x24 obj\release\stm32_usb-fs-device_driver\src\usb_regs.o
                0x0800115c                SetEPTxValid
 .text.SetEPRxValid
                0x08001180       0x24 obj\release\stm32_usb-fs-device_driver\src\usb_regs.o
                0x08001180                SetEPRxValid
 .text.Clear_Status_Out
                0x080011a4       0x20 obj\release\stm32_usb-fs-device_driver\src\usb_regs.o
                0x080011a4                Clear_Status_Out
 .text.ClearDTOG_RX
                0x080011c4       0x24 obj\release\stm32_usb-fs-device_driver\src\usb_regs.o
                0x080011c4                ClearDTOG_RX
 .text.ClearDTOG_TX
                0x080011e8       0x24 obj\release\stm32_usb-fs-device_driver\src\usb_regs.o
                0x080011e8                ClearDTOG_TX
 .text.SetEPTxAddr
                0x0800120c       0x24 obj\release\stm32_usb-fs-device_driver\src\usb_regs.o
                0x0800120c                SetEPTxAddr
 .text.SetEPRxAddr
                0x08001230       0x28 obj\release\stm32_usb-fs-device_driver\src\usb_regs.o
                0x08001230                SetEPRxAddr
 .text.GetEPTxAddr
                0x08001258       0x20 obj\release\stm32_usb-fs-device_driver\src\usb_regs.o
                0x08001258                GetEPTxAddr
 .text.GetEPRxAddr
                0x08001278       0x20 obj\release\stm32_usb-fs-device_driver\src\usb_regs.o
                0x08001278                GetEPRxAddr
 .text.SetEPTxCount
                0x08001298       0x20 obj\release\stm32_usb-fs-device_driver\src\usb_regs.o
                0x08001298                SetEPTxCount
 .text.SetEPRxCount
                0x080012b8       0x44 obj\release\stm32_usb-fs-device_driver\src\usb_regs.o
                0x080012b8                SetEPRxCount
 .text.GetEPRxCount
                0x080012fc       0x24 obj\release\stm32_usb-fs-device_driver\src\usb_regs.o
                0x080012fc                GetEPRxCount
 .text.ByteSwap
                0x08001320        0xc obj\release\stm32_usb-fs-device_driver\src\usb_regs.o
                0x08001320                ByteSwap
 .text.USB_SIL_Init
                0x0800132c       0x2c obj\release\stm32_usb-fs-device_driver\src\usb_sil.o
                0x0800132c                USB_SIL_Init
 .text.GreenLedBlink
                0x08001358       0x1c obj\release\apps\usb-rf\main.o
                0x08001358                GreenLedBlink
 .text.RedLedBlink
                0x08001374       0x1c obj\release\apps\usb-rf\main.o
                0x08001374                RedLedBlink
 .text.RadioStart
                0x08001390       0xd8 obj\release\apps\usb-rf\main.o
                0x08001390                RadioStart
 .text.startup.main
                0x08001468       0x18 obj\release\apps\usb-rf\main.o
                0x08001468                main
 .text.RadioDriverInit
                0x08001480       0x48 obj\release\src\radio\radio.o
                0x08001480                RadioDriverInit
 .text.SX1272FskSetOpMode
                0x080014c8       0x54 obj\release\src\radio\sx1272-fsk.o
                0x080014c8                SX1272FskSetOpMode
 *fill*         0x0800151c        0x4 
 .text.SX1272FskReadAfc
                0x08001520       0x48 obj\release\src\radio\sx1272-fsk.o
                0x08001520                SX1272FskReadAfc
 .text.SX1272FskReadRxGain
                0x08001568       0x1c obj\release\src\radio\sx1272-fsk.o
                0x08001568                SX1272FskReadRxGain
 .text.SX1272FskReadRssi
                0x08001584       0x30 obj\release\src\radio\sx1272-fsk.o
                0x08001584                SX1272FskReadRssi
 .text.SX1272FskGetRxPacket
                0x080015b4       0x24 obj\release\src\radio\sx1272-fsk.o
                0x080015b4                SX1272FskGetRxPacket
 .text.SX1272FskSetTxPacket
                0x080015d8       0x2c obj\release\src\radio\sx1272-fsk.o
                0x080015d8                SX1272FskSetTxPacket
 .text.SX1272FskGetPacketPayloadSize
                0x08001604       0x40 obj\release\src\radio\sx1272-fsk.o
                0x08001604                SX1272FskGetPacketPayloadSize
 .text.SX1272FskSetRFState
                0x08001644        0xc obj\release\src\radio\sx1272-fsk.o
                0x08001644                SX1272FskSetRFState
 .text.SX1272FskProcess
                0x08001650      0x4a4 obj\release\src\radio\sx1272-fsk.o
                0x08001650                SX1272FskProcess
 .text.SX1272LoRaSetDefaults
                0x08001af4       0x28 obj\release\src\radio\sx1272-lora.o
                0x08001af4                SX1272LoRaSetDefaults
 .text.SX1272LoRaSetOpMode
                0x08001b1c       0x54 obj\release\src\radio\sx1272-lora.o
                0x08001b1c                SX1272LoRaSetOpMode
 .text.SX1272LoRaInit
                0x08001b70       0x98 obj\release\src\radio\sx1272-lora.o
                0x08001b70                SX1272LoRaInit
 .text.SX1272LoRaReadRxGain
                0x08001c08       0x1c obj\release\src\radio\sx1272-lora.o
                0x08001c08                SX1272LoRaReadRxGain
 .text.SX1272LoRaGetRxPacket
                0x08001c24       0x20 obj\release\src\radio\sx1272-lora.o
                0x08001c24                SX1272LoRaGetRxPacket
 .text.SX1272LoRaSetTxPacket
                0x08001c44       0x2c obj\release\src\radio\sx1272-lora.o
                0x08001c44                SX1272LoRaSetTxPacket
 .text.SX1272LoRaSetRFState
                0x08001c70        0xc obj\release\src\radio\sx1272-lora.o
                0x08001c70                SX1272LoRaSetRFState
 *fill*         0x08001c7c        0x4 
 .text.SX1272LoRaProcess
                0x08001c80      0x508 obj\release\src\radio\sx1272-lora.o
                0x08001c80                SX1272LoRaProcess
 .text.SX1272LoRaSetRFFrequency
                0x08002188       0x48 obj\release\src\radio\sx1272-loramisc.o
                0x08002188                SX1272LoRaSetRFFrequency
 .text.SX1272LoRaSetRFPower
                0x080021d0       0x9c obj\release\src\radio\sx1272-loramisc.o
                0x080021d0                SX1272LoRaSetRFPower
 .text.SX1272LoRaSetSignalBandwidth
                0x0800226c       0x38 obj\release\src\radio\sx1272-loramisc.o
                0x0800226c                SX1272LoRaSetSignalBandwidth
 .text.SX1272LoRaSetErrorCoding
                0x080022a4       0x38 obj\release\src\radio\sx1272-loramisc.o
                0x080022a4                SX1272LoRaSetErrorCoding
 .text.SX1272LoRaSetPacketCrcOn
                0x080022dc       0x38 obj\release\src\radio\sx1272-loramisc.o
                0x080022dc                SX1272LoRaSetPacketCrcOn
 .text.SX1272LoRaSetImplicitHeaderOn
                0x08002314       0x38 obj\release\src\radio\sx1272-loramisc.o
                0x08002314                SX1272LoRaSetImplicitHeaderOn
 .text.SX1272LoRaSetPayloadLength
                0x0800234c       0x28 obj\release\src\radio\sx1272-loramisc.o
                0x0800234c                SX1272LoRaSetPayloadLength
 .text.SX1272LoRaSetPa20dBm
                0x08002374       0x38 obj\release\src\radio\sx1272-loramisc.o
                0x08002374                SX1272LoRaSetPa20dBm
 .text.SX1272LoRaSetSymbTimeout
                0x080023ac       0x38 obj\release\src\radio\sx1272-loramisc.o
                0x080023ac                SX1272LoRaSetSymbTimeout
 .text.SX1272LoRaSetLowDatarateOptimize
                0x080023e4       0x2c obj\release\src\radio\sx1272-loramisc.o
                0x080023e4                SX1272LoRaSetLowDatarateOptimize
 .text.SX1272LoRaSetNbTrigPeaks
                0x08002410       0x30 obj\release\src\radio\sx1272-loramisc.o
                0x08002410                SX1272LoRaSetNbTrigPeaks
 .text.SX1272LoRaSetSpreadingFactor
                0x08002440       0x58 obj\release\src\radio\sx1272-loramisc.o
                0x08002440                SX1272LoRaSetSpreadingFactor
 .text.SX1272Reset
                0x08002498       0x2c obj\release\src\radio\sx1272.o
                0x08002498                SX1272Reset
 .text.SX1272SetLoRaOn
                0x080024c4       0x90 obj\release\src\radio\sx1272.o
                0x080024c4                SX1272SetLoRaOn
 .text.SX1272Init
                0x08002554       0x40 obj\release\src\radio\sx1272.o
                0x08002554                SX1272Init
 .text.SX1272StartRx
                0x08002594       0x14 obj\release\src\radio\sx1272.o
                0x08002594                SX1272StartRx
 .text.SX1272GetRxPacket
                0x080025a8       0x14 obj\release\src\radio\sx1272.o
                0x080025a8                SX1272GetRxPacket
 .text.SX1272SetTxPacket
                0x080025bc       0x14 obj\release\src\radio\sx1272.o
                0x080025bc                SX1272SetTxPacket
 .text.SX1272Process
                0x080025d0       0x14 obj\release\src\radio\sx1272.o
                0x080025d0                SX1272Process
 .text          0x080025e4       0xd0 obj\release\src\startup_stm32l1xx_mdp.o
                0x080025e4                Reset_Handler
                0x0800262c                HardFault_Handler
                0x0800263c                Default_Handler
                0x0800263e                WWDG_IRQHandler
                0x08002640                PVD_IRQHandler
                0x08002642                TAMPER_STAMP_IRQHandler
                0x08002644                RTC_WKUP_IRQHandler
                0x08002646                FLASH_IRQHandler
                0x08002648                RCC_IRQHandler
                0x0800264a                EXTI0_IRQHandler
                0x0800264c                EXTI1_IRQHandler
                0x0800264e                EXTI2_IRQHandler
                0x08002650                EXTI3_IRQHandler
                0x08002652                EXTI4_IRQHandler
                0x08002654                DMA1_Channel1_IRQHandler
                0x08002656                DMA1_Channel2_IRQHandler
                0x08002658                DMA1_Channel3_IRQHandler
                0x0800265a                DMA1_Channel4_IRQHandler
                0x0800265c                DMA1_Channel5_IRQHandler
                0x0800265e                DMA1_Channel6_IRQHandler
                0x08002660                DMA1_Channel7_IRQHandler
                0x08002662                ADC1_IRQHandler
                0x08002664                USB_HP_IRQHandler
                0x08002668                DAC_IRQHandler
                0x0800266a                COMP_IRQHandler
                0x0800266c                EXTI9_5_IRQHandler
                0x0800266e                LCD_IRQHandler
                0x08002670                TIM9_IRQHandler
                0x08002672                TIM10_IRQHandler
                0x08002674                TIM11_IRQHandler
                0x08002676                TIM2_IRQHandler
                0x08002678                TIM3_IRQHandler
                0x0800267a                TIM4_IRQHandler
                0x0800267c                I2C1_EV_IRQHandler
                0x0800267e                I2C1_ER_IRQHandler
                0x08002680                I2C2_EV_IRQHandler
                0x08002682                I2C2_ER_IRQHandler
                0x08002684                SPI1_IRQHandler
                0x08002686                SPI2_IRQHandler
                0x08002688                USART1_IRQHandler
                0x0800268a                USART2_IRQHandler
                0x0800268c                USART3_IRQHandler
                0x0800268e                EXTI15_10_IRQHandler
                0x08002690                RTC_Alarm_IRQHandler
                0x08002694                TIM6_IRQHandler
                0x08002696                TIM7_IRQHandler
                0x08002698                TIM5_IRQHandler
                0x0800269a                SPI3_IRQHandler
                0x0800269c                DMA2_Channel1_IRQHandler
                0x0800269e                DMA2_Channel2_IRQHandler
                0x080026a0                DMA2_Channel3_IRQHandler
                0x080026a2                DMA2_Channel4_IRQHandler
                0x080026a4                DMA2_Channel5_IRQHandler
                0x080026a6                AES_IRQHandler
                0x080026a8                COMP_ACQ_IRQHandler
 .text.SystemInit
                0x080026b4      0x13c obj\release\src\system_stm32l1xx.o
                0x080026b4                SystemInit
 .text.BoardInit
                0x080027f0       0x78 obj\release\src\xrange\xrange-hal.o
                0x080027f0                BoardInit
 .text.LedInit  0x08002868       0x58 obj\release\src\xrange\led.o
                0x08002868                LedInit
 .text.LedOn    0x080028c0       0x20 obj\release\src\xrange\led.o
                0x080028c0                LedOn
 .text.LedOff   0x080028e0       0x20 obj\release\src\xrange\led.o
                0x080028e0                LedOff
 .text.SpiInit  0x08002900       0xd0 obj\release\src\xrange\spi.o
                0x08002900                SpiInit
 .text.SpiInOut
                0x080029d0       0x34 obj\release\src\xrange\spi.o
                0x080029d0                SpiInOut
 .text.NMI_Handler
                0x08002a04        0x4 obj\release\src\xrange\stm32fxxx_it.o
                0x08002a04                NMI_Handler
 .text.MemManage_Handler
                0x08002a08        0x4 obj\release\src\xrange\stm32fxxx_it.o
                0x08002a08                MemManage_Handler
 .text.BusFault_Handler
                0x08002a0c        0x4 obj\release\src\xrange\stm32fxxx_it.o
                0x08002a0c                BusFault_Handler
 .text.UsageFault_Handler
                0x08002a10        0x4 obj\release\src\xrange\stm32fxxx_it.o
                0x08002a10                UsageFault_Handler
 .text.SVC_Handler
                0x08002a14        0x4 obj\release\src\xrange\stm32fxxx_it.o
                0x08002a14                SVC_Handler
 .text.DebugMon_Handler
                0x08002a18        0x4 obj\release\src\xrange\stm32fxxx_it.o
                0x08002a18                DebugMon_Handler
 .text.PendSV_Handler
                0x08002a1c        0x4 obj\release\src\xrange\stm32fxxx_it.o
                0x08002a1c                PendSV_Handler
 .text.SysTick_Handler
                0x08002a20       0x10 obj\release\src\xrange\stm32fxxx_it.o
                0x08002a20                SysTick_Handler
 .text.SX1272InitIo
                0x08002a30       0xc0 obj\release\src\xrange\sx1272-hal.o
                0x08002a30                SX1272InitIo
 .text.SX1272SetReset
                0x08002af0       0x64 obj\release\src\xrange\sx1272-hal.o
                0x08002af0                SX1272SetReset
 .text.SX1272WriteBuffer
                0x08002b54       0x50 obj\release\src\xrange\sx1272-hal.o
                0x08002b54                SX1272WriteBuffer
 .text.SX1272Write
                0x08002ba4       0x18 obj\release\src\xrange\sx1272-hal.o
                0x08002ba4                SX1272Write
 .text.SX1272ReadBuffer
                0x08002bbc       0x50 obj\release\src\xrange\sx1272-hal.o
                0x08002bbc                SX1272ReadBuffer
 .text.SX1272Read
                0x08002c0c        0x8 obj\release\src\xrange\sx1272-hal.o
                0x08002c0c                SX1272Read
 .text.SX1272WriteFifo
                0x08002c14        0xc obj\release\src\xrange\sx1272-hal.o
                0x08002c14                SX1272WriteFifo
 .text.SX1272ReadFifo
                0x08002c20        0xc obj\release\src\xrange\sx1272-hal.o
                0x08002c20                SX1272ReadFifo
 .text.SX1272ReadDio0
                0x08002c2c       0x10 obj\release\src\xrange\sx1272-hal.o
                0x08002c2c                SX1272ReadDio0
 .text.SX1272ReadDio1
                0x08002c3c       0x10 obj\release\src\xrange\sx1272-hal.o
                0x08002c3c                SX1272ReadDio1
 .text.SX1272ReadDio2
                0x08002c4c       0x10 obj\release\src\xrange\sx1272-hal.o
                0x08002c4c                SX1272ReadDio2
 .text.SX1272ReadDio3
                0x08002c5c       0x10 obj\release\src\xrange\sx1272-hal.o
                0x08002c5c                SX1272ReadDio3
 .text.SX1272ReadDio4
                0x08002c6c       0x10 obj\release\src\xrange\sx1272-hal.o
                0x08002c6c                SX1272ReadDio4
 .text.SX1272WriteRxTx
                0x08002c7c       0x1c obj\release\src\xrange\sx1272-hal.o
                0x08002c7c                SX1272WriteRxTx
 .text.Delay    0x08002c98       0x14 obj\release\src\xrange\utility.o
                0x08002c98                Delay
 .text.IntToUnicode
                0x08002cac       0x3c obj\release\usb\src\hw_config.o
 .text.Set_System
                0x08002ce8       0x34 obj\release\usb\src\hw_config.o
                0x08002ce8                Set_System
 .text.Set_USBClock
                0x08002d1c        0xc obj\release\usb\src\hw_config.o
                0x08002d1c                Set_USBClock
 .text.Leave_LowPowerMode
                0x08002d28       0x20 obj\release\usb\src\hw_config.o
                0x08002d28                Leave_LowPowerMode
 .text.USB_Interrupts_Config
                0x08002d48       0x44 obj\release\usb\src\hw_config.o
                0x08002d48                USB_Interrupts_Config
 .text.USB_Cable_Config
                0x08002d8c        0xc obj\release\usb\src\hw_config.o
                0x08002d8c                USB_Cable_Config
 .text.Get_SerialNum
                0x08002d98       0x40 obj\release\usb\src\hw_config.o
                0x08002d98                Get_SerialNum
 .text.CDC_Send_DATA
                0x08002dd8       0x30 obj\release\usb\src\hw_config.o
                0x08002dd8                CDC_Send_DATA
 .text.CDC_Receive_DATA
                0x08002e08       0x18 obj\release\usb\src\hw_config.o
                0x08002e08                CDC_Receive_DATA
 .text.EP1_IN_Callback
                0x08002e20       0x10 obj\release\usb\src\usb_endp.o
                0x08002e20                EP1_IN_Callback
 .text.EP3_OUT_Callback
                0x08002e30       0x38 obj\release\usb\src\usb_endp.o
                0x08002e30                EP3_OUT_Callback
 .text.USB_Istr
                0x08002e68      0x1d4 obj\release\usb\src\usb_istr.o
                0x08002e68                USB_Istr
 .text.USB_LP_IRQHandler
                0x0800303c        0x4 obj\release\usb\src\usb_it.o
                0x0800303c                USB_LP_IRQHandler
 .text.USB_FS_WKUP_IRQHandler
                0x08003040        0x8 obj\release\usb\src\usb_it.o
                0x08003040                USB_FS_WKUP_IRQHandler
 .text.Virtual_Com_Port_SetConfiguration
                0x08003048       0x18 obj\release\usb\src\usb_prop.o
                0x08003048                Virtual_Com_Port_SetConfiguration
 .text.Virtual_Com_Port_SetDeviceAddress
                0x08003060       0x10 obj\release\usb\src\usb_prop.o
                0x08003060                Virtual_Com_Port_SetDeviceAddress
 .text.Virtual_Com_Port_Status_In
                0x08003070       0x14 obj\release\usb\src\usb_prop.o
                0x08003070                Virtual_Com_Port_Status_In
 .text.Virtual_Com_Port_Status_Out
                0x08003084        0x4 obj\release\usb\src\usb_prop.o
                0x08003084                Virtual_Com_Port_Status_Out
 .text.Virtual_Com_Port_Data_Setup
                0x08003088       0x60 obj\release\usb\src\usb_prop.o
                0x08003088                Virtual_Com_Port_Data_Setup
 .text.Virtual_Com_Port_NoData_Setup
                0x080030e8       0x24 obj\release\usb\src\usb_prop.o
                0x080030e8                Virtual_Com_Port_NoData_Setup
 .text.Virtual_Com_Port_Get_Interface_Setting
                0x0800310c       0x10 obj\release\usb\src\usb_prop.o
                0x0800310c                Virtual_Com_Port_Get_Interface_Setting
 .text.Virtual_Com_Port_GetLineCoding
                0x0800311c       0x18 obj\release\usb\src\usb_prop.o
                0x0800311c                Virtual_Com_Port_GetLineCoding
 .text.Virtual_Com_Port_SetLineCoding
                0x08003134       0x18 obj\release\usb\src\usb_prop.o
                0x08003134                Virtual_Com_Port_SetLineCoding
 .text.Virtual_Com_Port_GetStringDescriptor
                0x0800314c       0x20 obj\release\usb\src\usb_prop.o
                0x0800314c                Virtual_Com_Port_GetStringDescriptor
 .text.Virtual_Com_Port_GetConfigDescriptor
                0x0800316c        0xc obj\release\usb\src\usb_prop.o
                0x0800316c                Virtual_Com_Port_GetConfigDescriptor
 .text.Virtual_Com_Port_GetDeviceDescriptor
                0x08003178        0xc obj\release\usb\src\usb_prop.o
                0x08003178                Virtual_Com_Port_GetDeviceDescriptor
 .text.Virtual_Com_Port_Reset
                0x08003184       0xe8 obj\release\usb\src\usb_prop.o
                0x08003184                Virtual_Com_Port_Reset
 .text.Virtual_Com_Port_init
                0x0800326c       0x28 obj\release\usb\src\usb_prop.o
                0x0800326c                Virtual_Com_Port_init
 .text.PowerOn  0x08003294       0x38 obj\release\usb\src\usb_pwr.o
                0x08003294                PowerOn
 .text.Suspend  0x080032cc      0x108 obj\release\usb\src\usb_pwr.o
                0x080032cc                Suspend
 .text.Resume_Init
                0x080033d4       0x20 obj\release\usb\src\usb_pwr.o
                0x080033d4                Resume_Init
 .text.Resume   0x080033f4       0xb8 obj\release\usb\src\usb_pwr.o
                0x080033f4                Resume
 .text.round    0x080034ac       0x9c c:/program files (x86)/emblocks/2.30/share/em_armgcc/bin/../lib/gcc/arm-none-eabi/4.7.3/../../../../arm-none-eabi/lib/armv7-m\libm.a(lib_a-s_round.o)
                0x080034ac                round
 .text          0x08003548      0x370 c:/program files (x86)/emblocks/2.30/share/em_armgcc/bin/../lib/gcc/arm-none-eabi/4.7.3/armv7-m\libgcc.a(_arm_addsubdf3.o)
                0x08003548                __aeabi_drsub
                0x08003550                __aeabi_dsub
                0x08003550                __subdf3
                0x08003554                __aeabi_dadd
                0x08003554                __adddf3
                0x080037cc                __floatunsidf
                0x080037cc                __aeabi_ui2d
                0x080037ec                __floatsidf
                0x080037ec                __aeabi_i2d
                0x08003810                __aeabi_f2d
                0x08003810                __extendsfdf2
                0x0800384c                __floatundidf
                0x0800384c                __aeabi_ul2d
                0x0800385c                __floatdidf
                0x0800385c                __aeabi_l2d
 .text          0x080038b8      0x424 c:/program files (x86)/emblocks/2.30/share/em_armgcc/bin/../lib/gcc/arm-none-eabi/4.7.3/armv7-m\libgcc.a(_arm_muldivdf3.o)
                0x080038b8                __aeabi_dmul
                0x080038b8                __muldf3
                0x08003b0c                __divdf3
                0x08003b0c                __aeabi_ddiv
 .text          0x08003cdc       0x50 c:/program files (x86)/emblocks/2.30/share/em_armgcc/bin/../lib/gcc/arm-none-eabi/4.7.3/armv7-m\libgcc.a(_arm_fixdfsi.o)
                0x08003cdc                __aeabi_d2iz
                0x08003cdc                __fixdfsi
 .text          0x08003d2c       0x40 c:/program files (x86)/emblocks/2.30/share/em_armgcc/bin/../lib/gcc/arm-none-eabi/4.7.3/armv7-m\libgcc.a(_arm_fixunsdfsi.o)
                0x08003d2c                __aeabi_d2uiz
                0x08003d2c                __fixunsdfsi
 .text.exit     0x08003d6c       0x28 c:/program files (x86)/emblocks/2.30/share/em_armgcc/bin/../lib/gcc/arm-none-eabi/4.7.3/../../../../arm-none-eabi/lib/armv7-m\libc_n.a(lib_a-exit.o)
                0x08003d6c                exit
 .text.__libc_init_array
                0x08003d94       0x4c c:/program files (x86)/emblocks/2.30/share/em_armgcc/bin/../lib/gcc/arm-none-eabi/4.7.3/../../../../arm-none-eabi/lib/armv7-m\libc_n.a(lib_a-init.o)
                0x08003d94                __libc_init_array
 .text.memcpy   0x08003de0       0x12 c:/program files (x86)/emblocks/2.30/share/em_armgcc/bin/../lib/gcc/arm-none-eabi/4.7.3/../../../../arm-none-eabi/lib/armv7-m\libc_n.a(lib_a-memcpy-stub.o)
                0x08003de0                memcpy
 .text.memset   0x08003df2       0x10 c:/program files (x86)/emblocks/2.30/share/em_armgcc/bin/../lib/gcc/arm-none-eabi/4.7.3/../../../../arm-none-eabi/lib/armv7-m\libc_n.a(lib_a-memset.o)
                0x08003df2                memset
 *fill*         0x08003e02        0x2 
 .text._exit    0x08003e04        0x4 c:/program files (x86)/emblocks/2.30/share/em_armgcc/bin/../lib/gcc/arm-none-eabi/4.7.3/../../../../arm-none-eabi/lib/armv7-m\libnosys.a(_exit.o)
                0x08003e04                _exit
 *(.init)
 .init          0x08003e08        0x4 c:/program files (x86)/emblocks/2.30/share/em_armgcc/bin/../lib/gcc/arm-none-eabi/4.7.3/armv7-m/crti.o
                0x08003e08                _init
 .init          0x08003e0c        0x8 c:/program files (x86)/emblocks/2.30/share/em_armgcc/bin/../lib/gcc/arm-none-eabi/4.7.3/armv7-m/crtn.o
 *(.fini)
 .fini          0x08003e14        0x4 c:/program files (x86)/emblocks/2.30/share/em_armgcc/bin/../lib/gcc/arm-none-eabi/4.7.3/armv7-m/crti.o
                0x08003e14                _fini
 .fini          0x08003e18        0x8 c:/program files (x86)/emblocks/2.30/share/em_armgcc/bin/../lib/gcc/arm-none-eabi/4.7.3/armv7-m/crtn.o
 *crtbegin.o(.ctors)
 *crtbegin?.o(.ctors)
 *(EXCLUDE_FILE(*crtend.o *crtend?.o) .ctors)
 *(SORT(.ctors.*))
 *(.ctors)
 *crtbegin.o(.dtors)
 *crtbegin?.o(.dtors)
 *(EXCLUDE_FILE(*crtend.o *crtend?.o) .dtors)
 *(SORT(.dtors.*))
 *(.dtors)
 *(.rodata*)
 .rodata.HoppingFrequencies
                0x08003e20       0xcc obj\release\src\radio\sx1272-lora.o
                0x08003e20                HoppingFrequencies
 .rodata.LedClk
                0x08003eec        0x8 obj\release\src\xrange\led.o
                0x08003eec                LedClk
 .rodata.LedPin
                0x08003ef4        0x4 obj\release\src\xrange\led.o
                0x08003ef4                LedPin
 .rodata.Virtual_Com_Port_StringVendor
                0x08003ef8       0x28 obj\release\usb\src\usb_desc.o
                0x08003ef8                Virtual_Com_Port_StringVendor
 .rodata.Virtual_Com_Port_DeviceDescriptor
                0x08003f20       0x14 obj\release\usb\src\usb_desc.o
                0x08003f20                Virtual_Com_Port_DeviceDescriptor
 .rodata.Virtual_Com_Port_StringLangID
                0x08003f34        0x4 obj\release\usb\src\usb_desc.o
                0x08003f34                Virtual_Com_Port_StringLangID
 .rodata.Virtual_Com_Port_StringProduct
                0x08003f38       0x34 obj\release\usb\src\usb_desc.o
                0x08003f38                Virtual_Com_Port_StringProduct
 .rodata.Virtual_Com_Port_ConfigDescriptor
                0x08003f6c       0x44 obj\release\usb\src\usb_desc.o
                0x08003f6c                Virtual_Com_Port_ConfigDescriptor
 .rodata.str1.1
                0x08003fb0        0x2 c:/program files (x86)/emblocks/2.30/share/em_armgcc/bin/../lib/gcc/arm-none-eabi/4.7.3/../../../../arm-none-eabi/lib/armv7-m\libc_n.a(lib_a-impure.o)
 *fill*         0x08003fb2        0x2 
 .rodata._global_impure_ptr
                0x08003fb4        0x4 c:/program files (x86)/emblocks/2.30/share/em_armgcc/bin/../lib/gcc/arm-none-eabi/4.7.3/../../../../arm-none-eabi/lib/armv7-m\libc_n.a(lib_a-impure.o)
                0x08003fb4                _global_impure_ptr
 *(.eh_frame*)
 .eh_frame      0x08003fb8        0x0 c:/program files (x86)/emblocks/2.30/share/em_armgcc/bin/../lib/gcc/arm-none-eabi/4.7.3/armv7-m/crtbegin.o
 .eh_frame      0x08003fb8        0x4 c:/program files (x86)/emblocks/2.30/share/em_armgcc/bin/../lib/gcc/arm-none-eabi/4.7.3/armv7-m/crtend.o

.glue_7         0x08003fbc        0x0
 .glue_7        0x00000000        0x0 linker stubs

.glue_7t        0x08003fbc        0x0
 .glue_7t       0x00000000        0x0 linker stubs

.vfp11_veneer   0x08003fbc        0x0
 .vfp11_veneer  0x00000000        0x0 linker stubs

.v4_bx          0x08003fbc        0x0
 .v4_bx         0x00000000        0x0 linker stubs

.iplt           0x08003fbc        0x0
 .iplt          0x00000000        0x0 c:/program files (x86)/emblocks/2.30/share/em_armgcc/bin/../lib/gcc/arm-none-eabi/4.7.3/armv7-m/crtbegin.o

.ARM.extab
 *(.ARM.extab* .gnu.linkonce.armextab.*)
                0x08003fbc                __exidx_start = .

.ARM.exidx      0x08003fbc        0x8
 *(.ARM.exidx* .gnu.linkonce.armexidx.*)
 .ARM.exidx     0x08003fbc        0x8 c:/program files (x86)/emblocks/2.30/share/em_armgcc/bin/../lib/gcc/arm-none-eabi/4.7.3/../../../../arm-none-eabi/lib/armv7-m/crt0.o
                0x08003fc4                __exidx_end = .
                0x08003fc4                __etext = .

.rel.dyn        0x08003fc4        0x0
 .rel.iplt      0x00000000        0x0 c:/program files (x86)/emblocks/2.30/share/em_armgcc/bin/../lib/gcc/arm-none-eabi/4.7.3/armv7-m/crtbegin.o

.data           0x20000000      0x1a8 load address 0x08003fc4
                0x20000000                __data_start__ = .
 *(vtable)
 *(.data*)
 .data.packet_sent
                0x20000000        0x4 obj\release\apps\usb-rf\main.o
                0x20000000                packet_sent
 .data.packet_receive
                0x20000004        0x4 obj\release\apps\usb-rf\main.o
                0x20000004                packet_receive
 .data.LoRaSettings
                0x20000008       0x1c obj\release\apps\usb-rf\main.o
                0x20000008                LoRaSettings
 .data.BufferSize
                0x20000024        0x2 obj\release\apps\usb-rf\main.o
 .data.RxGain   0x20000026        0x1 obj\release\src\radio\sx1272-fsk.o
 .data.antennaSwitchTxOnPrev.7837
                0x20000027        0x1 obj\release\src\radio\sx1272-fsk.o
 .data.FskSettings
                0x20000028       0x1c obj\release\src\radio\sx1272-fsk.o
                0x20000028                FskSettings
 .data.DataChunkSize
                0x20000044        0x1 obj\release\src\radio\sx1272-fsk.o
 .data.opModePrev.7836
                0x20000045        0x1 obj\release\src\radio\sx1272-fsk.o
 .data.RxGain   0x20000046        0x1 obj\release\src\radio\sx1272-lora.o
 .data.antennaSwitchTxOnPrev.7337
                0x20000047        0x1 obj\release\src\radio\sx1272-lora.o
 .data.opModePrev.7336
                0x20000048        0x1 obj\release\src\radio\sx1272-lora.o
 *fill*         0x20000049        0x3 
 .data.SystemCoreClock
                0x2000004c        0x4 obj\release\src\system_stm32l1xx.o
                0x2000004c                SystemCoreClock
 .data.LedPort  0x20000050        0x8 obj\release\src\xrange\led.o
                0x20000050                LedPort
 .data.Virtual_Com_Port_StringSerial
                0x20000058       0x1c obj\release\usb\src\usb_desc.o
                0x20000058                Virtual_Com_Port_StringSerial
 .data.pEpInt_IN
                0x20000074       0x1c obj\release\usb\src\usb_istr.o
                0x20000074                pEpInt_IN
 .data.pEpInt_OUT
                0x20000090       0x1c obj\release\usb\src\usb_istr.o
                0x20000090                pEpInt_OUT
 .data.Config_Descriptor
                0x200000ac        0x8 obj\release\usb\src\usb_prop.o
                0x200000ac                Config_Descriptor
 .data.Device_Property
                0x200000b4       0x30 obj\release\usb\src\usb_prop.o
                0x200000b4                Device_Property
 .data.User_Standard_Requests
                0x200000e4       0x24 obj\release\usb\src\usb_prop.o
                0x200000e4                User_Standard_Requests
 .data.Device_Descriptor
                0x20000108        0x8 obj\release\usb\src\usb_prop.o
                0x20000108                Device_Descriptor
 .data.String_Descriptor
                0x20000110       0x20 obj\release\usb\src\usb_prop.o
                0x20000110                String_Descriptor
 .data.linecoding
                0x20000130        0x8 obj\release\usb\src\usb_prop.o
                0x20000130                linecoding
 .data.Device_Table
                0x20000138        0x4 obj\release\usb\src\usb_prop.o
                0x20000138                Device_Table
 .data.fSuspendEnabled
                0x2000013c        0x1 obj\release\usb\src\usb_pwr.o
                0x2000013c                fSuspendEnabled
 *fill*         0x2000013d        0x3 
 .data.impure_data
                0x20000140       0x60 c:/program files (x86)/emblocks/2.30/share/em_armgcc/bin/../lib/gcc/arm-none-eabi/4.7.3/../../../../arm-none-eabi/lib/armv7-m\libc_n.a(lib_a-impure.o)
                0x200001a0                . = ALIGN (0x4)
                0x200001a0                PROVIDE (__preinit_array_start, .)
 *(.preinit_array)
                0x200001a0                PROVIDE (__preinit_array_end, .)
                0x200001a0                . = ALIGN (0x4)
                0x200001a0                PROVIDE (__init_array_start, .)
 *(SORT(.init_array.*))
 *(.init_array)
 .init_array    0x200001a0        0x4 c:/program files (x86)/emblocks/2.30/share/em_armgcc/bin/../lib/gcc/arm-none-eabi/4.7.3/armv7-m/crtbegin.o
                0x200001a4                PROVIDE (__init_array_end, .)
                0x200001a4                . = ALIGN (0x4)
                0x200001a4                PROVIDE (__fini_array_start, .)
 *(SORT(.fini_array.*))
 *(.fini_array)
 .fini_array    0x200001a4        0x4 c:/program files (x86)/emblocks/2.30/share/em_armgcc/bin/../lib/gcc/arm-none-eabi/4.7.3/armv7-m/crtbegin.o
                0x200001a8                PROVIDE (__fini_array_end, .)
                0x200001a8                . = ALIGN (0x4)
                0x200001a8                __data_end__ = .

.jcr            0x200001a8        0x0 load address 0x0800416c
 .jcr           0x200001a8        0x0 c:/program files (x86)/emblocks/2.30/share/em_armgcc/bin/../lib/gcc/arm-none-eabi/4.7.3/armv7-m/crtbegin.o

.igot.plt       0x200001a8        0x0 load address 0x0800416c
 .igot.plt      0x00000000        0x0 c:/program files (x86)/emblocks/2.30/share/em_armgcc/bin/../lib/gcc/arm-none-eabi/4.7.3/armv7-m/crtbegin.o

.bss            0x200001a8      0x418 load address 0x08004170
                0x200001a8                __bss_start__ = .
 *(.bss*)
 .bss           0x200001a8       0x1c c:/program files (x86)/emblocks/2.30/share/em_armgcc/bin/../lib/gcc/arm-none-eabi/4.7.3/armv7-m/crtbegin.o
 .bss.Data_Mul_MaxPacketSize
                0x200001c4        0x1 obj\release\stm32_usb-fs-device_driver\src\usb_core.o
                0x200001c4                Data_Mul_MaxPacketSize
 *fill*         0x200001c5        0x3 
 .bss.Radio     0x200001c8        0x4 obj\release\apps\usb-rf\main.o
                0x200001c8                Radio
 .bss.Buffer    0x200001cc       0x40 obj\release\apps\usb-rf\main.o
 .bss.RFBuffer  0x2000020c      0x100 obj\release\src\radio\sx1272-fsk.o
 .bss.PacketTimeout
                0x2000030c        0x4 obj\release\src\radio\sx1272-fsk.o
 .bss.Preamble2SyncTimer
                0x20000310        0x4 obj\release\src\radio\sx1272-fsk.o
 .bss.RxPacketAfcValue
                0x20000314        0x4 obj\release\src\radio\sx1272-fsk.o
 .bss.RxPacketSize
                0x20000318        0x2 obj\release\src\radio\sx1272-fsk.o
 .bss.TxBytesSent
                0x2000031a        0x1 obj\release\src\radio\sx1272-fsk.o
 *fill*         0x2000031b        0x1 
 .bss.Preamble2SyncTimeout
                0x2000031c        0x4 obj\release\src\radio\sx1272-fsk.o
 .bss.TxPacketSize
                0x20000320        0x2 obj\release\src\radio\sx1272-fsk.o
 *fill*         0x20000322        0x6 
 .bss.RxPacketRssiValue
                0x20000328        0x8 obj\release\src\radio\sx1272-fsk.o
 .bss.TxTimeoutTimer
                0x20000330        0x4 obj\release\src\radio\sx1272-fsk.o
 .bss.RFState   0x20000334        0x1 obj\release\src\radio\sx1272-fsk.o
 *fill*         0x20000335        0x3 
 .bss.RxTimeoutTimer
                0x20000338        0x4 obj\release\src\radio\sx1272-fsk.o
 .bss.RxBytesRead
                0x2000033c        0x1 obj\release\src\radio\sx1272-fsk.o
 .bss.PreambleDetected
                0x2000033d        0x1 obj\release\src\radio\sx1272-fsk.o
 .bss.PacketDetected
                0x2000033e        0x1 obj\release\src\radio\sx1272-fsk.o
 .bss.SyncWordDetected
                0x2000033f        0x1 obj\release\src\radio\sx1272-fsk.o
 .bss.RFBuffer  0x20000340      0x100 obj\release\src\radio\sx1272-lora.o
 .bss.PacketTimeout
                0x20000440        0x4 obj\release\src\radio\sx1272-lora.o
 .bss.RxPacketSnrEstimate
                0x20000444        0x1 obj\release\src\radio\sx1272-lora.o
 *fill*         0x20000445        0x1 
 .bss.RxPacketSize
                0x20000446        0x2 obj\release\src\radio\sx1272-lora.o
 .bss.TxPacketSize
                0x20000448        0x2 obj\release\src\radio\sx1272-lora.o
 .bss.RFLRState
                0x2000044a        0x1 obj\release\src\radio\sx1272-lora.o
 *fill*         0x2000044b        0x1 
 .bss.RxTimeoutTimer
                0x2000044c        0x4 obj\release\src\radio\sx1272-lora.o
 .bss.RxPacketRssiValue
                0x20000450        0x8 obj\release\src\radio\sx1272-lora.o
 .bss.LoRaOn    0x20000458        0x1 obj\release\src\radio\sx1272.o
 .bss.LoRaOnState
                0x20000459        0x1 obj\release\src\radio\sx1272.o
 *fill*         0x2000045a        0x2 
 .bss.TickCounter
                0x2000045c        0x4 obj\release\src\xrange\utility.o
                0x2000045c                TickCounter
 .bss.wCNTR     0x20000460        0x4 obj\release\usb\src\usb_istr.o
                0x20000460                wCNTR
 .bss.bIntPackSOF
                0x20000464        0x1 obj\release\usb\src\usb_istr.o
                0x20000464                bIntPackSOF
 *fill*         0x20000465        0x3 
 .bss.esof_counter
                0x20000468        0x4 obj\release\usb\src\usb_istr.o
                0x20000468                esof_counter
 .bss.Request   0x2000046c        0x1 obj\release\usb\src\usb_prop.o
                0x2000046c                Request
 *fill*         0x2000046d        0x3 
 .bss.bDeviceState
                0x20000470        0x4 obj\release\usb\src\usb_pwr.o
                0x20000470                bDeviceState
 .bss.remotewakeupon
                0x20000474        0x4 obj\release\usb\src\usb_pwr.o
                0x20000474                remotewakeupon
 *(COMMON)
 COMMON         0x20000478        0x2 obj\release\stm32_usb-fs-device_driver\src\usb_core.o
                0x20000478                StatusInfo
 *fill*         0x2000047a        0x2 
 COMMON         0x2000047c       0x32 obj\release\stm32_usb-fs-device_driver\src\usb_init.o
                0x2000047c                SaveState
                0x20000480                pProperty
                0x20000484                EPindex
                0x20000488                Device_Info
                0x200004a4                pUser_Standard_Requests
                0x200004a8                pInformation
                0x200004ac                wInterrupt_Mask
 COMMON         0x200004ae        0x4 obj\release\stm32_usb-fs-device_driver\src\usb_int.o
                0x200004ae                SaveRState
                0x200004b0                SaveTState
 *fill*         0x200004b2        0x2 
 COMMON         0x200004b4       0x18 obj\release\src\radio\radio.o
                0x200004b4                RadioDriver
 COMMON         0x200004cc        0x4 obj\release\src\radio\sx1272-fsk.o
                0x200004cc                SX1272
 COMMON         0x200004d0        0x4 obj\release\src\radio\sx1272-lora.o
                0x200004d0                SX1272LR
 COMMON         0x200004d4       0x70 obj\release\src\radio\sx1272.o
                0x200004d4                SX1272Regs
 COMMON         0x20000544       0x50 obj\release\usb\src\hw_config.o
                0x20000544                HSEStartUpStatus
                0x20000548                Receive_Buffer
                0x20000588                EXTI_InitStructure
                0x20000590                Send_length
 COMMON         0x20000594        0x4 obj\release\usb\src\usb_endp.o
                0x20000594                Receive_length
 COMMON         0x20000598        0x2 obj\release\usb\src\usb_istr.o
                0x20000598                wIstr
 *fill*         0x2000059a        0x2 
 COMMON         0x2000059c       0x24 obj\release\usb\src\usb_pwr.o
                0x2000059c                ResumeS
                0x200005a0                EP
                0x200005c0                __bss_end__ = .

.heap           0x200005c0        0x0
                0x200005c0                __end__ = .
                0x200005c0                end = __end__
 *(.heap*)
 .heap          0x200005c0        0x0 obj\release\src\startup_stm32l1xx_mdp.o
                0x200005c0                __HeapLimit = .

.stack_dummy    0x200005c0      0x100
 *(.stack)
 .stack         0x200005c0      0x100 obj\release\src\startup_stm32l1xx_mdp.o
                0x20002800                __StackTop = (ORIGIN (RAM) + 0x2800)
                0x20002700                __StackLimit = (__StackTop - SIZEOF (.stack_dummy))
                0x20002800                PROVIDE (__stack, __StackTop)
                0x00000001                ASSERT ((__StackLimit >= __HeapLimit), region RAM overflowed with stack)
LOAD obj\release\spl\src\misc.o
LOAD obj\release\spl\src\stm32l1xx_adc.o
LOAD obj\release\spl\src\stm32l1xx_aes.o
LOAD obj\release\spl\src\stm32l1xx_aes_util.o
LOAD obj\release\spl\src\stm32l1xx_comp.o
LOAD obj\release\spl\src\stm32l1xx_crc.o
LOAD obj\release\spl\src\stm32l1xx_dac.o
LOAD obj\release\spl\src\stm32l1xx_dbgmcu.o
LOAD obj\release\spl\src\stm32l1xx_dma.o
LOAD obj\release\spl\src\stm32l1xx_exti.o
LOAD obj\release\spl\src\stm32l1xx_flash.o
LOAD obj\release\spl\src\stm32l1xx_flash_ramfunc.o
LOAD obj\release\spl\src\stm32l1xx_fsmc.o
LOAD obj\release\spl\src\stm32l1xx_gpio.o
LOAD obj\release\spl\src\stm32l1xx_i2c.o
LOAD obj\release\spl\src\stm32l1xx_iwdg.o
LOAD obj\release\spl\src\stm32l1xx_lcd.o
LOAD obj\release\spl\src\stm32l1xx_opamp.o
LOAD obj\release\spl\src\stm32l1xx_pwr.o
LOAD obj\release\spl\src\stm32l1xx_rcc.o
LOAD obj\release\spl\src\stm32l1xx_rtc.o
LOAD obj\release\spl\src\stm32l1xx_sdio.o
LOAD obj\release\spl\src\stm32l1xx_spi.o
LOAD obj\release\spl\src\stm32l1xx_syscfg.o
LOAD obj\release\spl\src\stm32l1xx_tim.o
LOAD obj\release\spl\src\stm32l1xx_usart.o
LOAD obj\release\spl\src\stm32l1xx_wwdg.o
LOAD obj\release\stm32_usb-fs-device_driver\src\usb_core.o
LOAD obj\release\stm32_usb-fs-device_driver\src\usb_init.o
LOAD obj\release\stm32_usb-fs-device_driver\src\usb_int.o
LOAD obj\release\stm32_usb-fs-device_driver\src\usb_mem.o
LOAD obj\release\stm32_usb-fs-device_driver\src\usb_regs.o
LOAD obj\release\stm32_usb-fs-device_driver\src\usb_sil.o
LOAD obj\release\apps\usb-rf\main.o
LOAD obj\release\src\radio\radio.o
LOAD obj\release\src\radio\sx1272-fsk.o
LOAD obj\release\src\radio\sx1272-fskmisc.o
LOAD obj\release\src\radio\sx1272-lora.o
LOAD obj\release\src\radio\sx1272-loramisc.o
LOAD obj\release\src\radio\sx1272.o
LOAD obj\release\src\startup_stm32l1xx_mdp.o
LOAD obj\release\src\system_stm32l1xx.o
LOAD obj\release\src\xrange\xrange-hal.o
LOAD obj\release\src\xrange\led.o
LOAD obj\release\src\xrange\rtc.o
LOAD obj\release\src\xrange\spi.o
LOAD obj\release\src\xrange\stm32fxxx_it.o
LOAD obj\release\src\xrange\sx1272-hal.o
LOAD obj\release\src\xrange\utility.o
LOAD obj\release\usb\src\hw_config.o
LOAD obj\release\usb\src\usb_desc.o
LOAD obj\release\usb\src\usb_endp.o
LOAD obj\release\usb\src\usb_istr.o
LOAD obj\release\usb\src\usb_it.o
LOAD obj\release\usb\src\usb_prop.o
LOAD obj\release\usb\src\usb_pwr.o
LOAD c:/program files (x86)/emblocks/2.30/share/em_armgcc/bin/../lib/gcc/arm-none-eabi/4.7.3/../../../../arm-none-eabi/lib/armv7-m\libm.a
START GROUP
LOAD c:/program files (x86)/emblocks/2.30/share/em_armgcc/bin/../lib/gcc/arm-none-eabi/4.7.3/armv7-m\libgcc.a
LOAD c:/program files (x86)/emblocks/2.30/share/em_armgcc/bin/../lib/gcc/arm-none-eabi/4.7.3/../../../../arm-none-eabi/lib/armv7-m\libc_n.a
LOAD c:/program files (x86)/emblocks/2.30/share/em_armgcc/bin/../lib/gcc/arm-none-eabi/4.7.3/../../../../arm-none-eabi/lib/armv7-m\libg_n.a
LOAD c:/program files (x86)/emblocks/2.30/share/em_armgcc/bin/../lib/gcc/arm-none-eabi/4.7.3/../../../../arm-none-eabi/lib/armv7-m\libnosys.a
END GROUP
LOAD c:/program files (x86)/emblocks/2.30/share/em_armgcc/bin/../lib/gcc/arm-none-eabi/4.7.3/armv7-m/crtend.o
LOAD c:/program files (x86)/emblocks/2.30/share/em_armgcc/bin/../lib/gcc/arm-none-eabi/4.7.3/armv7-m/crtn.o
OUTPUT(bin\Release\XRange-stm32-libs.elf elf32-littlearm)

.ARM.attributes
                0x00000000       0x29
 .ARM.attributes
                0x00000000       0x1d c:/program files (x86)/emblocks/2.30/share/em_armgcc/bin/../lib/gcc/arm-none-eabi/4.7.3/armv7-m/crti.o
 .ARM.attributes
                0x0000001d       0x2d c:/program files (x86)/emblocks/2.30/share/em_armgcc/bin/../lib/gcc/arm-none-eabi/4.7.3/armv7-m/crtbegin.o
 .ARM.attributes
                0x0000004a       0x1b c:/program files (x86)/emblocks/2.30/share/em_armgcc/bin/../lib/gcc/arm-none-eabi/4.7.3/../../../../arm-none-eabi/lib/armv7-m/crt0.o
 .ARM.attributes
                0x00000065       0x33 obj\release\spl\src\misc.o
 .ARM.attributes
                0x00000098       0x33 obj\release\spl\src\stm32l1xx_exti.o
 .ARM.attributes
                0x000000cb       0x33 obj\release\spl\src\stm32l1xx_gpio.o
 .ARM.attributes
                0x000000fe       0x33 obj\release\spl\src\stm32l1xx_rcc.o
 .ARM.attributes
                0x00000131       0x33 obj\release\spl\src\stm32l1xx_spi.o
 .ARM.attributes
                0x00000164       0x33 obj\release\spl\src\stm32l1xx_syscfg.o
 .ARM.attributes
                0x00000197       0x33 obj\release\stm32_usb-fs-device_driver\src\usb_core.o
 .ARM.attributes
                0x000001ca       0x33 obj\release\stm32_usb-fs-device_driver\src\usb_init.o
 .ARM.attributes
                0x000001fd       0x33 obj\release\stm32_usb-fs-device_driver\src\usb_int.o
 .ARM.attributes
                0x00000230       0x33 obj\release\stm32_usb-fs-device_driver\src\usb_mem.o
 .ARM.attributes
                0x00000263       0x33 obj\release\stm32_usb-fs-device_driver\src\usb_regs.o
 .ARM.attributes
                0x00000296       0x33 obj\release\stm32_usb-fs-device_driver\src\usb_sil.o
 .ARM.attributes
                0x000002c9       0x33 obj\release\apps\usb-rf\main.o
 .ARM.attributes
                0x000002fc       0x33 obj\release\src\radio\radio.o
 .ARM.attributes
                0x0000032f       0x33 obj\release\src\radio\sx1272-fsk.o
 .ARM.attributes
                0x00000362       0x33 obj\release\src\radio\sx1272-lora.o
 .ARM.attributes
                0x00000395       0x33 obj\release\src\radio\sx1272-loramisc.o
 .ARM.attributes
                0x000003c8       0x33 obj\release\src\radio\sx1272.o
 .ARM.attributes
                0x000003fb       0x1b obj\release\src\startup_stm32l1xx_mdp.o
 .ARM.attributes
                0x00000416       0x33 obj\release\src\system_stm32l1xx.o
 .ARM.attributes
                0x00000449       0x33 obj\release\src\xrange\xrange-hal.o
 .ARM.attributes
                0x0000047c       0x33 obj\release\src\xrange\led.o
 .ARM.attributes
                0x000004af       0x33 obj\release\src\xrange\spi.o
 .ARM.attributes
                0x000004e2       0x33 obj\release\src\xrange\stm32fxxx_it.o
 .ARM.attributes
                0x00000515       0x33 obj\release\src\xrange\sx1272-hal.o
 .ARM.attributes
                0x00000548       0x33 obj\release\src\xrange\utility.o
 .ARM.attributes
                0x0000057b       0x33 obj\release\usb\src\hw_config.o
 .ARM.attributes
                0x000005ae       0x33 obj\release\usb\src\usb_desc.o
 .ARM.attributes
                0x000005e1       0x33 obj\release\usb\src\usb_endp.o
 .ARM.attributes
                0x00000614       0x33 obj\release\usb\src\usb_istr.o
 .ARM.attributes
                0x00000647       0x33 obj\release\usb\src\usb_it.o
 .ARM.attributes
                0x0000067a       0x33 obj\release\usb\src\usb_prop.o
 .ARM.attributes
                0x000006ad       0x33 obj\release\usb\src\usb_pwr.o
 .ARM.attributes
                0x000006e0       0x2d c:/program files (x86)/emblocks/2.30/share/em_armgcc/bin/../lib/gcc/arm-none-eabi/4.7.3/../../../../arm-none-eabi/lib/armv7-m\libm.a(lib_a-s_round.o)
 .ARM.attributes
                0x0000070d       0x1d c:/program files (x86)/emblocks/2.30/share/em_armgcc/bin/../lib/gcc/arm-none-eabi/4.7.3/armv7-m\libgcc.a(_arm_addsubdf3.o)
 .ARM.attributes
                0x0000072a       0x1d c:/program files (x86)/emblocks/2.30/share/em_armgcc/bin/../lib/gcc/arm-none-eabi/4.7.3/armv7-m\libgcc.a(_arm_muldivdf3.o)
 .ARM.attributes
                0x00000747       0x1d c:/program files (x86)/emblocks/2.30/share/em_armgcc/bin/../lib/gcc/arm-none-eabi/4.7.3/armv7-m\libgcc.a(_arm_fixdfsi.o)
 .ARM.attributes
                0x00000764       0x1d c:/program files (x86)/emblocks/2.30/share/em_armgcc/bin/../lib/gcc/arm-none-eabi/4.7.3/armv7-m\libgcc.a(_arm_fixunsdfsi.o)
 .ARM.attributes
                0x00000781       0x2d c:/program files (x86)/emblocks/2.30/share/em_armgcc/bin/../lib/gcc/arm-none-eabi/4.7.3/../../../../arm-none-eabi/lib/armv7-m\libc_n.a(lib_a-exit.o)
 .ARM.attributes
                0x000007ae       0x2d c:/program files (x86)/emblocks/2.30/share/em_armgcc/bin/../lib/gcc/arm-none-eabi/4.7.3/../../../../arm-none-eabi/lib/armv7-m\libc_n.a(lib_a-impure.o)
 .ARM.attributes
                0x000007db       0x2d c:/program files (x86)/emblocks/2.30/share/em_armgcc/bin/../lib/gcc/arm-none-eabi/4.7.3/../../../../arm-none-eabi/lib/armv7-m\libc_n.a(lib_a-init.o)
 .ARM.attributes
                0x00000808       0x2d c:/program files (x86)/emblocks/2.30/share/em_armgcc/bin/../lib/gcc/arm-none-eabi/4.7.3/../../../../arm-none-eabi/lib/armv7-m\libc_n.a(lib_a-memcpy-stub.o)
 .ARM.attributes
                0x00000835       0x2d c:/program files (x86)/emblocks/2.30/share/em_armgcc/bin/../lib/gcc/arm-none-eabi/4.7.3/../../../../arm-none-eabi/lib/armv7-m\libc_n.a(lib_a-memset.o)
 .ARM.attributes
                0x00000862       0x2d c:/program files (x86)/emblocks/2.30/share/em_armgcc/bin/../lib/gcc/arm-none-eabi/4.7.3/../../../../arm-none-eabi/lib/armv7-m\libnosys.a(_exit.o)
 .ARM.attributes
                0x0000088f       0x2d c:/program files (x86)/emblocks/2.30/share/em_armgcc/bin/../lib/gcc/arm-none-eabi/4.7.3/armv7-m/crtend.o
 .ARM.attributes
                0x000008bc       0x1d c:/program files (x86)/emblocks/2.30/share/em_armgcc/bin/../lib/gcc/arm-none-eabi/4.7.3/armv7-m/crtn.o

.comment        0x00000000       0x38
 .comment       0x00000000       0x38 obj\release\spl\src\misc.o
                                 0x39 (size before relaxing)
 .comment       0x00000000       0x39 obj\release\spl\src\stm32l1xx_exti.o
 .comment       0x00000000       0x39 obj\release\spl\src\stm32l1xx_gpio.o
 .comment       0x00000000       0x39 obj\release\spl\src\stm32l1xx_rcc.o
 .comment       0x00000000       0x39 obj\release\spl\src\stm32l1xx_spi.o
 .comment       0x00000000       0x39 obj\release\spl\src\stm32l1xx_syscfg.o
 .comment       0x00000000       0x39 obj\release\stm32_usb-fs-device_driver\src\usb_core.o
 .comment       0x00000000       0x39 obj\release\stm32_usb-fs-device_driver\src\usb_init.o
 .comment       0x00000000       0x39 obj\release\stm32_usb-fs-device_driver\src\usb_int.o
 .comment       0x00000000       0x39 obj\release\stm32_usb-fs-device_driver\src\usb_mem.o
 .comment       0x00000000       0x39 obj\release\stm32_usb-fs-device_driver\src\usb_regs.o
 .comment       0x00000000       0x39 obj\release\stm32_usb-fs-device_driver\src\usb_sil.o
 .comment       0x00000000       0x39 obj\release\apps\usb-rf\main.o
 .comment       0x00000000       0x39 obj\release\src\radio\radio.o
 .comment       0x00000000       0x39 obj\release\src\radio\sx1272-fsk.o
 .comment       0x00000000       0x39 obj\release\src\radio\sx1272-lora.o
 .comment       0x00000000       0x39 obj\release\src\radio\sx1272-loramisc.o
 .comment       0x00000000       0x39 obj\release\src\radio\sx1272.o
 .comment       0x00000000       0x39 obj\release\src\system_stm32l1xx.o
 .comment       0x00000000       0x39 obj\release\src\xrange\xrange-hal.o
 .comment       0x00000000       0x39 obj\release\src\xrange\led.o
 .comment       0x00000000       0x39 obj\release\src\xrange\spi.o
 .comment       0x00000000       0x39 obj\release\src\xrange\stm32fxxx_it.o
 .comment       0x00000000       0x39 obj\release\src\xrange\sx1272-hal.o
 .comment       0x00000000       0x39 obj\release\src\xrange\utility.o
 .comment       0x00000000       0x39 obj\release\usb\src\hw_config.o
 .comment       0x00000000       0x39 obj\release\usb\src\usb_desc.o
 .comment       0x00000000       0x39 obj\release\usb\src\usb_endp.o
 .comment       0x00000000       0x39 obj\release\usb\src\usb_istr.o
 .comment       0x00000000       0x39 obj\release\usb\src\usb_it.o
 .comment       0x00000000       0x39 obj\release\usb\src\usb_prop.o
 .comment       0x00000000       0x39 obj\release\usb\src\usb_pwr.o

.debug_info     0x00000000     0xf197
 .debug_info    0x00000000      0x5b7 obj\release\spl\src\misc.o
 .debug_info    0x000005b7      0x379 obj\release\spl\src\stm32l1xx_exti.o
 .debug_info    0x00000930      0x85b obj\release\spl\src\stm32l1xx_gpio.o
 .debug_info    0x0000118b      0xb81 obj\release\spl\src\stm32l1xx_rcc.o
 .debug_info    0x00001d0c      0xa8f obj\release\spl\src\stm32l1xx_spi.o
 .debug_info    0x0000279b      0x4d3 obj\release\spl\src\stm32l1xx_syscfg.o
 .debug_info    0x00002c6e      0xf52 obj\release\stm32_usb-fs-device_driver\src\usb_core.o
 .debug_info    0x00003bc0      0x4ba obj\release\stm32_usb-fs-device_driver\src\usb_init.o
 .debug_info    0x0000407a      0x227 obj\release\stm32_usb-fs-device_driver\src\usb_int.o
 .debug_info    0x000042a1      0x1f3 obj\release\stm32_usb-fs-device_driver\src\usb_mem.o
 .debug_info    0x00004494      0xdff obj\release\stm32_usb-fs-device_driver\src\usb_regs.o
 .debug_info    0x00005293      0x2c6 obj\release\stm32_usb-fs-device_driver\src\usb_sil.o
 .debug_info    0x00005559      0x615 obj\release\apps\usb-rf\main.o
 .debug_info    0x00005b6e      0x1ba obj\release\src\radio\radio.o
 .debug_info    0x00005d28     0x121b obj\release\src\radio\sx1272-fsk.o
 .debug_info    0x00006f43     0x130e obj\release\src\radio\sx1272-lora.o
 .debug_info    0x00008251     0x1011 obj\release\src\radio\sx1272-loramisc.o
 .debug_info    0x00009262     0x12c5 obj\release\src\radio\sx1272.o
 .debug_info    0x0000a527       0xba obj\release\src\startup_stm32l1xx_mdp.o
 .debug_info    0x0000a5e1      0x5e5 obj\release\src\system_stm32l1xx.o
 .debug_info    0x0000abc6      0x77c obj\release\src\xrange\xrange-hal.o
 .debug_info    0x0000b342      0x513 obj\release\src\xrange\led.o
 .debug_info    0x0000b855      0x7b7 obj\release\src\xrange\spi.o
 .debug_info    0x0000c00c      0x1a4 obj\release\src\xrange\stm32fxxx_it.o
 .debug_info    0x0000c1b0      0x9f6 obj\release\src\xrange\sx1272-hal.o
 .debug_info    0x0000cba6      0x12a obj\release\src\xrange\utility.o
 .debug_info    0x0000ccd0      0x9cb obj\release\usb\src\hw_config.o
 .debug_info    0x0000d69b      0x18f obj\release\usb\src\usb_desc.o
 .debug_info    0x0000d82a      0x1c9 obj\release\usb\src\usb_endp.o
 .debug_info    0x0000d9f3      0x405 obj\release\usb\src\usb_istr.o
 .debug_info    0x0000ddf8      0x120 obj\release\usb\src\usb_it.o
 .debug_info    0x0000df18      0xc9b obj\release\usb\src\usb_prop.o
 .debug_info    0x0000ebb3      0x5e4 obj\release\usb\src\usb_pwr.o

.debug_abbrev   0x00000000     0x3940
 .debug_abbrev  0x00000000      0x154 obj\release\spl\src\misc.o
 .debug_abbrev  0x00000154      0x1e1 obj\release\spl\src\stm32l1xx_exti.o
 .debug_abbrev  0x00000335      0x22e obj\release\spl\src\stm32l1xx_gpio.o
 .debug_abbrev  0x00000563      0x2b8 obj\release\spl\src\stm32l1xx_rcc.o
 .debug_abbrev  0x0000081b      0x21a obj\release\spl\src\stm32l1xx_spi.o
 .debug_abbrev  0x00000a35      0x1d9 obj\release\spl\src\stm32l1xx_syscfg.o
 .debug_abbrev  0x00000c0e      0x3f5 obj\release\stm32_usb-fs-device_driver\src\usb_core.o
 .debug_abbrev  0x00001003      0x122 obj\release\stm32_usb-fs-device_driver\src\usb_init.o
 .debug_abbrev  0x00001125       0xf0 obj\release\stm32_usb-fs-device_driver\src\usb_int.o
 .debug_abbrev  0x00001215       0xbb obj\release\stm32_usb-fs-device_driver\src\usb_mem.o
 .debug_abbrev  0x000012d0      0x225 obj\release\stm32_usb-fs-device_driver\src\usb_regs.o
 .debug_abbrev  0x000014f5      0x136 obj\release\stm32_usb-fs-device_driver\src\usb_sil.o
 .debug_abbrev  0x0000162b      0x1fb obj\release\apps\usb-rf\main.o
 .debug_abbrev  0x00001826       0xcf obj\release\src\radio\radio.o
 .debug_abbrev  0x000018f5      0x33b obj\release\src\radio\sx1272-fsk.o
 .debug_abbrev  0x00001c30      0x2d7 obj\release\src\radio\sx1272-lora.o
 .debug_abbrev  0x00001f07      0x278 obj\release\src\radio\sx1272-loramisc.o
 .debug_abbrev  0x0000217f      0x266 obj\release\src\radio\sx1272.o
 .debug_abbrev  0x000023e5       0x14 obj\release\src\startup_stm32l1xx_mdp.o
 .debug_abbrev  0x000023f9      0x161 obj\release\src\system_stm32l1xx.o
 .debug_abbrev  0x0000255a      0x1e0 obj\release\src\xrange\xrange-hal.o
 .debug_abbrev  0x0000273a      0x1b9 obj\release\src\xrange\led.o
 .debug_abbrev  0x000028f3      0x1b1 obj\release\src\xrange\spi.o
 .debug_abbrev  0x00002aa4       0xac obj\release\src\xrange\stm32fxxx_it.o
 .debug_abbrev  0x00002b50      0x1ef obj\release\src\xrange\sx1272-hal.o
 .debug_abbrev  0x00002d3f       0x98 obj\release\src\xrange\utility.o
 .debug_abbrev  0x00002dd7      0x2cd obj\release\usb\src\hw_config.o
 .debug_abbrev  0x000030a4       0x75 obj\release\usb\src\usb_desc.o
 .debug_abbrev  0x00003119      0x114 obj\release\usb\src\usb_endp.o
 .debug_abbrev  0x0000322d      0x171 obj\release\usb\src\usb_istr.o
 .debug_abbrev  0x0000339e       0xbc obj\release\usb\src\usb_it.o
 .debug_abbrev  0x0000345a      0x2bd obj\release\usb\src\usb_prop.o
 .debug_abbrev  0x00003717      0x229 obj\release\usb\src\usb_pwr.o

.debug_loc      0x00000000     0x54c8
 .debug_loc     0x00000000      0x15c obj\release\spl\src\misc.o
 .debug_loc     0x0000015c      0x19f obj\release\spl\src\stm32l1xx_exti.o
 .debug_loc     0x000002fb      0x40f obj\release\spl\src\stm32l1xx_gpio.o
 .debug_loc     0x0000070a      0x8c1 obj\release\spl\src\stm32l1xx_rcc.o
 .debug_loc     0x00000fcb      0x539 obj\release\spl\src\stm32l1xx_spi.o
 .debug_loc     0x00001504      0x569 obj\release\spl\src\stm32l1xx_syscfg.o
 .debug_loc     0x00001a6d      0xb2e obj\release\stm32_usb-fs-device_driver\src\usb_core.o
 .debug_loc     0x0000259b       0x20 obj\release\stm32_usb-fs-device_driver\src\usb_init.o
 .debug_loc     0x000025bb      0x15a obj\release\stm32_usb-fs-device_driver\src\usb_int.o
 .debug_loc     0x00002715      0x22c obj\release\stm32_usb-fs-device_driver\src\usb_mem.o
 .debug_loc     0x00002941      0xc9e obj\release\stm32_usb-fs-device_driver\src\usb_regs.o
 .debug_loc     0x000035df      0x135 obj\release\stm32_usb-fs-device_driver\src\usb_sil.o
 .debug_loc     0x00003714       0xc2 obj\release\apps\usb-rf\main.o
 .debug_loc     0x000037d6      0x41f obj\release\src\radio\sx1272-fsk.o
 .debug_loc     0x00003bf5      0x313 obj\release\src\radio\sx1272-lora.o
 .debug_loc     0x00003f08      0x67b obj\release\src\radio\sx1272-loramisc.o
 .debug_loc     0x00004583      0x22e obj\release\src\radio\sx1272.o
 .debug_loc     0x000047b1      0x18a obj\release\src\system_stm32l1xx.o
 .debug_loc     0x0000493b       0x20 obj\release\src\xrange\xrange-hal.o
 .debug_loc     0x0000495b       0x8f obj\release\src\xrange\led.o
 .debug_loc     0x000049ea       0x6d obj\release\src\xrange\spi.o
 .debug_loc     0x00004a57      0x34f obj\release\src\xrange\sx1272-hal.o
 .debug_loc     0x00004da6       0x21 obj\release\src\xrange\utility.o
 .debug_loc     0x00004dc7      0x1e9 obj\release\usb\src\hw_config.o
 .debug_loc     0x00004fb0       0x20 obj\release\usb\src\usb_endp.o
 .debug_loc     0x00004fd0       0x6e obj\release\usb\src\usb_istr.o
 .debug_loc     0x0000503e      0x244 obj\release\usb\src\usb_prop.o
 .debug_loc     0x00005282      0x246 obj\release\usb\src\usb_pwr.o

.debug_aranges  0x00000000      0xe20
 .debug_aranges
                0x00000000       0x40 obj\release\spl\src\misc.o
 .debug_aranges
                0x00000040       0x58 obj\release\spl\src\stm32l1xx_exti.o
 .debug_aranges
                0x00000098       0x88 obj\release\spl\src\stm32l1xx_gpio.o
 .debug_aranges
                0x00000120      0x148 obj\release\spl\src\stm32l1xx_rcc.o
 .debug_aranges
                0x00000268       0xd0 obj\release\spl\src\stm32l1xx_spi.o
 .debug_aranges
                0x00000338       0x80 obj\release\spl\src\stm32l1xx_syscfg.o
 .debug_aranges
                0x000003b8       0x98 obj\release\stm32_usb-fs-device_driver\src\usb_core.o
 .debug_aranges
                0x00000450       0x20 obj\release\stm32_usb-fs-device_driver\src\usb_init.o
 .debug_aranges
                0x00000470       0x28 obj\release\stm32_usb-fs-device_driver\src\usb_int.o
 .debug_aranges
                0x00000498       0x28 obj\release\stm32_usb-fs-device_driver\src\usb_mem.o
 .debug_aranges
                0x000004c0      0x1f0 obj\release\stm32_usb-fs-device_driver\src\usb_regs.o
 .debug_aranges
                0x000006b0       0x30 obj\release\stm32_usb-fs-device_driver\src\usb_sil.o
 .debug_aranges
                0x000006e0       0x38 obj\release\apps\usb-rf\main.o
 .debug_aranges
                0x00000718       0x20 obj\release\src\radio\radio.o
 .debug_aranges
                0x00000738       0xb0 obj\release\src\radio\sx1272-fsk.o
 .debug_aranges
                0x000007e8       0x98 obj\release\src\radio\sx1272-lora.o
 .debug_aranges
                0x00000880      0x158 obj\release\src\radio\sx1272-loramisc.o
 .debug_aranges
                0x000009d8       0xa8 obj\release\src\radio\sx1272.o
 .debug_aranges
                0x00000a80       0x20 obj\release\src\startup_stm32l1xx_mdp.o
 .debug_aranges
                0x00000aa0       0x28 obj\release\src\system_stm32l1xx.o
 .debug_aranges
                0x00000ac8       0x20 obj\release\src\xrange\xrange-hal.o
 .debug_aranges
                0x00000ae8       0x38 obj\release\src\xrange\led.o
 .debug_aranges
                0x00000b20       0x28 obj\release\src\xrange\spi.o
 .debug_aranges
                0x00000b48       0x60 obj\release\src\xrange\stm32fxxx_it.o
 .debug_aranges
                0x00000ba8       0x98 obj\release\src\xrange\sx1272-hal.o
 .debug_aranges
                0x00000c40       0x28 obj\release\src\xrange\utility.o
 .debug_aranges
                0x00000c68       0x68 obj\release\usb\src\hw_config.o
 .debug_aranges
                0x00000cd0       0x18 obj\release\usb\src\usb_desc.o
 .debug_aranges
                0x00000ce8       0x28 obj\release\usb\src\usb_endp.o
 .debug_aranges
                0x00000d10       0x20 obj\release\usb\src\usb_istr.o
 .debug_aranges
                0x00000d30       0x28 obj\release\usb\src\usb_it.o
 .debug_aranges
                0x00000d58       0x88 obj\release\usb\src\usb_prop.o
 .debug_aranges
                0x00000de0       0x40 obj\release\usb\src\usb_pwr.o

.debug_ranges   0x00000000      0xf78
 .debug_ranges  0x00000000       0x30 obj\release\spl\src\misc.o
 .debug_ranges  0x00000030       0x48 obj\release\spl\src\stm32l1xx_exti.o
 .debug_ranges  0x00000078       0x78 obj\release\spl\src\stm32l1xx_gpio.o
 .debug_ranges  0x000000f0      0x168 obj\release\spl\src\stm32l1xx_rcc.o
 .debug_ranges  0x00000258       0xc0 obj\release\spl\src\stm32l1xx_spi.o
 .debug_ranges  0x00000318       0x70 obj\release\spl\src\stm32l1xx_syscfg.o
 .debug_ranges  0x00000388      0x288 obj\release\stm32_usb-fs-device_driver\src\usb_core.o
 .debug_ranges  0x00000610       0x10 obj\release\stm32_usb-fs-device_driver\src\usb_init.o
 .debug_ranges  0x00000620       0x30 obj\release\stm32_usb-fs-device_driver\src\usb_int.o
 .debug_ranges  0x00000650       0x18 obj\release\stm32_usb-fs-device_driver\src\usb_mem.o
 .debug_ranges  0x00000668      0x290 obj\release\stm32_usb-fs-device_driver\src\usb_regs.o
 .debug_ranges  0x000008f8       0x20 obj\release\stm32_usb-fs-device_driver\src\usb_sil.o
 .debug_ranges  0x00000918       0x28 obj\release\apps\usb-rf\main.o
 .debug_ranges  0x00000940       0x10 obj\release\src\radio\radio.o
 .debug_ranges  0x00000950       0xa0 obj\release\src\radio\sx1272-fsk.o
 .debug_ranges  0x000009f0       0xa0 obj\release\src\radio\sx1272-lora.o
 .debug_ranges  0x00000a90      0x148 obj\release\src\radio\sx1272-loramisc.o
 .debug_ranges  0x00000bd8       0x98 obj\release\src\radio\sx1272.o
 .debug_ranges  0x00000c70       0x58 obj\release\src\system_stm32l1xx.o
 .debug_ranges  0x00000cc8       0x40 obj\release\src\xrange\xrange-hal.o
 .debug_ranges  0x00000d08       0x28 obj\release\src\xrange\led.o
 .debug_ranges  0x00000d30       0x18 obj\release\src\xrange\spi.o
 .debug_ranges  0x00000d48       0x50 obj\release\src\xrange\stm32fxxx_it.o
 .debug_ranges  0x00000d98       0x88 obj\release\src\xrange\sx1272-hal.o
 .debug_ranges  0x00000e20       0x18 obj\release\src\xrange\utility.o
 .debug_ranges  0x00000e38       0x58 obj\release\usb\src\hw_config.o
 .debug_ranges  0x00000e90       0x18 obj\release\usb\src\usb_endp.o
 .debug_ranges  0x00000ea8       0x10 obj\release\usb\src\usb_istr.o
 .debug_ranges  0x00000eb8       0x18 obj\release\usb\src\usb_it.o
 .debug_ranges  0x00000ed0       0x78 obj\release\usb\src\usb_prop.o
 .debug_ranges  0x00000f48       0x30 obj\release\usb\src\usb_pwr.o

.debug_line     0x00000000     0x63a0
 .debug_line    0x00000000      0x21c obj\release\spl\src\misc.o
 .debug_line    0x0000021c      0x26b obj\release\spl\src\stm32l1xx_exti.o
 .debug_line    0x00000487      0x348 obj\release\spl\src\stm32l1xx_gpio.o
 .debug_line    0x000007cf      0x4d9 obj\release\spl\src\stm32l1xx_rcc.o
 .debug_line    0x00000ca8      0x413 obj\release\spl\src\stm32l1xx_spi.o
 .debug_line    0x000010bb      0x317 obj\release\spl\src\stm32l1xx_syscfg.o
 .debug_line    0x000013d2      0x5ae obj\release\stm32_usb-fs-device_driver\src\usb_core.o
 .debug_line    0x00001980      0x1d6 obj\release\stm32_usb-fs-device_driver\src\usb_init.o
 .debug_line    0x00001b56      0x2a2 obj\release\stm32_usb-fs-device_driver\src\usb_int.o
 .debug_line    0x00001df8      0x1de obj\release\stm32_usb-fs-device_driver\src\usb_mem.o
 .debug_line    0x00001fd6      0x7ca obj\release\stm32_usb-fs-device_driver\src\usb_regs.o
 .debug_line    0x000027a0      0x21b obj\release\stm32_usb-fs-device_driver\src\usb_sil.o
 .debug_line    0x000029bb      0x2c1 obj\release\apps\usb-rf\main.o
 .debug_line    0x00002c7c      0x195 obj\release\src\radio\radio.o
 .debug_line    0x00002e11      0x55f obj\release\src\radio\sx1272-fsk.o
 .debug_line    0x00003370      0x51a obj\release\src\radio\sx1272-lora.o
 .debug_line    0x0000388a      0x516 obj\release\src\radio\sx1272-loramisc.o
 .debug_line    0x00003da0      0x382 obj\release\src\radio\sx1272.o
 .debug_line    0x00004122       0xba obj\release\src\startup_stm32l1xx_mdp.o
 .debug_line    0x000041dc      0x228 obj\release\src\system_stm32l1xx.o
 .debug_line    0x00004404      0x21c obj\release\src\xrange\xrange-hal.o
 .debug_line    0x00004620      0x220 obj\release\src\xrange\led.o
 .debug_line    0x00004840      0x238 obj\release\src\xrange\spi.o
 .debug_line    0x00004a78      0x228 obj\release\src\xrange\stm32fxxx_it.o
 .debug_line    0x00004ca0      0x3c0 obj\release\src\xrange\sx1272-hal.o
 .debug_line    0x00005060      0x184 obj\release\src\xrange\utility.o
 .debug_line    0x000051e4      0x38c obj\release\usb\src\hw_config.o
 .debug_line    0x00005570      0x171 obj\release\usb\src\usb_desc.o
 .debug_line    0x000056e1      0x1df obj\release\usb\src\usb_endp.o
 .debug_line    0x000058c0      0x274 obj\release\usb\src\usb_istr.o
 .debug_line    0x00005b34      0x1d4 obj\release\usb\src\usb_it.o
 .debug_line    0x00005d08      0x375 obj\release\usb\src\usb_prop.o
 .debug_line    0x0000607d      0x323 obj\release\usb\src\usb_pwr.o

.debug_str      0x00000000     0x4318
 .debug_str     0x00000000      0x344 obj\release\spl\src\misc.o
                                0x3a5 (size before relaxing)
 .debug_str     0x00000344      0x1ac obj\release\spl\src\stm32l1xx_exti.o
                                0x323 (size before relaxing)
 .debug_str     0x000004f0      0x322 obj\release\spl\src\stm32l1xx_gpio.o
                                0x4c8 (size before relaxing)
 .debug_str     0x00000812      0x4de obj\release\spl\src\stm32l1xx_rcc.o
                                0x6e6 (size before relaxing)
 .debug_str     0x00000cf0      0x37e obj\release\spl\src\stm32l1xx_spi.o
                                0x613 (size before relaxing)
 .debug_str     0x0000106e      0x25d obj\release\spl\src\stm32l1xx_syscfg.o
                                0x407 (size before relaxing)
 .debug_str     0x000012cb      0x829 obj\release\stm32_usb-fs-device_driver\src\usb_core.o
                                0xae2 (size before relaxing)
 .debug_str     0x00001af4       0x67 obj\release\stm32_usb-fs-device_driver\src\usb_init.o
                                0x52b (size before relaxing)
 .debug_str     0x00001b5b       0x5f obj\release\stm32_usb-fs-device_driver\src\usb_int.o
                                0x212 (size before relaxing)
 .debug_str     0x00001bba       0x5f obj\release\stm32_usb-fs-device_driver\src\usb_mem.o
                                0x1eb (size before relaxing)
 .debug_str     0x00001c19      0x390 obj\release\stm32_usb-fs-device_driver\src\usb_regs.o
                                0x573 (size before relaxing)
 .debug_str     0x00001fa9       0x85 obj\release\stm32_usb-fs-device_driver\src\usb_sil.o
                                0x253 (size before relaxing)
 .debug_str     0x0000202e      0x23b obj\release\apps\usb-rf\main.o
                                0x49e (size before relaxing)
 .debug_str     0x00002269       0x18 obj\release\src\radio\radio.o
                                0x1d3 (size before relaxing)
 .debug_str     0x00002281      0xa00 obj\release\src\radio\sx1272-fsk.o
                                0xc72 (size before relaxing)
 .debug_str     0x00002c81      0x61a obj\release\src\radio\sx1272-lora.o
                                0xc22 (size before relaxing)
 .debug_str     0x0000329b      0x331 obj\release\src\radio\sx1272-loramisc.o
                                0xacb (size before relaxing)
 .debug_str     0x000035cc      0x15b obj\release\src\radio\sx1272.o
                                0xdd6 (size before relaxing)
 .debug_str     0x00003727       0xb1 obj\release\src\system_stm32l1xx.o
                                0x332 (size before relaxing)
 .debug_str     0x000037d8      0x39f obj\release\src\xrange\xrange-hal.o
                                0x615 (size before relaxing)
 .debug_str     0x00003b77       0x4a obj\release\src\xrange\led.o
                                0x3de (size before relaxing)
 .debug_str     0x00003bc1       0x3a obj\release\src\xrange\spi.o
                                0x51d (size before relaxing)
 .debug_str     0x00003bfb       0xb7 obj\release\src\xrange\stm32fxxx_it.o
                                0x206 (size before relaxing)
 .debug_str     0x00003cb2       0x50 obj\release\src\xrange\sx1272-hal.o
                                0x4fd (size before relaxing)
 .debug_str     0x00003d02       0x35 obj\release\src\xrange\utility.o
                                0x179 (size before relaxing)
 .debug_str     0x00003d37      0x10f obj\release\usb\src\hw_config.o
                                0x9fb (size before relaxing)
 .debug_str     0x00003e46       0xb8 obj\release\usb\src\usb_desc.o
                                0x212 (size before relaxing)
 .debug_str     0x00003efe       0x3a obj\release\usb\src\usb_endp.o
                                0x1f8 (size before relaxing)
 .debug_str     0x00003f38       0xd5 obj\release\usb\src\usb_istr.o
                                0x3b8 (size before relaxing)
 .debug_str     0x0000400d       0x40 obj\release\usb\src\usb_it.o
                                0x19e (size before relaxing)
 .debug_str     0x0000404d      0x25f obj\release\usb\src\usb_prop.o
                                0xa04 (size before relaxing)
 .debug_str     0x000042ac       0x6c obj\release\usb\src\usb_pwr.o
                                0x3fa (size before relaxing)

.debug_frame    0x00000000     0x1dd4
 .debug_frame   0x00000000       0x68 obj\release\spl\src\misc.o
 .debug_frame   0x00000068       0x98 obj\release\spl\src\stm32l1xx_exti.o
 .debug_frame   0x00000100      0x114 obj\release\spl\src\stm32l1xx_gpio.o
 .debug_frame   0x00000214      0x27c obj\release\spl\src\stm32l1xx_rcc.o
 .debug_frame   0x00000490      0x1ac obj\release\spl\src\stm32l1xx_spi.o
 .debug_frame   0x0000063c       0xf0 obj\release\spl\src\stm32l1xx_syscfg.o
 .debug_frame   0x0000072c      0x1ac obj\release\stm32_usb-fs-device_driver\src\usb_core.o
 .debug_frame   0x000008d8       0x28 obj\release\stm32_usb-fs-device_driver\src\usb_init.o
 .debug_frame   0x00000900       0x5c obj\release\stm32_usb-fs-device_driver\src\usb_int.o
 .debug_frame   0x0000095c       0x38 obj\release\stm32_usb-fs-device_driver\src\usb_mem.o
 .debug_frame   0x00000994      0x3e0 obj\release\stm32_usb-fs-device_driver\src\usb_regs.o
 .debug_frame   0x00000d74       0x60 obj\release\stm32_usb-fs-device_driver\src\usb_sil.o
 .debug_frame   0x00000dd4       0x80 obj\release\apps\usb-rf\main.o
 .debug_frame   0x00000e54       0x20 obj\release\src\radio\radio.o
 .debug_frame   0x00000e74      0x1a4 obj\release\src\radio\sx1272-fsk.o
 .debug_frame   0x00001018      0x178 obj\release\src\radio\sx1272-lora.o
 .debug_frame   0x00001190      0x3c4 obj\release\src\radio\sx1272-loramisc.o
 .debug_frame   0x00001554      0x148 obj\release\src\radio\sx1272.o
 .debug_frame   0x0000169c       0x34 obj\release\src\system_stm32l1xx.o
 .debug_frame   0x000016d0       0x28 obj\release\src\xrange\xrange-hal.o
 .debug_frame   0x000016f8       0x60 obj\release\src\xrange\led.o
 .debug_frame   0x00001758       0x48 obj\release\src\xrange\spi.o
 .debug_frame   0x000017a0       0xa0 obj\release\src\xrange\stm32fxxx_it.o
 .debug_frame   0x00001840      0x15c obj\release\src\xrange\sx1272-hal.o
 .debug_frame   0x0000199c       0x30 obj\release\src\xrange\utility.o
 .debug_frame   0x000019cc       0xe8 obj\release\usb\src\hw_config.o
 .debug_frame   0x00001ab4       0x38 obj\release\usb\src\usb_endp.o
 .debug_frame   0x00001aec       0x30 obj\release\usb\src\usb_istr.o
 .debug_frame   0x00001b1c       0x30 obj\release\usb\src\usb_it.o
 .debug_frame   0x00001b4c      0x108 obj\release\usb\src\usb_prop.o
 .debug_frame   0x00001c54       0x94 obj\release\usb\src\usb_pwr.o
 .debug_frame   0x00001ce8       0x30 c:/program files (x86)/emblocks/2.30/share/em_armgcc/bin/../lib/gcc/arm-none-eabi/4.7.3/../../../../arm-none-eabi/lib/armv7-m\libm.a(lib_a-s_round.o)
 .debug_frame   0x00001d18       0x28 c:/program files (x86)/emblocks/2.30/share/em_armgcc/bin/../lib/gcc/arm-none-eabi/4.7.3/../../../../arm-none-eabi/lib/armv7-m\libc_n.a(lib_a-exit.o)
 .debug_frame   0x00001d40       0x2c c:/program files (x86)/emblocks/2.30/share/em_armgcc/bin/../lib/gcc/arm-none-eabi/4.7.3/../../../../arm-none-eabi/lib/armv7-m\libc_n.a(lib_a-init.o)
 .debug_frame   0x00001d6c       0x28 c:/program files (x86)/emblocks/2.30/share/em_armgcc/bin/../lib/gcc/arm-none-eabi/4.7.3/../../../../arm-none-eabi/lib/armv7-m\libc_n.a(lib_a-memcpy-stub.o)
 .debug_frame   0x00001d94       0x20 c:/program files (x86)/emblocks/2.30/share/em_armgcc/bin/../lib/gcc/arm-none-eabi/4.7.3/../../../../arm-none-eabi/lib/armv7-m\libc_n.a(lib_a-memset.o)
 .debug_frame   0x00001db4       0x20 c:/program files (x86)/emblocks/2.30/share/em_armgcc/bin/../lib/gcc/arm-none-eabi/4.7.3/../../../../arm-none-eabi/lib/armv7-m\libnosys.a(_exit.o)
